Archive member included to satisfy reference by file (symbol)

D:\Users\Tyler\Documents\tyler\School\University of Toronto\CAN-RGX\CANRGX-Embedded\MPUTest\Lib\libarm_cortexM4lf_math.a(arm_pid_init_f32.o)
                              Src/freertos.o (arm_pid_init_f32)
d:/ac6/systemworkbench/plugins/fr.ac6.mcu.externaltools.arm-none.win32_1.15.0.201708311556/tools/compiler/bin/../lib/gcc/arm-none-eabi/6.3.1/../../../../arm-none-eabi/lib/thumb/v7e-m/fpv4-sp/hard\libm.a(lib_a-sf_cos.o)
                              Src/freertos.o (cosf)
d:/ac6/systemworkbench/plugins/fr.ac6.mcu.externaltools.arm-none.win32_1.15.0.201708311556/tools/compiler/bin/../lib/gcc/arm-none-eabi/6.3.1/../../../../arm-none-eabi/lib/thumb/v7e-m/fpv4-sp/hard\libm.a(lib_a-sf_sin.o)
                              Src/freertos.o (sinf)
d:/ac6/systemworkbench/plugins/fr.ac6.mcu.externaltools.arm-none.win32_1.15.0.201708311556/tools/compiler/bin/../lib/gcc/arm-none-eabi/6.3.1/../../../../arm-none-eabi/lib/thumb/v7e-m/fpv4-sp/hard\libm.a(lib_a-w_sqrt.o)
                              Src/freertos.o (sqrt)
d:/ac6/systemworkbench/plugins/fr.ac6.mcu.externaltools.arm-none.win32_1.15.0.201708311556/tools/compiler/bin/../lib/gcc/arm-none-eabi/6.3.1/../../../../arm-none-eabi/lib/thumb/v7e-m/fpv4-sp/hard\libm.a(lib_a-e_sqrt.o)
                              d:/ac6/systemworkbench/plugins/fr.ac6.mcu.externaltools.arm-none.win32_1.15.0.201708311556/tools/compiler/bin/../lib/gcc/arm-none-eabi/6.3.1/../../../../arm-none-eabi/lib/thumb/v7e-m/fpv4-sp/hard\libm.a(lib_a-w_sqrt.o) (__ieee754_sqrt)
d:/ac6/systemworkbench/plugins/fr.ac6.mcu.externaltools.arm-none.win32_1.15.0.201708311556/tools/compiler/bin/../lib/gcc/arm-none-eabi/6.3.1/../../../../arm-none-eabi/lib/thumb/v7e-m/fpv4-sp/hard\libm.a(lib_a-ef_rem_pio2.o)
                              d:/ac6/systemworkbench/plugins/fr.ac6.mcu.externaltools.arm-none.win32_1.15.0.201708311556/tools/compiler/bin/../lib/gcc/arm-none-eabi/6.3.1/../../../../arm-none-eabi/lib/thumb/v7e-m/fpv4-sp/hard\libm.a(lib_a-sf_cos.o) (__ieee754_rem_pio2f)
d:/ac6/systemworkbench/plugins/fr.ac6.mcu.externaltools.arm-none.win32_1.15.0.201708311556/tools/compiler/bin/../lib/gcc/arm-none-eabi/6.3.1/../../../../arm-none-eabi/lib/thumb/v7e-m/fpv4-sp/hard\libm.a(lib_a-kf_cos.o)
                              d:/ac6/systemworkbench/plugins/fr.ac6.mcu.externaltools.arm-none.win32_1.15.0.201708311556/tools/compiler/bin/../lib/gcc/arm-none-eabi/6.3.1/../../../../arm-none-eabi/lib/thumb/v7e-m/fpv4-sp/hard\libm.a(lib_a-sf_cos.o) (__kernel_cosf)
d:/ac6/systemworkbench/plugins/fr.ac6.mcu.externaltools.arm-none.win32_1.15.0.201708311556/tools/compiler/bin/../lib/gcc/arm-none-eabi/6.3.1/../../../../arm-none-eabi/lib/thumb/v7e-m/fpv4-sp/hard\libm.a(lib_a-kf_rem_pio2.o)
                              d:/ac6/systemworkbench/plugins/fr.ac6.mcu.externaltools.arm-none.win32_1.15.0.201708311556/tools/compiler/bin/../lib/gcc/arm-none-eabi/6.3.1/../../../../arm-none-eabi/lib/thumb/v7e-m/fpv4-sp/hard\libm.a(lib_a-ef_rem_pio2.o) (__kernel_rem_pio2f)
d:/ac6/systemworkbench/plugins/fr.ac6.mcu.externaltools.arm-none.win32_1.15.0.201708311556/tools/compiler/bin/../lib/gcc/arm-none-eabi/6.3.1/../../../../arm-none-eabi/lib/thumb/v7e-m/fpv4-sp/hard\libm.a(lib_a-kf_sin.o)
                              d:/ac6/systemworkbench/plugins/fr.ac6.mcu.externaltools.arm-none.win32_1.15.0.201708311556/tools/compiler/bin/../lib/gcc/arm-none-eabi/6.3.1/../../../../arm-none-eabi/lib/thumb/v7e-m/fpv4-sp/hard\libm.a(lib_a-sf_cos.o) (__kernel_sinf)
d:/ac6/systemworkbench/plugins/fr.ac6.mcu.externaltools.arm-none.win32_1.15.0.201708311556/tools/compiler/bin/../lib/gcc/arm-none-eabi/6.3.1/../../../../arm-none-eabi/lib/thumb/v7e-m/fpv4-sp/hard\libm.a(lib_a-s_lib_ver.o)
                              d:/ac6/systemworkbench/plugins/fr.ac6.mcu.externaltools.arm-none.win32_1.15.0.201708311556/tools/compiler/bin/../lib/gcc/arm-none-eabi/6.3.1/../../../../arm-none-eabi/lib/thumb/v7e-m/fpv4-sp/hard\libm.a(lib_a-w_sqrt.o) (__fdlib_version)
d:/ac6/systemworkbench/plugins/fr.ac6.mcu.externaltools.arm-none.win32_1.15.0.201708311556/tools/compiler/bin/../lib/gcc/arm-none-eabi/6.3.1/../../../../arm-none-eabi/lib/thumb/v7e-m/fpv4-sp/hard\libm.a(lib_a-s_matherr.o)
                              d:/ac6/systemworkbench/plugins/fr.ac6.mcu.externaltools.arm-none.win32_1.15.0.201708311556/tools/compiler/bin/../lib/gcc/arm-none-eabi/6.3.1/../../../../arm-none-eabi/lib/thumb/v7e-m/fpv4-sp/hard\libm.a(lib_a-w_sqrt.o) (matherr)
d:/ac6/systemworkbench/plugins/fr.ac6.mcu.externaltools.arm-none.win32_1.15.0.201708311556/tools/compiler/bin/../lib/gcc/arm-none-eabi/6.3.1/../../../../arm-none-eabi/lib/thumb/v7e-m/fpv4-sp/hard\libm.a(lib_a-sf_fabs.o)
                              d:/ac6/systemworkbench/plugins/fr.ac6.mcu.externaltools.arm-none.win32_1.15.0.201708311556/tools/compiler/bin/../lib/gcc/arm-none-eabi/6.3.1/../../../../arm-none-eabi/lib/thumb/v7e-m/fpv4-sp/hard\libm.a(lib_a-ef_rem_pio2.o) (fabsf)
[...]
Memory Configuration

Name             Origin             Length             Attributes
RAM              0x20000000         0x00020000         xrw
FLASH            0x08000000         0x00080000         xr
*default*        0x00000000         0xffffffff

Linker script and memory map

LOAD d:/ac6/systemworkbench/plugins/fr.ac6.mcu.externaltools.arm-none.win32_1.15.0.201708311556/tools/compiler/bin/../lib/gcc/arm-none-eabi/6.3.1/thumb/v7e-m/fpv4-sp/hard/crti.o
LOAD d:/ac6/systemworkbench/plugins/fr.ac6.mcu.externaltools.arm-none.win32_1.15.0.201708311556/tools/compiler/bin/../lib/gcc/arm-none-eabi/6.3.1/thumb/v7e-m/fpv4-sp/hard/crtbegin.o
LOAD d:/ac6/systemworkbench/plugins/fr.ac6.mcu.externaltools.arm-none.win32_1.15.0.201708311556/tools/compiler/bin/../lib/gcc/arm-none-eabi/6.3.1/../../../../arm-none-eabi/lib/thumb/v7e-m/fpv4-sp/hard/crt0.o
LOAD Drivers/MPU9250/MPU9250.o
LOAD Drivers/STM32F4xx_HAL_Driver/Src/stm32f4xx_hal.o
LOAD Drivers/STM32F4xx_HAL_Driver/Src/stm32f4xx_hal_adc.o
LOAD Drivers/STM32F4xx_HAL_Driver/Src/stm32f4xx_hal_adc_ex.o
LOAD Drivers/STM32F4xx_HAL_Driver/Src/stm32f4xx_hal_cortex.o
LOAD Drivers/STM32F4xx_HAL_Driver/Src/stm32f4xx_hal_dma.o
LOAD Drivers/STM32F4xx_HAL_Driver/Src/stm32f4xx_hal_dma_ex.o
LOAD Drivers/STM32F4xx_HAL_Driver/Src/stm32f4xx_hal_flash.o
LOAD Drivers/STM32F4xx_HAL_Driver/Src/stm32f4xx_hal_flash_ex.o
LOAD Drivers/STM32F4xx_HAL_Driver/Src/stm32f4xx_hal_flash_ramfunc.o
LOAD Drivers/STM32F4xx_HAL_Driver/Src/stm32f4xx_hal_gpio.o
LOAD Drivers/STM32F4xx_HAL_Driver/Src/stm32f4xx_hal_i2c.o
LOAD Drivers/STM32F4xx_HAL_Driver/Src/stm32f4xx_hal_i2c_ex.o
LOAD Drivers/STM32F4xx_HAL_Driver/Src/stm32f4xx_hal_pwr.o
LOAD Drivers/STM32F4xx_HAL_Driver/Src/stm32f4xx_hal_pwr_ex.o
LOAD Drivers/STM32F4xx_HAL_Driver/Src/stm32f4xx_hal_rcc.o
LOAD Drivers/STM32F4xx_HAL_Driver/Src/stm32f4xx_hal_rcc_ex.o
LOAD Drivers/STM32F4xx_HAL_Driver/Src/stm32f4xx_hal_rtc.o
LOAD Drivers/STM32F4xx_HAL_Driver/Src/stm32f4xx_hal_rtc_ex.o
LOAD Drivers/STM32F4xx_HAL_Driver/Src/stm32f4xx_hal_spi.o
LOAD Drivers/STM32F4xx_HAL_Driver/Src/stm32f4xx_hal_tim.o
LOAD Drivers/STM32F4xx_HAL_Driver/Src/stm32f4xx_hal_tim_ex.o
LOAD Drivers/STM32F4xx_HAL_Driver/Src/stm32f4xx_hal_uart.o
LOAD Middlewares/Third_Party/FreeRTOS/Source/CMSIS_RTOS/cmsis_os.o
LOAD Middlewares/Third_Party/FreeRTOS/Source/croutine.o
LOAD Middlewares/Third_Party/FreeRTOS/Source/event_groups.o
LOAD Middlewares/Third_Party/FreeRTOS/Source/list.o
LOAD Middlewares/Third_Party/FreeRTOS/Source/queue.o
LOAD Middlewares/Third_Party/FreeRTOS/Source/tasks.o
LOAD Middlewares/Third_Party/FreeRTOS/Source/timers.o
LOAD Middlewares/Third_Party/FreeRTOS/Source/portable/GCC/ARM_CM4F/port.o
LOAD Middlewares/Third_Party/FreeRTOS/Source/portable/MemMang/heap_4.o
LOAD Src/adc.o
LOAD Src/dma.o
LOAD Src/freertos.o
LOAD Src/gpio.o
LOAD Src/i2c.o
LOAD Src/main.o
LOAD Src/rtc.o
LOAD Src/spi.o
LOAD Src/stm32f4xx_hal_msp.o
LOAD Src/stm32f4xx_hal_timebase_TIM.o
LOAD Src/stm32f4xx_it.o
LOAD Src/system_stm32f4xx.o
LOAD Src/tim.o
LOAD Src/usart.o
LOAD startup/startup_stm32f446xx.o
LOAD D:\Users\Tyler\Documents\tyler\School\University of Toronto\CAN-RGX\CANRGX-Embedded\MPUTest\Lib\libarm_cortexM4lf_math.a
LOAD d:/ac6/systemworkbench/plugins/fr.ac6.mcu.externaltools.arm-none.win32_1.15.0.201708311556/tools/compiler/bin/../lib/gcc/arm-none-eabi/6.3.1/../../../../arm-none-eabi/lib/thumb/v7e-m/fpv4-sp/hard\libm.a
START GROUP
LOAD d:/ac6/systemworkbench/plugins/fr.ac6.mcu.externaltools.arm-none.win32_1.15.0.201708311556/tools/compiler/bin/../lib/gcc/arm-none-eabi/6.3.1/thumb/v7e-m/fpv4-sp/hard\libgcc.a
LOAD d:/ac6/systemworkbench/plugins/fr.ac6.mcu.externaltools.arm-none.win32_1.15.0.201708311556/tools/compiler/bin/../lib/gcc/arm-none-eabi/6.3.1/../../../../arm-none-eabi/lib/thumb/v7e-m/fpv4-sp/hard\libc_nano.a
END GROUP
START GROUP
LOAD d:/ac6/systemworkbench/plugins/fr.ac6.mcu.externaltools.arm-none.win32_1.15.0.201708311556/tools/compiler/bin/../lib/gcc/arm-none-eabi/6.3.1/thumb/v7e-m/fpv4-sp/hard\libgcc.a
LOAD d:/ac6/systemworkbench/plugins/fr.ac6.mcu.externaltools.arm-none.win32_1.15.0.201708311556/tools/compiler/bin/../lib/gcc/arm-none-eabi/6.3.1/../../../../arm-none-eabi/lib/thumb/v7e-m/fpv4-sp/hard\libc_nano.a
LOAD d:/ac6/systemworkbench/plugins/fr.ac6.mcu.externaltools.arm-none.win32_1.15.0.201708311556/tools/compiler/bin/../lib/gcc/arm-none-eabi/6.3.1/../../../../arm-none-eabi/lib/thumb/v7e-m/fpv4-sp/hard\libnosys.a
END GROUP
START GROUP
LOAD d:/ac6/systemworkbench/plugins/fr.ac6.mcu.externaltools.arm-none.win32_1.15.0.201708311556/tools/compiler/bin/../lib/gcc/arm-none-eabi/6.3.1/thumb/v7e-m/fpv4-sp/hard\libgcc.a
LOAD d:/ac6/systemworkbench/plugins/fr.ac6.mcu.externaltools.arm-none.win32_1.15.0.201708311556/tools/compiler/bin/../lib/gcc/arm-none-eabi/6.3.1/../../../../arm-none-eabi/lib/thumb/v7e-m/fpv4-sp/hard\libc_nano.a
LOAD d:/ac6/systemworkbench/plugins/fr.ac6.mcu.externaltools.arm-none.win32_1.15.0.201708311556/tools/compiler/bin/../lib/gcc/arm-none-eabi/6.3.1/../../../../arm-none-eabi/lib/thumb/v7e-m/fpv4-sp/hard\libnosys.a
END GROUP
LOAD d:/ac6/systemworkbench/plugins/fr.ac6.mcu.externaltools.arm-none.win32_1.15.0.201708311556/tools/compiler/bin/../lib/gcc/arm-none-eabi/6.3.1/thumb/v7e-m/fpv4-sp/hard/crtend.o
LOAD d:/ac6/systemworkbench/plugins/fr.ac6.mcu.externaltools.arm-none.win32_1.15.0.201708311556/tools/compiler/bin/../lib/gcc/arm-none-eabi/6.3.1/thumb/v7e-m/fpv4-sp/hard/crtn.o
                0x20020000                _estack = 0x20020000
                0x00000400                _Min_Heap_Size = 0x400
                0x00000800                _Min_Stack_Size = 0x800

.isr_vector     0x08000000      0x1c4
                0x08000000                . = ALIGN (0x4)
 *(.isr_vector)
 .isr_vector    0x08000000      0x1c4 startup/startup_stm32f446xx.o
                0x08000000                g_pfnVectors
                0x080001c4                . = ALIGN (0x4)

.text           0x080001d0     0xd634
                0x080001d0                . = ALIGN (0x4)
 *(.text)
 .text          0x080001d0       0x6c d:/ac6/systemworkbench/plugins/fr.ac6.mcu.externaltools.arm-none.win32_1.15.0.201708311556/tools/compiler/bin/../lib/gcc/arm-none-eabi/6.3.1/thumb/v7e-m/fpv4-sp/hard/crtbegin.o
 .text          0x0800023c      0x370 d:/ac6/systemworkbench/plugins/fr.ac6.mcu.externaltools.arm-none.win32_1.15.0.201708311556/tools/compiler/bin/../lib/gcc/arm-none-eabi/6.3.1/thumb/v7e-m/fpv4-sp/hard\libgcc.a(_arm_addsubdf3.o)
                0x0800023c                __aeabi_drsub
                0x08000244                __aeabi_dsub
                0x08000244                __subdf3
                0x08000248                __aeabi_dadd
                0x08000248                __adddf3
                0x080004c0                __floatunsidf
                0x080004c0                __aeabi_ui2d
                0x080004e0                __floatsidf
                0x080004e0                __aeabi_i2d
                0x08000504                __aeabi_f2d
                0x08000504                __extendsfdf2
                0x08000540                __floatundidf
                0x08000540                __aeabi_ul2d
                0x08000550                __floatdidf
                0x08000550                __aeabi_l2d
 .text          0x080005ac      0x424 d:/ac6/systemworkbench/plugins/fr.ac6.mcu.externaltools.arm-none.win32_1.15.0.201708311556/tools/compiler/bin/../lib/gcc/arm-none-eabi/6.3.1/thumb/v7e-m/fpv4-sp/hard\libgcc.a(_arm_muldivdf3.o)
                0x080005ac                __aeabi_dmul
                0x080005ac                __muldf3
                0x08000800                __divdf3
                0x08000800                __aeabi_ddiv
 .text          0x080009d0      0x110 d:/ac6/systemworkbench/plugins/fr.ac6.mcu.externaltools.arm-none.win32_1.15.0.201708311556/tools/compiler/bin/../lib/gcc/arm-none-eabi/6.3.1/thumb/v7e-m/fpv4-sp/hard\libgcc.a(_arm_cmpdf2.o)
                0x080009d0                __gtdf2
                0x080009d0                __gedf2
                0x080009d8                __ltdf2
                0x080009d8                __ledf2
                0x080009e0                __nedf2
                0x080009e0                __eqdf2
                0x080009e0                __cmpdf2
                0x08000a5c                __aeabi_cdrcmple
                0x08000a6c                __aeabi_cdcmpeq
                0x08000a6c                __aeabi_cdcmple
                0x08000a7c                __aeabi_dcmpeq
                0x08000a90                __aeabi_dcmplt
                0x08000aa4                __aeabi_dcmple
                0x08000ab8                __aeabi_dcmpge
                0x08000acc                __aeabi_dcmpgt
 .text          0x08000ae0       0x2c d:/ac6/systemworkbench/plugins/fr.ac6.mcu.externaltools.arm-none.win32_1.15.0.201708311556/tools/compiler/bin/../lib/gcc/arm-none-eabi/6.3.1/thumb/v7e-m/fpv4-sp/hard\libgcc.a(_arm_unorddf2.o)
                0x08000ae0                __unorddf2
                0x08000ae0                __aeabi_dcmpun
 .text          0x08000b0c       0x40 d:/ac6/systemworkbench/plugins/fr.ac6.mcu.externaltools.arm-none.win32_1.15.0.201708311556/tools/compiler/bin/../lib/gcc/arm-none-eabi/6.3.1/thumb/v7e-m/fpv4-sp/hard\libgcc.a(_arm_fixunsdfsi.o)
                0x08000b0c                __aeabi_d2uiz
                0x08000b0c                __fixunsdfsi
 .text          0x08000b4c       0xa0 d:/ac6/systemworkbench/plugins/fr.ac6.mcu.externaltools.arm-none.win32_1.15.0.201708311556/tools/compiler/bin/../lib/gcc/arm-none-eabi/6.3.1/thumb/v7e-m/fpv4-sp/hard\libgcc.a(_arm_truncdfsf2.o)
                0x08000b4c                __truncdfsf2
                0x08000b4c                __aeabi_d2f
 .text          0x08000bec       0x30 d:/ac6/systemworkbench/plugins/fr.ac6.mcu.externaltools.arm-none.win32_1.15.0.201708311556/tools/compiler/bin/../lib/gcc/arm-none-eabi/6.3.1/thumb/v7e-m/fpv4-sp/hard\libgcc.a(_aeabi_uldivmod.o)
                0x08000bec                __aeabi_uldivmod
 .text          0x08000c1c      0x2dc d:/ac6/systemworkbench/plugins/fr.ac6.mcu.externaltools.arm-none.win32_1.15.0.201708311556/tools/compiler/bin/../lib/gcc/arm-none-eabi/6.3.1/thumb/v7e-m/fpv4-sp/hard\libgcc.a(_udivmoddi4.o)
                0x08000c1c                __udivmoddi4
 .text          0x08000ef8        0x4 d:/ac6/systemworkbench/plugins/fr.ac6.mcu.externaltools.arm-none.win32_1.15.0.201708311556/tools/compiler/bin/../lib/gcc/arm-none-eabi/6.3.1/thumb/v7e-m/fpv4-sp/hard\libgcc.a(_dvmd_tls.o)
                0x08000ef8                __aeabi_idiv0
                0x08000ef8                __aeabi_ldiv0
 .text          0x08000efc       0x10 d:/ac6/systemworkbench/plugins/fr.ac6.mcu.externaltools.arm-none.win32_1.15.0.201708311556/tools/compiler/bin/../lib/gcc/arm-none-eabi/6.3.1/../../../../arm-none-eabi/lib/thumb/v7e-m/fpv4-sp/hard\libc_nano.a(lib_a-strlen.o)
                0x08000efc                strlen
 *fill*         0x08000f0c        0x4 
 .text          0x08000f10       0xa0 d:/ac6/systemworkbench/plugins/fr.ac6.mcu.externaltools.arm-none.win32_1.15.0.201708311556/tools/compiler/bin/../lib/gcc/arm-none-eabi/6.3.1/../../../../arm-none-eabi/lib/thumb/v7e-m/fpv4-sp/hard\libc_nano.a(lib_a-memchr.o)
                0x08000f10                memchr
 .text          0x08000fb0       0x50 d:/ac6/systemworkbench/plugins/fr.ac6.mcu.externaltools.arm-none.win32_1.15.0.201708311556/tools/compiler/bin/../lib/gcc/arm-none-eabi/6.3.1/thumb/v7e-m/fpv4-sp/hard\libgcc.a(_arm_fixdfsi.o)
                0x08000fb0                __aeabi_d2iz
                0x08000fb0                __fixdfsi
 *(.text*)
 .text.wait_for_gpio_state_timeout
                0x08001000       0x46 Drivers/MPU9250/MPU9250.o
 *fill*         0x08001046        0x2 
 .text.MPU9250Init
                0x08001048      0x198 Drivers/MPU9250/MPU9250.o
                0x08001048                MPU9250Init
 .text.accelReadDMA
                0x080011e0       0xe0 Drivers/MPU9250/MPU9250.o
                0x080011e0                accelReadDMA
 .text.magFluxReadDMA
                0x080012c0       0xfc Drivers/MPU9250/MPU9250.o
                0x080012c0                magFluxReadDMA
 .text.generateClocks
                0x080013bc      0x15c Drivers/MPU9250/MPU9250.o
                0x080013bc                generateClocks
 .text.HAL_Init
                0x08001518       0x34 Drivers/STM32F4xx_HAL_Driver/Src/stm32f4xx_hal.o
                0x08001518                HAL_Init
 .text.HAL_IncTick
                0x0800154c       0x18 Drivers/STM32F4xx_HAL_Driver/Src/stm32f4xx_hal.o
                0x0800154c                HAL_IncTick
 .text.HAL_GetTick
                0x08001564        0xc Drivers/STM32F4xx_HAL_Driver/Src/stm32f4xx_hal.o
                0x08001564                HAL_GetTick
 .text.HAL_Delay
                0x08001570       0x28 Drivers/STM32F4xx_HAL_Driver/Src/stm32f4xx_hal.o
                0x08001570                HAL_Delay
 .text.ADC_Init
                0x08001598      0x130 Drivers/STM32F4xx_HAL_Driver/Src/stm32f4xx_hal_adc.o
 .text.HAL_ADC_Init
                0x080016c8       0x54 Drivers/STM32F4xx_HAL_Driver/Src/stm32f4xx_hal_adc.o
                0x080016c8                HAL_ADC_Init
 .text.HAL_ADC_Start_DMA
                0x0800171c      0x144 Drivers/STM32F4xx_HAL_Driver/Src/stm32f4xx_hal_adc.o
                0x0800171c                HAL_ADC_Start_DMA
 .text.HAL_ADC_Stop_DMA
                0x08001860       0x5e Drivers/STM32F4xx_HAL_Driver/Src/stm32f4xx_hal_adc.o
                0x08001860                HAL_ADC_Stop_DMA
 .text.ADC_DMAConvCplt
                0x080018be       0x62 Drivers/STM32F4xx_HAL_Driver/Src/stm32f4xx_hal_adc.o
 .text.ADC_DMAHalfConvCplt
                0x08001920        0xa Drivers/STM32F4xx_HAL_Driver/Src/stm32f4xx_hal_adc.o
 .text.HAL_ADC_ErrorCallback
                0x0800192a        0x2 Drivers/STM32F4xx_HAL_Driver/Src/stm32f4xx_hal_adc.o
                0x0800192a                HAL_ADC_ErrorCallback
 .text.ADC_DMAError
                0x0800192c       0x16 Drivers/STM32F4xx_HAL_Driver/Src/stm32f4xx_hal_adc.o
 *fill*         0x08001942        0x2 
 .text.HAL_ADC_ConfigChannel
                0x08001944      0x194 Drivers/STM32F4xx_HAL_Driver/Src/stm32f4xx_hal_adc.o
                0x08001944                HAL_ADC_ConfigChannel
 .text.HAL_ADCEx_InjectedConfigChannel
                0x08001ad8      0x214 Drivers/STM32F4xx_HAL_Driver/Src/stm32f4xx_hal_adc_ex.o
                0x08001ad8                HAL_ADCEx_InjectedConfigChannel
 .text.HAL_NVIC_SetPriorityGrouping
                0x08001cec       0x24 Drivers/STM32F4xx_HAL_Driver/Src/stm32f4xx_hal_cortex.o
                0x08001cec                HAL_NVIC_SetPriorityGrouping
 .text.HAL_NVIC_SetPriority
                0x08001d10       0x64 Drivers/STM32F4xx_HAL_Driver/Src/stm32f4xx_hal_cortex.o
                0x08001d10                HAL_NVIC_SetPriority
 .text.HAL_NVIC_EnableIRQ
                0x08001d74       0x18 Drivers/STM32F4xx_HAL_Driver/Src/stm32f4xx_hal_cortex.o
                0x08001d74                HAL_NVIC_EnableIRQ
 .text.HAL_SYSTICK_Config
                0x08001d8c       0x2c Drivers/STM32F4xx_HAL_Driver/Src/stm32f4xx_hal_cortex.o
                0x08001d8c                HAL_SYSTICK_Config
 .text.HAL_SYSTICK_CLKSourceConfig
                0x08001db8       0x20 Drivers/STM32F4xx_HAL_Driver/Src/stm32f4xx_hal_cortex.o
                0x08001db8                HAL_SYSTICK_CLKSourceConfig
 .text.DMA_SetConfig
                0x08001dd8       0x2c Drivers/STM32F4xx_HAL_Driver/Src/stm32f4xx_hal_dma.o
 .text.DMA_CalcBaseAndBitshift
                0x08001e04       0x3c Drivers/STM32F4xx_HAL_Driver/Src/stm32f4xx_hal_dma.o
 .text.DMA_CheckFifoParam
                0x08001e40       0x8e Drivers/STM32F4xx_HAL_Driver/Src/stm32f4xx_hal_dma.o
 *fill*         0x08001ece        0x2 
 .text.HAL_DMA_Init
                0x08001ed0       0xd0 Drivers/STM32F4xx_HAL_Driver/Src/stm32f4xx_hal_dma.o
                0x08001ed0                HAL_DMA_Init
 .text.HAL_DMA_Start_IT
                0x08001fa0       0x74 Drivers/STM32F4xx_HAL_Driver/Src/stm32f4xx_hal_dma.o
                0x08001fa0                HAL_DMA_Start_IT
 .text.HAL_DMA_Abort
                0x08002014       0x94 Drivers/STM32F4xx_HAL_Driver/Src/stm32f4xx_hal_dma.o
                0x08002014                HAL_DMA_Abort
 .text.HAL_DMA_Abort_IT
                0x080020a8       0x26 Drivers/STM32F4xx_HAL_Driver/Src/stm32f4xx_hal_dma.o
                0x080020a8                HAL_DMA_Abort_IT
 *fill*         0x080020ce        0x2 
 .text.HAL_DMA_IRQHandler
                0x080020d0      0x1dc Drivers/STM32F4xx_HAL_Driver/Src/stm32f4xx_hal_dma.o
                0x080020d0                HAL_DMA_IRQHandler
 .text.HAL_DMA_GetError
                0x080022ac        0x4 Drivers/STM32F4xx_HAL_Driver/Src/stm32f4xx_hal_dma.o
                0x080022ac                HAL_DMA_GetError
 .text.HAL_GPIO_Init
                0x080022b0      0x1c4 Drivers/STM32F4xx_HAL_Driver/Src/stm32f4xx_hal_gpio.o
                0x080022b0                HAL_GPIO_Init
 .text.HAL_GPIO_ReadPin
                0x08002474        0xe Drivers/STM32F4xx_HAL_Driver/Src/stm32f4xx_hal_gpio.o
                0x08002474                HAL_GPIO_ReadPin
 .text.HAL_GPIO_WritePin
                0x08002482        0xc Drivers/STM32F4xx_HAL_Driver/Src/stm32f4xx_hal_gpio.o
                0x08002482                HAL_GPIO_WritePin
 .text.HAL_GPIO_TogglePin
                0x0800248e        0x8 Drivers/STM32F4xx_HAL_Driver/Src/stm32f4xx_hal_gpio.o
                0x0800248e                HAL_GPIO_TogglePin
 .text.I2C_Master_SB
                0x08002496       0x8a Drivers/STM32F4xx_HAL_Driver/Src/stm32f4xx_hal_i2c.o
 .text.I2C_Master_ADD10
                0x08002520        0xc Drivers/STM32F4xx_HAL_Driver/Src/stm32f4xx_hal_i2c.o
 .text.I2C_Master_ADDR
                0x0800252c      0x1cc Drivers/STM32F4xx_HAL_Driver/Src/stm32f4xx_hal_i2c.o
 .text.I2C_SlaveTransmit_BTF
                0x080026f8       0x20 Drivers/STM32F4xx_HAL_Driver/Src/stm32f4xx_hal_i2c.o
 .text.I2C_SlaveReceive_BTF
                0x08002718       0x20 Drivers/STM32F4xx_HAL_Driver/Src/stm32f4xx_hal_i2c.o
 .text.I2C_IsAcknowledgeFailed
                0x08002738       0x2a Drivers/STM32F4xx_HAL_Driver/Src/stm32f4xx_hal_i2c.o
 .text.I2C_WaitOnFlagUntilTimeout
                0x08002762       0x68 Drivers/STM32F4xx_HAL_Driver/Src/stm32f4xx_hal_i2c.o
 .text.I2C_WaitOnMasterAddressFlagUntilTimeout
                0x080027ca       0x90 Drivers/STM32F4xx_HAL_Driver/Src/stm32f4xx_hal_i2c.o
 .text.I2C_WaitOnTXEFlagUntilTimeout
                0x0800285a       0x4e Drivers/STM32F4xx_HAL_Driver/Src/stm32f4xx_hal_i2c.o
 .text.I2C_RequestMemoryWrite
                0x080028a8       0xd4 Drivers/STM32F4xx_HAL_Driver/Src/stm32f4xx_hal_i2c.o
 .text.I2C_RequestMemoryRead
                0x0800297c      0x148 Drivers/STM32F4xx_HAL_Driver/Src/stm32f4xx_hal_i2c.o
 .text.I2C_WaitOnBTFFlagUntilTimeout
                0x08002ac4       0x4e Drivers/STM32F4xx_HAL_Driver/Src/stm32f4xx_hal_i2c.o
 .text.I2C_WaitOnRXNEFlagUntilTimeout
                0x08002b12       0x5c Drivers/STM32F4xx_HAL_Driver/Src/stm32f4xx_hal_i2c.o
 *fill*         0x08002b6e        0x2 
 .text.HAL_I2C_Init
                0x08002b70      0x11c Drivers/STM32F4xx_HAL_Driver/Src/stm32f4xx_hal_i2c.o
                0x08002b70                HAL_I2C_Init
 .text.HAL_I2C_Mem_Write
                0x08002c8c      0x17c Drivers/STM32F4xx_HAL_Driver/Src/stm32f4xx_hal_i2c.o
                0x08002c8c                HAL_I2C_Mem_Write
 .text.HAL_I2C_Mem_Read
                0x08002e08      0x2f4 Drivers/STM32F4xx_HAL_Driver/Src/stm32f4xx_hal_i2c.o
                0x08002e08                HAL_I2C_Mem_Read
 .text.HAL_I2C_Mem_Read_DMA
                0x080030fc      0x1c8 Drivers/STM32F4xx_HAL_Driver/Src/stm32f4xx_hal_i2c.o
                0x080030fc                HAL_I2C_Mem_Read_DMA
 .text.HAL_I2C_MasterTxCpltCallback
                0x080032c4        0x2 Drivers/STM32F4xx_HAL_Driver/Src/stm32f4xx_hal_i2c.o
                0x080032c4                HAL_I2C_MasterTxCpltCallback
 .text.HAL_I2C_MasterRxCpltCallback
                0x080032c6        0x2 Drivers/STM32F4xx_HAL_Driver/Src/stm32f4xx_hal_i2c.o
                0x080032c6                HAL_I2C_MasterRxCpltCallback
 .text.HAL_I2C_SlaveTxCpltCallback
                0x080032c8        0x2 Drivers/STM32F4xx_HAL_Driver/Src/stm32f4xx_hal_i2c.o
                0x080032c8                HAL_I2C_SlaveTxCpltCallback
 .text.I2C_SlaveTransmit_TXE
                0x080032ca       0x50 Drivers/STM32F4xx_HAL_Driver/Src/stm32f4xx_hal_i2c.o
 .text.HAL_I2C_SlaveRxCpltCallback
                0x0800331a        0x2 Drivers/STM32F4xx_HAL_Driver/Src/stm32f4xx_hal_i2c.o
                0x0800331a                HAL_I2C_SlaveRxCpltCallback
 .text.I2C_SlaveReceive_RXNE
                0x0800331c       0x4c Drivers/STM32F4xx_HAL_Driver/Src/stm32f4xx_hal_i2c.o
 .text.HAL_I2C_AddrCallback
                0x08003368        0x2 Drivers/STM32F4xx_HAL_Driver/Src/stm32f4xx_hal_i2c.o
                0x08003368                HAL_I2C_AddrCallback
 .text.I2C_Slave_ADDR
                0x0800336a       0x28 Drivers/STM32F4xx_HAL_Driver/Src/stm32f4xx_hal_i2c.o
 .text.HAL_I2C_ListenCpltCallback
                0x08003392        0x2 Drivers/STM32F4xx_HAL_Driver/Src/stm32f4xx_hal_i2c.o
                0x08003392                HAL_I2C_ListenCpltCallback
 .text.I2C_MasterTransmit_TXE
                0x08003394      0x14a Drivers/STM32F4xx_HAL_Driver/Src/stm32f4xx_hal_i2c.o
 .text.I2C_MasterTransmit_BTF
                0x080034de       0x9e Drivers/STM32F4xx_HAL_Driver/Src/stm32f4xx_hal_i2c.o
 .text.I2C_MasterReceive_RXNE
                0x0800357c       0x9c Drivers/STM32F4xx_HAL_Driver/Src/stm32f4xx_hal_i2c.o
 .text.I2C_MasterReceive_BTF
                0x08003618      0x10c Drivers/STM32F4xx_HAL_Driver/Src/stm32f4xx_hal_i2c.o
 .text.HAL_I2C_ErrorCallback
                0x08003724        0x2 Drivers/STM32F4xx_HAL_Driver/Src/stm32f4xx_hal_i2c.o
                0x08003724                HAL_I2C_ErrorCallback
 .text.I2C_DMAError
                0x08003726       0x34 Drivers/STM32F4xx_HAL_Driver/Src/stm32f4xx_hal_i2c.o
 .text.I2C_DMAXferCplt
                0x0800375a       0x94 Drivers/STM32F4xx_HAL_Driver/Src/stm32f4xx_hal_i2c.o
 .text.HAL_I2C_AbortCpltCallback
                0x080037ee        0x2 Drivers/STM32F4xx_HAL_Driver/Src/stm32f4xx_hal_i2c.o
                0x080037ee                HAL_I2C_AbortCpltCallback
 .text.I2C_ITError
                0x080037f0      0x14c Drivers/STM32F4xx_HAL_Driver/Src/stm32f4xx_hal_i2c.o
 .text.I2C_Slave_STOPF
                0x0800393c      0x104 Drivers/STM32F4xx_HAL_Driver/Src/stm32f4xx_hal_i2c.o
 .text.HAL_I2C_EV_IRQHandler
                0x08003a40      0x168 Drivers/STM32F4xx_HAL_Driver/Src/stm32f4xx_hal_i2c.o
                0x08003a40                HAL_I2C_EV_IRQHandler
 .text.I2C_DMAAbort
                0x08003ba8       0x5e Drivers/STM32F4xx_HAL_Driver/Src/stm32f4xx_hal_i2c.o
 *fill*         0x08003c06        0x2 
 .text.HAL_PWREx_EnableOverDrive
                0x08003c08       0x80 Drivers/STM32F4xx_HAL_Driver/Src/stm32f4xx_hal_pwr_ex.o
                0x08003c08                HAL_PWREx_EnableOverDrive
 .text.HAL_RCC_ClockConfig
                0x08003c88      0x158 Drivers/STM32F4xx_HAL_Driver/Src/stm32f4xx_hal_rcc.o
                0x08003c88                HAL_RCC_ClockConfig
 .text.HAL_RCC_GetHCLKFreq
                0x08003de0        0xc Drivers/STM32F4xx_HAL_Driver/Src/stm32f4xx_hal_rcc.o
                0x08003de0                HAL_RCC_GetHCLKFreq
 .text.HAL_RCC_GetPCLK1Freq
                0x08003dec       0x20 Drivers/STM32F4xx_HAL_Driver/Src/stm32f4xx_hal_rcc.o
                0x08003dec                HAL_RCC_GetPCLK1Freq
 .text.HAL_RCC_GetPCLK2Freq
                0x08003e0c       0x20 Drivers/STM32F4xx_HAL_Driver/Src/stm32f4xx_hal_rcc.o
                0x08003e0c                HAL_RCC_GetPCLK2Freq
 .text.HAL_RCC_GetClockConfig
                0x08003e2c       0x3c Drivers/STM32F4xx_HAL_Driver/Src/stm32f4xx_hal_rcc.o
                0x08003e2c                HAL_RCC_GetClockConfig
 .text.HAL_RCCEx_PeriphCLKConfig
                0x08003e68      0x480 Drivers/STM32F4xx_HAL_Driver/Src/stm32f4xx_hal_rcc_ex.o
                0x08003e68                HAL_RCCEx_PeriphCLKConfig
 .text.HAL_RCC_GetSysClockFreq
                0x080042e8      0x180 Drivers/STM32F4xx_HAL_Driver/Src/stm32f4xx_hal_rcc_ex.o
                0x080042e8                HAL_RCC_GetSysClockFreq
 .text.HAL_RCC_OscConfig
                0x08004468      0x3c4 Drivers/STM32F4xx_HAL_Driver/Src/stm32f4xx_hal_rcc_ex.o
                0x08004468                HAL_RCC_OscConfig
 .text.HAL_RTC_WaitForSynchro
                0x0800482c       0x32 Drivers/STM32F4xx_HAL_Driver/Src/stm32f4xx_hal_rtc.o
                0x0800482c                HAL_RTC_WaitForSynchro
 .text.RTC_EnterInitMode
                0x0800485e       0x3c Drivers/STM32F4xx_HAL_Driver/Src/stm32f4xx_hal_rtc.o
                0x0800485e                RTC_EnterInitMode
 .text.HAL_RTC_Init
                0x0800489a       0xc4 Drivers/STM32F4xx_HAL_Driver/Src/stm32f4xx_hal_rtc.o
                0x0800489a                HAL_RTC_Init
 .text.RTC_ByteToBcd2
                0x0800495e       0x16 Drivers/STM32F4xx_HAL_Driver/Src/stm32f4xx_hal_rtc.o
                0x0800495e                RTC_ByteToBcd2
 .text.HAL_RTC_SetDate
                0x08004974       0xda Drivers/STM32F4xx_HAL_Driver/Src/stm32f4xx_hal_rtc.o
                0x08004974                HAL_RTC_SetDate
 .text.HAL_RTC_SetTime
                0x08004a4e       0xfe Drivers/STM32F4xx_HAL_Driver/Src/stm32f4xx_hal_rtc.o
                0x08004a4e                HAL_RTC_SetTime
 .text.RTC_Bcd2ToByte
                0x08004b4c       0x12 Drivers/STM32F4xx_HAL_Driver/Src/stm32f4xx_hal_rtc.o
                0x08004b4c                RTC_Bcd2ToByte
 .text.HAL_RTC_GetTime
                0x08004b5e       0x56 Drivers/STM32F4xx_HAL_Driver/Src/stm32f4xx_hal_rtc.o
                0x08004b5e                HAL_RTC_GetTime
 .text.HAL_RTC_GetDate
                0x08004bb4       0x42 Drivers/STM32F4xx_HAL_Driver/Src/stm32f4xx_hal_rtc.o
                0x08004bb4                HAL_RTC_GetDate
 .text.HAL_RTCEx_BKUPWrite
                0x08004bf6        0xa Drivers/STM32F4xx_HAL_Driver/Src/stm32f4xx_hal_rtc_ex.o
                0x08004bf6                HAL_RTCEx_BKUPWrite
 .text.HAL_RTCEx_BKUPRead
                0x08004c00        0xa Drivers/STM32F4xx_HAL_Driver/Src/stm32f4xx_hal_rtc_ex.o
                0x08004c00                HAL_RTCEx_BKUPRead
 .text.HAL_RTCEx_SetSynchroShift
                0x08004c0a       0xa4 Drivers/STM32F4xx_HAL_Driver/Src/stm32f4xx_hal_rtc_ex.o
                0x08004c0a                HAL_RTCEx_SetSynchroShift
 .text.HAL_SPI_Init
                0x08004cae       0x80 Drivers/STM32F4xx_HAL_Driver/Src/stm32f4xx_hal_spi.o
                0x08004cae                HAL_SPI_Init
 *fill*         0x08004d2e        0x2 
 .text.TIM_OC1_SetConfig
                0x08004d30       0x64 Drivers/STM32F4xx_HAL_Driver/Src/stm32f4xx_hal_tim.o
 .text.TIM_OC3_SetConfig
                0x08004d94       0x6c Drivers/STM32F4xx_HAL_Driver/Src/stm32f4xx_hal_tim.o
 .text.TIM_OC4_SetConfig
                0x08004e00       0x5c Drivers/STM32F4xx_HAL_Driver/Src/stm32f4xx_hal_tim.o
 .text.HAL_TIM_Base_Start_IT
                0x08004e5c       0x18 Drivers/STM32F4xx_HAL_Driver/Src/stm32f4xx_hal_tim.o
                0x08004e5c                HAL_TIM_Base_Start_IT
 .text.HAL_TIM_Base_Stop_IT
                0x08004e74       0x2c Drivers/STM32F4xx_HAL_Driver/Src/stm32f4xx_hal_tim.o
                0x08004e74                HAL_TIM_Base_Stop_IT
 .text.HAL_TIM_OC_DelayElapsedCallback
                0x08004ea0        0x2 Drivers/STM32F4xx_HAL_Driver/Src/stm32f4xx_hal_tim.o
                0x08004ea0                HAL_TIM_OC_DelayElapsedCallback
 .text.HAL_TIM_IC_CaptureCallback
                0x08004ea2        0x2 Drivers/STM32F4xx_HAL_Driver/Src/stm32f4xx_hal_tim.o
                0x08004ea2                HAL_TIM_IC_CaptureCallback
 .text.HAL_TIM_PWM_PulseFinishedCallback
                0x08004ea4        0x2 Drivers/STM32F4xx_HAL_Driver/Src/stm32f4xx_hal_tim.o
                0x08004ea4                HAL_TIM_PWM_PulseFinishedCallback
 .text.HAL_TIM_TriggerCallback
                0x08004ea6        0x2 Drivers/STM32F4xx_HAL_Driver/Src/stm32f4xx_hal_tim.o
                0x08004ea6                HAL_TIM_TriggerCallback
 .text.HAL_TIM_IRQHandler
                0x08004ea8      0x17a Drivers/STM32F4xx_HAL_Driver/Src/stm32f4xx_hal_tim.o
                0x08004ea8                HAL_TIM_IRQHandler
 *fill*         0x08005022        0x2 
 .text.TIM_Base_SetConfig
                0x08005024      0x11c Drivers/STM32F4xx_HAL_Driver/Src/stm32f4xx_hal_tim.o
                0x08005024                TIM_Base_SetConfig
 .text.HAL_TIM_Base_Init
                0x08005140       0x32 Drivers/STM32F4xx_HAL_Driver/Src/stm32f4xx_hal_tim.o
                0x08005140                HAL_TIM_Base_Init
 .text.HAL_TIM_OC_Init
                0x08005172       0x32 Drivers/STM32F4xx_HAL_Driver/Src/stm32f4xx_hal_tim.o
                0x08005172                HAL_TIM_OC_Init
 .text.HAL_TIM_PWM_Init
                0x080051a4       0x32 Drivers/STM32F4xx_HAL_Driver/Src/stm32f4xx_hal_tim.o
                0x080051a4                HAL_TIM_PWM_Init
 *fill*         0x080051d6        0x2 
 .text.TIM_OC2_SetConfig
                0x080051d8       0x70 Drivers/STM32F4xx_HAL_Driver/Src/stm32f4xx_hal_tim.o
                0x080051d8                TIM_OC2_SetConfig
 .text.HAL_TIM_OC_ConfigChannel
                0x08005248       0x5e Drivers/STM32F4xx_HAL_Driver/Src/stm32f4xx_hal_tim.o
                0x08005248                HAL_TIM_OC_ConfigChannel
 .text.HAL_TIM_PWM_ConfigChannel
                0x080052a6       0xdc Drivers/STM32F4xx_HAL_Driver/Src/stm32f4xx_hal_tim.o
                0x080052a6                HAL_TIM_PWM_ConfigChannel
 .text.TIM_CCxChannelCmd
                0x08005382       0x1e Drivers/STM32F4xx_HAL_Driver/Src/stm32f4xx_hal_tim.o
                0x08005382                TIM_CCxChannelCmd
 .text.HAL_TIM_PWM_Start
                0x080053a0       0x44 Drivers/STM32F4xx_HAL_Driver/Src/stm32f4xx_hal_tim.o
                0x080053a0                HAL_TIM_PWM_Start
 .text.HAL_TIM_PWM_Stop
                0x080053e4       0x70 Drivers/STM32F4xx_HAL_Driver/Src/stm32f4xx_hal_tim.o
                0x080053e4                HAL_TIM_PWM_Stop
 .text.HAL_TIMEx_MasterConfigSynchronization
                0x08005454       0x52 Drivers/STM32F4xx_HAL_Driver/Src/stm32f4xx_hal_tim_ex.o
                0x08005454                HAL_TIMEx_MasterConfigSynchronization
 .text.HAL_TIMEx_CommutationCallback
                0x080054a6        0x2 Drivers/STM32F4xx_HAL_Driver/Src/stm32f4xx_hal_tim_ex.o
                0x080054a6                HAL_TIMEx_CommutationCallback
 .text.HAL_TIMEx_BreakCallback
                0x080054a8        0x2 Drivers/STM32F4xx_HAL_Driver/Src/stm32f4xx_hal_tim_ex.o
                0x080054a8                HAL_TIMEx_BreakCallback
 .text.UART_EndTxTransfer
                0x080054aa       0x12 Drivers/STM32F4xx_HAL_Driver/Src/stm32f4xx_hal_uart.o
 .text.UART_EndRxTransfer
                0x080054bc       0x1c Drivers/STM32F4xx_HAL_Driver/Src/stm32f4xx_hal_uart.o
 .text.UART_Transmit_IT
                0x080054d8       0x6a Drivers/STM32F4xx_HAL_Driver/Src/stm32f4xx_hal_uart.o
 *fill*         0x08005542        0x2 
 .text.UART_SetConfig
                0x08005544      0x344 Drivers/STM32F4xx_HAL_Driver/Src/stm32f4xx_hal_uart.o
 .text.UART_WaitOnFlagUntilTimeout
                0x08005888       0x64 Drivers/STM32F4xx_HAL_Driver/Src/stm32f4xx_hal_uart.o
 .text.HAL_UART_Init
                0x080058ec       0x5e Drivers/STM32F4xx_HAL_Driver/Src/stm32f4xx_hal_uart.o
                0x080058ec                HAL_UART_Init
 .text.HAL_UART_Transmit
                0x0800594a       0xe2 Drivers/STM32F4xx_HAL_Driver/Src/stm32f4xx_hal_uart.o
                0x0800594a                HAL_UART_Transmit
 .text.HAL_UART_Receive
                0x08005a2c       0xe6 Drivers/STM32F4xx_HAL_Driver/Src/stm32f4xx_hal_uart.o
                0x08005a2c                HAL_UART_Receive
 .text.HAL_UART_Receive_IT
                0x08005b12       0x52 Drivers/STM32F4xx_HAL_Driver/Src/stm32f4xx_hal_uart.o
                0x08005b12                HAL_UART_Receive_IT
 .text.HAL_UART_Transmit_DMA
                0x08005b64       0x8c Drivers/STM32F4xx_HAL_Driver/Src/stm32f4xx_hal_uart.o
                0x08005b64                HAL_UART_Transmit_DMA
 .text.UART_DMATransmitCplt
                0x08005bf0       0x30 Drivers/STM32F4xx_HAL_Driver/Src/stm32f4xx_hal_uart.o
 .text.UART_EndTransmit_IT
                0x08005c20       0x1a Drivers/STM32F4xx_HAL_Driver/Src/stm32f4xx_hal_uart.o
 .text.HAL_UART_TxHalfCpltCallback
                0x08005c3a        0x2 Drivers/STM32F4xx_HAL_Driver/Src/stm32f4xx_hal_uart.o
                0x08005c3a                HAL_UART_TxHalfCpltCallback
 .text.UART_DMATxHalfCplt
                0x08005c3c        0xa Drivers/STM32F4xx_HAL_Driver/Src/stm32f4xx_hal_uart.o
 .text.UART_Receive_IT
                0x08005c46       0x94 Drivers/STM32F4xx_HAL_Driver/Src/stm32f4xx_hal_uart.o
 .text.HAL_UART_ErrorCallback
                0x08005cda        0x2 Drivers/STM32F4xx_HAL_Driver/Src/stm32f4xx_hal_uart.o
                0x08005cda                HAL_UART_ErrorCallback
 .text.UART_DMAError
                0x08005cdc       0x58 Drivers/STM32F4xx_HAL_Driver/Src/stm32f4xx_hal_uart.o
 .text.HAL_UART_IRQHandler
                0x08005d34      0x120 Drivers/STM32F4xx_HAL_Driver/Src/stm32f4xx_hal_uart.o
                0x08005d34                HAL_UART_IRQHandler
 .text.UART_DMAAbortOnError
                0x08005e54       0x10 Drivers/STM32F4xx_HAL_Driver/Src/stm32f4xx_hal_uart.o
 .text.makeFreeRtosPriority
                0x08005e64        0xc Middlewares/Third_Party/FreeRTOS/Source/CMSIS_RTOS/cmsis_os.o
 .text.inHandlerMode
                0x08005e70        0xc Middlewares/Third_Party/FreeRTOS/Source/CMSIS_RTOS/cmsis_os.o
 .text.osKernelStart
                0x08005e7c        0xa Middlewares/Third_Party/FreeRTOS/Source/CMSIS_RTOS/cmsis_os.o
                0x08005e7c                osKernelStart
 .text.osThreadCreate
                0x08005e86       0x6a Middlewares/Third_Party/FreeRTOS/Source/CMSIS_RTOS/cmsis_os.o
                0x08005e86                osThreadCreate
 .text.osTimerCreate
                0x08005ef0       0x44 Middlewares/Third_Party/FreeRTOS/Source/CMSIS_RTOS/cmsis_os.o
                0x08005ef0                osTimerCreate
 .text.osTimerStart
                0x08005f34       0x6c Middlewares/Third_Party/FreeRTOS/Source/CMSIS_RTOS/cmsis_os.o
                0x08005f34                osTimerStart
 .text.osTimerStop
                0x08005fa0       0x64 Middlewares/Third_Party/FreeRTOS/Source/CMSIS_RTOS/cmsis_os.o
                0x08005fa0                osTimerStop
 .text.osSemaphoreCreate
                0x08006004       0x4a Middlewares/Third_Party/FreeRTOS/Source/CMSIS_RTOS/cmsis_os.o
                0x08006004                osSemaphoreCreate
 .text.osMessageCreate
                0x0800604e       0x28 Middlewares/Third_Party/FreeRTOS/Source/CMSIS_RTOS/cmsis_os.o
                0x0800604e                osMessageCreate
 .text.osSystickHandler
                0x08006076       0x10 Middlewares/Third_Party/FreeRTOS/Source/CMSIS_RTOS/cmsis_os.o
                0x08006076                osSystickHandler
 .text.vListInitialise
                0x08006086       0x16 Middlewares/Third_Party/FreeRTOS/Source/list.o
                0x08006086                vListInitialise
 .text.vListInitialiseItem
                0x0800609c        0x6 Middlewares/Third_Party/FreeRTOS/Source/list.o
                0x0800609c                vListInitialiseItem
 .text.vListInsertEnd
                0x080060a2       0x18 Middlewares/Third_Party/FreeRTOS/Source/list.o
                0x080060a2                vListInsertEnd
 .text.vListInsert
                0x080060ba       0x34 Middlewares/Third_Party/FreeRTOS/Source/list.o
                0x080060ba                vListInsert
 .text.uxListRemove
                0x080060ee       0x26 Middlewares/Third_Party/FreeRTOS/Source/list.o
                0x080060ee                uxListRemove
 .text.prvIsQueueFull
                0x08006114       0x1e Middlewares/Third_Party/FreeRTOS/Source/queue.o
 .text.prvIsQueueEmpty
                0x08006132       0x1a Middlewares/Third_Party/FreeRTOS/Source/queue.o
 .text.prvCopyDataToQueue
                0x0800614c       0x76 Middlewares/Third_Party/FreeRTOS/Source/queue.o
 .text.prvNotifyQueueSetContainer
                0x080061c2       0x7c Middlewares/Third_Party/FreeRTOS/Source/queue.o
 .text.prvCopyDataFromQueue
                0x0800623e       0x24 Middlewares/Third_Party/FreeRTOS/Source/queue.o
 .text.prvUnlockQueue
                0x08006262       0x84 Middlewares/Third_Party/FreeRTOS/Source/queue.o
 *fill*         0x080062e6        0x2 
 .text.xQueueGenericReset
                0x080062e8       0x80 Middlewares/Third_Party/FreeRTOS/Source/queue.o
                0x080062e8                xQueueGenericReset
 .text.prvInitialiseNewQueue
                0x08006368       0x26 Middlewares/Third_Party/FreeRTOS/Source/queue.o
 .text.xQueueGenericCreateStatic
                0x0800638e       0xa0 Middlewares/Third_Party/FreeRTOS/Source/queue.o
                0x0800638e                xQueueGenericCreateStatic
 .text.xQueueGenericCreate
                0x0800642e       0x4e Middlewares/Third_Party/FreeRTOS/Source/queue.o
                0x0800642e                xQueueGenericCreate
 .text.xQueueGenericSend
                0x0800647c      0x1ac Middlewares/Third_Party/FreeRTOS/Source/queue.o
                0x0800647c                xQueueGenericSend
 .text.xQueueGenericSendFromISR
                0x08006628      0x102 Middlewares/Third_Party/FreeRTOS/Source/queue.o
                0x08006628                xQueueGenericSendFromISR
 .text.xQueueGiveFromISR
                0x0800672a       0xda Middlewares/Third_Party/FreeRTOS/Source/queue.o
                0x0800672a                xQueueGiveFromISR
 .text.xQueueGenericReceive
                0x08006804      0x1b0 Middlewares/Third_Party/FreeRTOS/Source/queue.o
                0x08006804                xQueueGenericReceive
 .text.vQueueAddToRegistry
                0x080069b4       0x28 Middlewares/Third_Party/FreeRTOS/Source/queue.o
                0x080069b4                vQueueAddToRegistry
 .text.vQueueWaitForMessageRestricted
                0x080069dc       0x52 Middlewares/Third_Party/FreeRTOS/Source/queue.o
                0x080069dc                vQueueWaitForMessageRestricted
 .text.xQueueCreateSet
                0x08006a2e        0xc Middlewares/Third_Party/FreeRTOS/Source/queue.o
                0x08006a2e                xQueueCreateSet
 .text.xQueueAddToSet
                0x08006a3a       0x26 Middlewares/Third_Party/FreeRTOS/Source/queue.o
                0x08006a3a                xQueueAddToSet
 .text.xQueueSelectFromSet
                0x08006a60       0x1a Middlewares/Third_Party/FreeRTOS/Source/queue.o
                0x08006a60                xQueueSelectFromSet
 *fill*         0x08006a7a        0x2 
 .text.prvResetNextTaskUnblockTime
                0x08006a7c       0x2c Middlewares/Third_Party/FreeRTOS/Source/tasks.o
 .text.prvInitialiseNewTask
                0x08006aa8       0x92 Middlewares/Third_Party/FreeRTOS/Source/tasks.o
 *fill*         0x08006b3a        0x2 
 .text.prvInitialiseTaskLists
                0x08006b3c       0x58 Middlewares/Third_Party/FreeRTOS/Source/tasks.o
 .text.prvAddNewTaskToReadyList
                0x08006b94       0xac Middlewares/Third_Party/FreeRTOS/Source/tasks.o
 .text.prvDeleteTCB
                0x08006c40       0x3a Middlewares/Third_Party/FreeRTOS/Source/tasks.o
 *fill*         0x08006c7a        0x2 
 .text.prvAddCurrentTaskToDelayedList
                0x08006c7c       0x88 Middlewares/Third_Party/FreeRTOS/Source/tasks.o
 .text.xTaskCreateStatic
                0x08006d04       0x56 Middlewares/Third_Party/FreeRTOS/Source/tasks.o
                0x08006d04                xTaskCreateStatic
 .text.xTaskCreate
                0x08006d5a       0x66 Middlewares/Third_Party/FreeRTOS/Source/tasks.o
                0x08006d5a                xTaskCreate
 .text.vTaskStartScheduler
                0x08006dc0       0x98 Middlewares/Third_Party/FreeRTOS/Source/tasks.o
                0x08006dc0                vTaskStartScheduler
 .text.vTaskSuspendAll
                0x08006e58       0x14 Middlewares/Third_Party/FreeRTOS/Source/tasks.o
                0x08006e58                vTaskSuspendAll
 .text.xTaskGetTickCount
                0x08006e6c        0xc Middlewares/Third_Party/FreeRTOS/Source/tasks.o
                0x08006e6c                xTaskGetTickCount
 .text.xTaskIncrementTick
                0x08006e78      0x114 Middlewares/Third_Party/FreeRTOS/Source/tasks.o
                0x08006e78                xTaskIncrementTick
 .text.xTaskResumeAll
                0x08006f8c       0xf4 Middlewares/Third_Party/FreeRTOS/Source/tasks.o
                0x08006f8c                xTaskResumeAll
 .text.vTaskDelayUntil
                0x08007080       0xac Middlewares/Third_Party/FreeRTOS/Source/tasks.o
                0x08007080                vTaskDelayUntil
 .text.prvCheckTasksWaitingTermination
                0x0800712c       0x54 Middlewares/Third_Party/FreeRTOS/Source/tasks.o
 .text.prvIdleTask
                0x08007180       0x28 Middlewares/Third_Party/FreeRTOS/Source/tasks.o
 .text.vTaskSwitchContext
                0x080071a8       0xa8 Middlewares/Third_Party/FreeRTOS/Source/tasks.o
                0x080071a8                vTaskSwitchContext
 .text.vTaskPlaceOnEventList
                0x08007250       0x34 Middlewares/Third_Party/FreeRTOS/Source/tasks.o
                0x08007250                vTaskPlaceOnEventList
 .text.vTaskPlaceOnEventListRestricted
                0x08007284       0x3c Middlewares/Third_Party/FreeRTOS/Source/tasks.o
                0x08007284                vTaskPlaceOnEventListRestricted
 .text.xTaskRemoveFromEventList
                0x080072c0       0x84 Middlewares/Third_Party/FreeRTOS/Source/tasks.o
                0x080072c0                xTaskRemoveFromEventList
 .text.vTaskSetTimeOutState
                0x08007344       0x28 Middlewares/Third_Party/FreeRTOS/Source/tasks.o
                0x08007344                vTaskSetTimeOutState
 .text.xTaskCheckForTimeOut
                0x0800736c       0x80 Middlewares/Third_Party/FreeRTOS/Source/tasks.o
                0x0800736c                xTaskCheckForTimeOut
 .text.vTaskMissedYield
                0x080073ec       0x10 Middlewares/Third_Party/FreeRTOS/Source/tasks.o
                0x080073ec                vTaskMissedYield
 .text.xTaskGetSchedulerState
                0x080073fc       0x20 Middlewares/Third_Party/FreeRTOS/Source/tasks.o
                0x080073fc                xTaskGetSchedulerState
 .text.vTaskPriorityInherit
                0x0800741c       0xb0 Middlewares/Third_Party/FreeRTOS/Source/tasks.o
                0x0800741c                vTaskPriorityInherit
 .text.xTaskPriorityDisinherit
                0x080074cc       0xb8 Middlewares/Third_Party/FreeRTOS/Source/tasks.o
                0x080074cc                xTaskPriorityDisinherit
 .text.pvTaskIncrementMutexHeldCount
                0x08007584       0x20 Middlewares/Third_Party/FreeRTOS/Source/tasks.o
                0x08007584                pvTaskIncrementMutexHeldCount
 .text.xTaskNotifyWait
                0x080075a4       0xa8 Middlewares/Third_Party/FreeRTOS/Source/tasks.o
                0x080075a4                xTaskNotifyWait
 .text.xTaskGenericNotify
                0x0800764c       0xe0 Middlewares/Third_Party/FreeRTOS/Source/tasks.o
                0x0800764c                xTaskGenericNotify
 .text.xTaskGenericNotifyFromISR
                0x0800772c      0x114 Middlewares/Third_Party/FreeRTOS/Source/tasks.o
                0x0800772c                xTaskGenericNotifyFromISR
 .text.prvGetNextExpireTime
                0x08007840       0x20 Middlewares/Third_Party/FreeRTOS/Source/timers.o
 .text.prvInsertTimerInActiveList
                0x08007860       0x44 Middlewares/Third_Party/FreeRTOS/Source/timers.o
 .text.prvCheckForValidListAndQueue
                0x080078a4       0x5c Middlewares/Third_Party/FreeRTOS/Source/timers.o
 .text.prvInitialiseNewTimer
                0x08007900       0x40 Middlewares/Third_Party/FreeRTOS/Source/timers.o
 .text.xTimerCreateTimerTask
                0x08007940       0x6c Middlewares/Third_Party/FreeRTOS/Source/timers.o
                0x08007940                xTimerCreateTimerTask
 .text.xTimerCreate
                0x080079ac       0x38 Middlewares/Third_Party/FreeRTOS/Source/timers.o
                0x080079ac                xTimerCreate
 .text.xTimerCreateStatic
                0x080079e4       0x4c Middlewares/Third_Party/FreeRTOS/Source/timers.o
                0x080079e4                xTimerCreateStatic
 .text.xTimerGenericCommand
                0x08007a30       0x6c Middlewares/Third_Party/FreeRTOS/Source/timers.o
                0x08007a30                xTimerGenericCommand
 .text.prvSwitchTimerLists
                0x08007a9c       0x88 Middlewares/Third_Party/FreeRTOS/Source/timers.o
 .text.prvSampleTimeNow
                0x08007b24       0x30 Middlewares/Third_Party/FreeRTOS/Source/timers.o
 .text.prvProcessExpiredTimer
                0x08007b54       0x60 Middlewares/Third_Party/FreeRTOS/Source/timers.o
 .text.prvProcessTimerOrBlockTask
                0x08007bb4       0x70 Middlewares/Third_Party/FreeRTOS/Source/timers.o
 .text.prvProcessReceivedCommands
                0x08007c24       0xec Middlewares/Third_Party/FreeRTOS/Source/timers.o
 .text.prvTimerTask
                0x08007d10       0x16 Middlewares/Third_Party/FreeRTOS/Source/timers.o
 *fill*         0x08007d26        0x2 
 .text.prvTaskExitError
                0x08007d28       0x34 Middlewares/Third_Party/FreeRTOS/Source/portable/GCC/ARM_CM4F/port.o
 .text.prvPortStartFirstTask
                0x08007d5c       0x20 Middlewares/Third_Party/FreeRTOS/Source/portable/GCC/ARM_CM4F/port.o
 .text.vPortEnableVFP
                0x08007d7c       0x14 Middlewares/Third_Party/FreeRTOS/Source/portable/GCC/ARM_CM4F/port.o
 .text.pxPortInitialiseStack
                0x08007d90       0x2c Middlewares/Third_Party/FreeRTOS/Source/portable/GCC/ARM_CM4F/port.o
                0x08007d90                pxPortInitialiseStack
 *fill*         0x08007dbc        0x4 
 .text.SVC_Handler
                0x08007dc0       0x24 Middlewares/Third_Party/FreeRTOS/Source/portable/GCC/ARM_CM4F/port.o
                0x08007dc0                SVC_Handler
 .text.vPortEnterCritical
                0x08007de4       0x44 Middlewares/Third_Party/FreeRTOS/Source/portable/GCC/ARM_CM4F/port.o
                0x08007de4                vPortEnterCritical
 .text.vPortExitCritical
                0x08007e28       0x2c Middlewares/Third_Party/FreeRTOS/Source/portable/GCC/ARM_CM4F/port.o
                0x08007e28                vPortExitCritical
 *fill*         0x08007e54        0xc 
 .text.PendSV_Handler
                0x08007e60       0x64 Middlewares/Third_Party/FreeRTOS/Source/portable/GCC/ARM_CM4F/port.o
                0x08007e60                PendSV_Handler
 .text.xPortSysTickHandler
                0x08007ec4       0x2c Middlewares/Third_Party/FreeRTOS/Source/portable/GCC/ARM_CM4F/port.o
                0x08007ec4                xPortSysTickHandler
 .text.vPortSetupTimerInterrupt
                0x08007ef0       0x2c Middlewares/Third_Party/FreeRTOS/Source/portable/GCC/ARM_CM4F/port.o
                0x08007ef0                vPortSetupTimerInterrupt
 .text.xPortStartScheduler
                0x08007f1c       0xe8 Middlewares/Third_Party/FreeRTOS/Source/portable/GCC/ARM_CM4F/port.o
                0x08007f1c                xPortStartScheduler
 .text.vPortValidateInterruptPriority
                0x08008004       0x58 Middlewares/Third_Party/FreeRTOS/Source/portable/GCC/ARM_CM4F/port.o
                0x08008004                vPortValidateInterruptPriority
 .text.prvHeapInit
                0x0800805c       0x58 Middlewares/Third_Party/FreeRTOS/Source/portable/MemMang/heap_4.o
 .text.prvInsertBlockIntoFreeList
                0x080080b4       0x58 Middlewares/Third_Party/FreeRTOS/Source/portable/MemMang/heap_4.o
 .text.pvPortMalloc
                0x0800810c      0x108 Middlewares/Third_Party/FreeRTOS/Source/portable/MemMang/heap_4.o
                0x0800810c                pvPortMalloc
 .text.vPortFree
                0x08008214       0x70 Middlewares/Third_Party/FreeRTOS/Source/portable/MemMang/heap_4.o
                0x08008214                vPortFree
 .text.MX_ADC1_Init
                0x08008284      0x14c Src/adc.o
                0x08008284                MX_ADC1_Init
 .text.MX_ADC2_Init
                0x080083d0       0x70 Src/adc.o
                0x080083d0                MX_ADC2_Init
 .text.MX_ADC3_Init
                0x08008440       0x70 Src/adc.o
                0x08008440                MX_ADC3_Init
 .text.HAL_ADC_MspInit
                0x080084b0      0x118 Src/adc.o
                0x080084b0                HAL_ADC_MspInit
 .text.HAL_ADC_ConvHalfCpltCallback
                0x080085c8        0x2 Src/adc.o
                0x080085c8                HAL_ADC_ConvHalfCpltCallback
 *fill*         0x080085ca        0x2 
 .text.HAL_ADC_ConvCpltCallback
                0x080085cc       0x9c Src/adc.o
                0x080085cc                HAL_ADC_ConvCpltCallback
 .text.Temp_Scan_Start
                0x08008668       0x24 Src/adc.o
                0x08008668                Temp_Scan_Start
 .text.Temp_Scan_Stop
                0x0800868c       0x18 Src/adc.o
                0x0800868c                Temp_Scan_Stop
 .text.MX_DMA_Init
                0x080086a4       0x78 Src/dma.o
                0x080086a4                MX_DMA_Init
 .text.StartDefaultTask
                0x0800871c        0x2 Src/freertos.o
                0x0800871c                StartDefaultTask
 *fill*         0x0800871e        0x2 
 .text.StartControlTask
                0x08008720      0x2d0 Src/freertos.o
                0x08008720                StartControlTask
 .text.StartTxTask
                0x080089f0      0x148 Src/freertos.o
                0x080089f0                StartTxTask
 .text.StartMPU9250Task
                0x08008b38      0x128 Src/freertos.o
                0x08008b38                StartMPU9250Task
 .text.StartRxTask
                0x08008c60       0x8c Src/freertos.o
                0x08008c60                StartRxTask
 .text.StartTempTask
                0x08008cec       0x74 Src/freertos.o
                0x08008cec                StartTempTask
 .text.tmrLEDCallback
                0x08008d60       0x10 Src/freertos.o
                0x08008d60                tmrLEDCallback
 .text.configureTimerForRunTimeStats
                0x08008d70        0x2 Src/freertos.o
                0x08008d70                configureTimerForRunTimeStats
 .text.getRunTimeCounterValue
                0x08008d72        0x4 Src/freertos.o
                0x08008d72                getRunTimeCounterValue
 *fill*         0x08008d76        0x2 
 .text.vApplicationGetIdleTaskMemory
                0x08008d78       0x14 Src/freertos.o
                0x08008d78                vApplicationGetIdleTaskMemory
 .text.vApplicationGetTimerTaskMemory
                0x08008d8c       0x20 Src/freertos.o
                0x08008d8c                vApplicationGetTimerTaskMemory
 .text.MX_FREERTOS_Init
                0x08008dac      0x1f0 Src/freertos.o
                0x08008dac                MX_FREERTOS_Init
 .text.MX_GPIO_Init
                0x08008f9c       0xa0 Src/gpio.o
                0x08008f9c                MX_GPIO_Init
 .text.MX_I2C1_Init
                0x0800903c       0x44 Src/i2c.o
                0x0800903c                MX_I2C1_Init
 .text.MX_I2C3_Init
                0x08009080       0x44 Src/i2c.o
                0x08009080                MX_I2C3_Init
 .text.HAL_I2C_MspInit
                0x080090c4      0x160 Src/i2c.o
                0x080090c4                HAL_I2C_MspInit
 .text.HAL_I2C_MemRxCpltCallback
                0x08009224       0x58 Src/i2c.o
                0x08009224                HAL_I2C_MemRxCpltCallback
 .text.HAL_I2C_MemTxCpltCallback
                0x0800927c       0x58 Src/i2c.o
                0x0800927c                HAL_I2C_MemTxCpltCallback
 .text.HAL_TIM_PeriodElapsedCallback
                0x080092d4       0x18 Src/main.o
                0x080092d4                HAL_TIM_PeriodElapsedCallback
 .text._Error_Handler
                0x080092ec        0x2 Src/main.o
                0x080092ec                _Error_Handler
 *fill*         0x080092ee        0x2 
 .text.SystemClock_Config
                0x080092f0       0xf8 Src/main.o
                0x080092f0                SystemClock_Config
 .text.main     0x080093e8      0x4e0 Src/main.o
                0x080093e8                main
 .text.MX_RTC_Init
                0x080098c8       0xb8 Src/rtc.o
                0x080098c8                MX_RTC_Init
 .text.HAL_RTC_MspInit
                0x08009980       0x1c Src/rtc.o
                0x08009980                HAL_RTC_MspInit
 .text.MANUAL_MX_RTC_Init
                0x0800999c       0x9c Src/rtc.o
                0x0800999c                MANUAL_MX_RTC_Init
 .text.MX_SPI2_Init
                0x08009a38       0x48 Src/spi.o
                0x08009a38                MX_SPI2_Init
 .text.HAL_SPI_MspInit
                0x08009a80       0x88 Src/spi.o
                0x08009a80                HAL_SPI_MspInit
 .text.HAL_MspInit
                0x08009b08       0x5e Src/stm32f4xx_hal_msp.o
                0x08009b08                HAL_MspInit
 *fill*         0x08009b66        0x2 
 .text.HAL_InitTick
                0x08009b68       0x7c Src/stm32f4xx_hal_timebase_TIM.o
                0x08009b68                HAL_InitTick
 .text.SysTick_Handler
                0x08009be4        0x8 Src/stm32f4xx_it.o
                0x08009be4                SysTick_Handler
 .text.DMA1_Stream0_IRQHandler
                0x08009bec       0x10 Src/stm32f4xx_it.o
                0x08009bec                DMA1_Stream0_IRQHandler
 .text.DMA1_Stream1_IRQHandler
                0x08009bfc       0x10 Src/stm32f4xx_it.o
                0x08009bfc                DMA1_Stream1_IRQHandler
 .text.DMA1_Stream6_IRQHandler
                0x08009c0c       0x10 Src/stm32f4xx_it.o
                0x08009c0c                DMA1_Stream6_IRQHandler
 .text.TIM1_UP_TIM10_IRQHandler
                0x08009c1c       0x34 Src/stm32f4xx_it.o
                0x08009c1c                TIM1_UP_TIM10_IRQHandler
 .text.I2C1_EV_IRQHandler
                0x08009c50       0x10 Src/stm32f4xx_it.o
                0x08009c50                I2C1_EV_IRQHandler
 .text.USART2_IRQHandler
                0x08009c60       0x10 Src/stm32f4xx_it.o
                0x08009c60                USART2_IRQHandler
 .text.TIM6_DAC_IRQHandler
                0x08009c70       0x10 Src/stm32f4xx_it.o
                0x08009c70                TIM6_DAC_IRQHandler
 .text.DMA2_Stream0_IRQHandler
                0x08009c80       0x10 Src/stm32f4xx_it.o
                0x08009c80                DMA2_Stream0_IRQHandler
 .text.I2C3_EV_IRQHandler
                0x08009c90       0x10 Src/stm32f4xx_it.o
                0x08009c90                I2C3_EV_IRQHandler
 .text.SystemInit
                0x08009ca0       0x4c Src/system_stm32f4xx.o
                0x08009ca0                SystemInit
 .text.MX_TIM10_Init
                0x08009cec       0x34 Src/tim.o
                0x08009cec                MX_TIM10_Init
 .text.HAL_TIM_OC_MspInit
                0x08009d20       0x30 Src/tim.o
                0x08009d20                HAL_TIM_OC_MspInit
 .text.HAL_TIM_Base_MspInit
                0x08009d50       0x40 Src/tim.o
                0x08009d50                HAL_TIM_Base_MspInit
 .text.HAL_TIM_PWM_MspInit
                0x08009d90       0x30 Src/tim.o
                0x08009d90                HAL_TIM_PWM_MspInit
 .text.HAL_TIM_MspPostInit
                0x08009dc0       0x74 Src/tim.o
                0x08009dc0                HAL_TIM_MspPostInit
 .text.MX_TIM3_Init
                0x08009e34       0xc8 Src/tim.o
                0x08009e34                MX_TIM3_Init
 .text.MX_TIM12_Init
                0x08009efc       0x78 Src/tim.o
                0x08009efc                MX_TIM12_Init
 *fill*         0x08009f74        0x4 
 .text.setMagnet
                0x08009f78      0x4b8 Src/tim.o
                0x08009f78                setMagnet
 .text.TEC_set_valuef
                0x0800a430       0xc4 Src/tim.o
                0x0800a430                TEC_set_valuef
 .text.TEC_stop
                0x0800a4f4       0x1c Src/tim.o
                0x0800a4f4                TEC_stop
 .text.MX_USART2_UART_Init
                0x0800a510       0x3c Src/usart.o
                0x0800a510                MX_USART2_UART_Init
 .text.HAL_UART_MspInit
                0x0800a54c       0xa8 Src/usart.o
                0x0800a54c                HAL_UART_MspInit
 .text.HAL_UART_TxCpltCallback
                0x0800a5f4       0x48 Src/usart.o
                0x0800a5f4                HAL_UART_TxCpltCallback
 .text.HAL_UART_RxCpltCallback
                0x0800a63c       0x50 Src/usart.o
                0x0800a63c                HAL_UART_RxCpltCallback
 .text.Reset_Handler
                0x0800a68c       0x50 startup/startup_stm32f446xx.o
                0x0800a68c                Reset_Handler
 *fill*         0x0800a6dc        0x4 
 .text.Default_Handler
                0x0800a6e0       0x14 startup/startup_stm32f446xx.o
                0x0800a6e0                RTC_Alarm_IRQHandler
                0x0800a6e0                EXTI2_IRQHandler
                0x0800a6e0                TIM8_CC_IRQHandler
                0x0800a6e0                DebugMon_Handler
                0x0800a6e0                SPI4_IRQHandler
                0x0800a6e0                TIM1_CC_IRQHandler
                0x0800a6e0                DMA2_Stream5_IRQHandler
                0x0800a6e0                HardFault_Handler
                0x0800a6e0                DMA1_Stream5_IRQHandler
                0x0800a6e0                PVD_IRQHandler
                0x0800a6e0                SDIO_IRQHandler
                0x0800a6e0                TAMP_STAMP_IRQHandler
                0x0800a6e0                NMI_Handler
                0x0800a6e0                CAN2_RX1_IRQHandler
                0x0800a6e0                EXTI3_IRQHandler
                0x0800a6e0                TIM8_TRG_COM_TIM14_IRQHandler
                0x0800a6e0                TIM8_UP_TIM13_IRQHandler
                0x0800a6e0                I2C3_ER_IRQHandler
                0x0800a6e0                FMPI2C1_Event_IRQHandler
                0x0800a6e0                EXTI0_IRQHandler
                0x0800a6e0                I2C2_EV_IRQHandler
                0x0800a6e0                DMA1_Stream2_IRQHandler
                0x0800a6e0                CAN1_RX0_IRQHandler
                0x0800a6e0                FPU_IRQHandler
                0x0800a6e0                OTG_HS_WKUP_IRQHandler
                0x0800a6e0                UsageFault_Handler
                0x0800a6e0                CAN2_SCE_IRQHandler
                0x0800a6e0                DMA2_Stream2_IRQHandler
                0x0800a6e0                SPI1_IRQHandler
                0x0800a6e0                TIM1_BRK_TIM9_IRQHandler
                0x0800a6e0                DCMI_IRQHandler
                0x0800a6e0                CAN2_RX0_IRQHandler
                0x0800a6e0                DMA2_Stream3_IRQHandler
                0x0800a6e0                SAI2_IRQHandler
                0x0800a6e0                USART6_IRQHandler
                0x0800a6e0                USART3_IRQHandler
                0x0800a6e0                CAN1_RX1_IRQHandler
                0x0800a6e0                UART5_IRQHandler
                0x0800a6e0                TIM4_IRQHandler
                0x0800a6e0                QUADSPI_IRQHandler
                0x0800a6e0                UART4_IRQHandler
                0x0800a6e0                TIM3_IRQHandler
                0x0800a6e0                RCC_IRQHandler
                0x0800a6e0                TIM8_BRK_TIM12_IRQHandler
                0x0800a6e0                Default_Handler
                0x0800a6e0                CEC_IRQHandler
                0x0800a6e0                EXTI15_10_IRQHandler
                0x0800a6e0                ADC_IRQHandler
                0x0800a6e0                DMA1_Stream7_IRQHandler
                0x0800a6e0                TIM7_IRQHandler
                0x0800a6e0                CAN2_TX_IRQHandler
                0x0800a6e0                TIM5_IRQHandler
                0x0800a6e0                DMA2_Stream7_IRQHandler
                0x0800a6e0                EXTI9_5_IRQHandler
                0x0800a6e0                RTC_WKUP_IRQHandler
                0x0800a6e0                SPDIF_RX_IRQHandler
                0x0800a6e0                SPI2_IRQHandler
                0x0800a6e0                OTG_HS_EP1_IN_IRQHandler
                0x0800a6e0                MemManage_Handler
                0x0800a6e0                CAN1_TX_IRQHandler
                0x0800a6e0                EXTI4_IRQHandler
                0x0800a6e0                OTG_HS_EP1_OUT_IRQHandler
                0x0800a6e0                WWDG_IRQHandler
                0x0800a6e0                TIM2_IRQHandler
                0x0800a6e0                OTG_FS_WKUP_IRQHandler
                0x0800a6e0                TIM1_TRG_COM_TIM11_IRQHandler
                0x0800a6e0                OTG_HS_IRQHandler
                0x0800a6e0                EXTI1_IRQHandler
                0x0800a6e0                I2C2_ER_IRQHandler
                0x0800a6e0                DMA2_Stream1_IRQHandler
                0x0800a6e0                CAN1_SCE_IRQHandler
                0x0800a6e0                FLASH_IRQHandler
                0x0800a6e0                DMA2_Stream4_IRQHandler
                0x0800a6e0                BusFault_Handler
                0x0800a6e0                USART1_IRQHandler
                0x0800a6e0                OTG_FS_IRQHandler
                0x0800a6e0                SPI3_IRQHandler
                0x0800a6e0                DMA1_Stream4_IRQHandler
                0x0800a6e0                I2C1_ER_IRQHandler
                0x0800a6e0                FMC_IRQHandler
                0x0800a6e0                DMA2_Stream6_IRQHandler
                0x0800a6e0                SAI1_IRQHandler
                0x0800a6e0                DMA1_Stream3_IRQHandler
                0x0800a6e0                FMPI2C1_Error_IRQHandler
 .text.cosf     0x0800a6f4       0x90 d:/ac6/systemworkbench/plugins/fr.ac6.mcu.externaltools.arm-none.win32_1.15.0.201708311556/tools/compiler/bin/../lib/gcc/arm-none-eabi/6.3.1/../../../../arm-none-eabi/lib/thumb/v7e-m/fpv4-sp/hard\libm.a(lib_a-sf_cos.o)
                0x0800a6f4                cosf
 .text.sinf     0x0800a784       0x94 d:/ac6/systemworkbench/plugins/fr.ac6.mcu.externaltools.arm-none.win32_1.15.0.201708311556/tools/compiler/bin/../lib/gcc/arm-none-eabi/6.3.1/../../../../arm-none-eabi/lib/thumb/v7e-m/fpv4-sp/hard\libm.a(lib_a-sf_sin.o)
                0x0800a784                sinf
 .text.sqrt     0x0800a818       0xb8 d:/ac6/systemworkbench/plugins/fr.ac6.mcu.externaltools.arm-none.win32_1.15.0.201708311556/tools/compiler/bin/../lib/gcc/arm-none-eabi/6.3.1/../../../../arm-none-eabi/lib/thumb/v7e-m/fpv4-sp/hard\libm.a(lib_a-w_sqrt.o)
                0x0800a818                sqrt
 .text.__ieee754_sqrt
                0x0800a8d0      0x198 d:/ac6/systemworkbench/plugins/fr.ac6.mcu.externaltools.arm-none.win32_1.15.0.201708311556/tools/compiler/bin/../lib/gcc/arm-none-eabi/6.3.1/../../../../arm-none-eabi/lib/thumb/v7e-m/fpv4-sp/hard\libm.a(lib_a-e_sqrt.o)
                0x0800a8d0                __ieee754_sqrt
 .text.__ieee754_rem_pio2f
                0x0800aa68      0x290 d:/ac6/systemworkbench/plugins/fr.ac6.mcu.externaltools.arm-none.win32_1.15.0.201708311556/tools/compiler/bin/../lib/gcc/arm-none-eabi/6.3.1/../../../../arm-none-eabi/lib/thumb/v7e-m/fpv4-sp/hard\libm.a(lib_a-ef_rem_pio2.o)
                0x0800aa68                __ieee754_rem_pio2f
 .text.__kernel_cosf
                0x0800acf8      0x104 d:/ac6/systemworkbench/plugins/fr.ac6.mcu.externaltools.arm-none.win32_1.15.0.201708311556/tools/compiler/bin/../lib/gcc/arm-none-eabi/6.3.1/../../../../arm-none-eabi/lib/thumb/v7e-m/fpv4-sp/hard\libm.a(lib_a-kf_cos.o)
                0x0800acf8                __kernel_cosf
 .text.__kernel_rem_pio2f
                0x0800adfc      0x690 d:/ac6/systemworkbench/plugins/fr.ac6.mcu.externaltools.arm-none.win32_1.15.0.201708311556/tools/compiler/bin/../lib/gcc/arm-none-eabi/6.3.1/../../../../arm-none-eabi/lib/thumb/v7e-m/fpv4-sp/hard\libm.a(lib_a-kf_rem_pio2.o)
                0x0800adfc                __kernel_rem_pio2f
 .text.__kernel_sinf
                0x0800b48c       0x90 d:/ac6/systemworkbench/plugins/fr.ac6.mcu.externaltools.arm-none.win32_1.15.0.201708311556/tools/compiler/bin/../lib/gcc/arm-none-eabi/6.3.1/../../../../arm-none-eabi/lib/thumb/v7e-m/fpv4-sp/hard\libm.a(lib_a-kf_sin.o)
                0x0800b48c                __kernel_sinf
 .text.matherr  0x0800b51c        0x4 d:/ac6/systemworkbench/plugins/fr.ac6.mcu.externaltools.arm-none.win32_1.15.0.201708311556/tools/compiler/bin/../lib/gcc/arm-none-eabi/6.3.1/../../../../arm-none-eabi/lib/thumb/v7e-m/fpv4-sp/hard\libm.a(lib_a-s_matherr.o)
                0x0800b51c                matherr
 .text.fabsf    0x0800b520       0x10 d:/ac6/systemworkbench/plugins/fr.ac6.mcu.externaltools.arm-none.win32_1.15.0.201708311556/tools/compiler/bin/../lib/gcc/arm-none-eabi/6.3.1/../../../../arm-none-eabi/lib/thumb/v7e-m/fpv4-sp/hard\libm.a(lib_a-sf_fabs.o)
                0x0800b520                fabsf
 .text.floorf   0x0800b530       0x90 d:/ac6/systemworkbench/plugins/fr.ac6.mcu.externaltools.arm-none.win32_1.15.0.201708311556/tools/compiler/bin/../lib/gcc/arm-none-eabi/6.3.1/../../../../arm-none-eabi/lib/thumb/v7e-m/fpv4-sp/hard\libm.a(lib_a-sf_floor.o)
                0x0800b530                floorf
 .text.scalbnf  0x0800b5c0       0xd0 d:/ac6/systemworkbench/plugins/fr.ac6.mcu.externaltools.arm-none.win32_1.15.0.201708311556/tools/compiler/bin/../lib/gcc/arm-none-eabi/6.3.1/../../../../arm-none-eabi/lib/thumb/v7e-m/fpv4-sp/hard\libm.a(lib_a-sf_scalbn.o)
                0x0800b5c0                scalbnf
 .text.copysignf
                0x0800b690       0x18 d:/ac6/systemworkbench/plugins/fr.ac6.mcu.externaltools.arm-none.win32_1.15.0.201708311556/tools/compiler/bin/../lib/gcc/arm-none-eabi/6.3.1/../../../../arm-none-eabi/lib/thumb/v7e-m/fpv4-sp/hard\libm.a(lib_a-sf_copysign.o)
                0x0800b690                copysignf
 .text.__errno  0x0800b6a8        0xc d:/ac6/systemworkbench/plugins/fr.ac6.mcu.externaltools.arm-none.win32_1.15.0.201708311556/tools/compiler/bin/../lib/gcc/arm-none-eabi/6.3.1/../../../../arm-none-eabi/lib/thumb/v7e-m/fpv4-sp/hard\libc_nano.a(lib_a-errno.o)
                0x0800b6a8                __errno
 .text.__libc_init_array
                0x0800b6b4       0x48 d:/ac6/systemworkbench/plugins/fr.ac6.mcu.externaltools.arm-none.win32_1.15.0.201708311556/tools/compiler/bin/../lib/gcc/arm-none-eabi/6.3.1/../../../../arm-none-eabi/lib/thumb/v7e-m/fpv4-sp/hard\libc_nano.a(lib_a-init.o)
                0x0800b6b4                __libc_init_array
 .text.memcpy   0x0800b6fc       0x16 d:/ac6/systemworkbench/plugins/fr.ac6.mcu.externaltools.arm-none.win32_1.15.0.201708311556/tools/compiler/bin/../lib/gcc/arm-none-eabi/6.3.1/../../../../arm-none-eabi/lib/thumb/v7e-m/fpv4-sp/hard\libc_nano.a(lib_a-memcpy-stub.o)
                0x0800b6fc                memcpy
 .text.memset   0x0800b712       0x10 d:/ac6/systemworkbench/plugins/fr.ac6.mcu.externaltools.arm-none.win32_1.15.0.201708311556/tools/compiler/bin/../lib/gcc/arm-none-eabi/6.3.1/../../../../arm-none-eabi/lib/thumb/v7e-m/fpv4-sp/hard\libc_nano.a(lib_a-memset.o)
                0x0800b712                memset
 .text.__cvt    0x0800b722       0xc2 d:/ac6/systemworkbench/plugins/fr.ac6.mcu.externaltools.arm-none.win32_1.15.0.201708311556/tools/compiler/bin/../lib/gcc/arm-none-eabi/6.3.1/../../../../arm-none-eabi/lib/thumb/v7e-m/fpv4-sp/hard\libc_nano.a(lib_a-nano-vfprintf_float.o)
                0x0800b722                __cvt
 .text.__exponent
                0x0800b7e4       0x6a d:/ac6/systemworkbench/plugins/fr.ac6.mcu.externaltools.arm-none.win32_1.15.0.201708311556/tools/compiler/bin/../lib/gcc/arm-none-eabi/6.3.1/../../../../arm-none-eabi/lib/thumb/v7e-m/fpv4-sp/hard\libc_nano.a(lib_a-nano-vfprintf_float.o)
                0x0800b7e4                __exponent
 *fill*         0x0800b84e        0x2 
 .text._printf_float
                0x0800b850      0x480 d:/ac6/systemworkbench/plugins/fr.ac6.mcu.externaltools.arm-none.win32_1.15.0.201708311556/tools/compiler/bin/../lib/gcc/arm-none-eabi/6.3.1/../../../../arm-none-eabi/lib/thumb/v7e-m/fpv4-sp/hard\libc_nano.a(lib_a-nano-vfprintf_float.o)
                0x0800b850                _printf_float
 .text._printf_common
                0x0800bcd0       0xec d:/ac6/systemworkbench/plugins/fr.ac6.mcu.externaltools.arm-none.win32_1.15.0.201708311556/tools/compiler/bin/../lib/gcc/arm-none-eabi/6.3.1/../../../../arm-none-eabi/lib/thumb/v7e-m/fpv4-sp/hard\libc_nano.a(lib_a-nano-vfprintf_i.o)
                0x0800bcd0                _printf_common
 .text._printf_i
                0x0800bdbc      0x240 d:/ac6/systemworkbench/plugins/fr.ac6.mcu.externaltools.arm-none.win32_1.15.0.201708311556/tools/compiler/bin/../lib/gcc/arm-none-eabi/6.3.1/../../../../arm-none-eabi/lib/thumb/v7e-m/fpv4-sp/hard\libc_nano.a(lib_a-nano-vfprintf_i.o)
                0x0800bdbc                _printf_i
 .text.sprintf  0x0800bffc       0x48 d:/ac6/systemworkbench/plugins/fr.ac6.mcu.externaltools.arm-none.win32_1.15.0.201708311556/tools/compiler/bin/../lib/gcc/arm-none-eabi/6.3.1/../../../../arm-none-eabi/lib/thumb/v7e-m/fpv4-sp/hard\libc_nano.a(lib_a-sprintf.o)
                0x0800bffc                siprintf
                0x0800bffc                sprintf
 .text.quorem   0x0800c044      0x118 d:/ac6/systemworkbench/plugins/fr.ac6.mcu.externaltools.arm-none.win32_1.15.0.201708311556/tools/compiler/bin/../lib/gcc/arm-none-eabi/6.3.1/../../../../arm-none-eabi/lib/thumb/v7e-m/fpv4-sp/hard\libc_nano.a(lib_a-dtoa.o)
 *fill*         0x0800c15c        0x4 
 .text._dtoa_r  0x0800c160      0xb9c d:/ac6/systemworkbench/plugins/fr.ac6.mcu.externaltools.arm-none.win32_1.15.0.201708311556/tools/compiler/bin/../lib/gcc/arm-none-eabi/6.3.1/../../../../arm-none-eabi/lib/thumb/v7e-m/fpv4-sp/hard\libc_nano.a(lib_a-dtoa.o)
                0x0800c160                _dtoa_r
 .text._localeconv_r
                0x0800ccfc       0x1c d:/ac6/systemworkbench/plugins/fr.ac6.mcu.externaltools.arm-none.win32_1.15.0.201708311556/tools/compiler/bin/../lib/gcc/arm-none-eabi/6.3.1/../../../../arm-none-eabi/lib/thumb/v7e-m/fpv4-sp/hard\libc_nano.a(lib_a-localeconv.o)
                0x0800ccfc                _localeconv_r
 .text.malloc   0x0800cd18       0x10 d:/ac6/systemworkbench/plugins/fr.ac6.mcu.externaltools.arm-none.win32_1.15.0.201708311556/tools/compiler/bin/../lib/gcc/arm-none-eabi/6.3.1/../../../../arm-none-eabi/lib/thumb/v7e-m/fpv4-sp/hard\libc_nano.a(lib_a-malloc.o)
                0x0800cd18                malloc
 .text._Balloc  0x0800cd28       0x68 d:/ac6/systemworkbench/plugins/fr.ac6.mcu.externaltools.arm-none.win32_1.15.0.201708311556/tools/compiler/bin/../lib/gcc/arm-none-eabi/6.3.1/../../../../arm-none-eabi/lib/thumb/v7e-m/fpv4-sp/hard\libc_nano.a(lib_a-mprec.o)
                0x0800cd28                _Balloc
 .text._Bfree   0x0800cd90       0x2e d:/ac6/systemworkbench/plugins/fr.ac6.mcu.externaltools.arm-none.win32_1.15.0.201708311556/tools/compiler/bin/../lib/gcc/arm-none-eabi/6.3.1/../../../../arm-none-eabi/lib/thumb/v7e-m/fpv4-sp/hard\libc_nano.a(lib_a-mprec.o)
                0x0800cd90                _Bfree
 .text.__multadd
                0x0800cdbe       0x76 d:/ac6/systemworkbench/plugins/fr.ac6.mcu.externaltools.arm-none.win32_1.15.0.201708311556/tools/compiler/bin/../lib/gcc/arm-none-eabi/6.3.1/../../../../arm-none-eabi/lib/thumb/v7e-m/fpv4-sp/hard\libc_nano.a(lib_a-mprec.o)
                0x0800cdbe                __multadd
 .text.__hi0bits
                0x0800ce34       0x3e d:/ac6/systemworkbench/plugins/fr.ac6.mcu.externaltools.arm-none.win32_1.15.0.201708311556/tools/compiler/bin/../lib/gcc/arm-none-eabi/6.3.1/../../../../arm-none-eabi/lib/thumb/v7e-m/fpv4-sp/hard\libc_nano.a(lib_a-mprec.o)
                0x0800ce34                __hi0bits
 .text.__lo0bits
                0x0800ce72       0x5e d:/ac6/systemworkbench/plugins/fr.ac6.mcu.externaltools.arm-none.win32_1.15.0.201708311556/tools/compiler/bin/../lib/gcc/arm-none-eabi/6.3.1/../../../../arm-none-eabi/lib/thumb/v7e-m/fpv4-sp/hard\libc_nano.a(lib_a-mprec.o)
                0x0800ce72                __lo0bits
 .text.__i2b    0x0800ced0       0x12 d:/ac6/systemworkbench/plugins/fr.ac6.mcu.externaltools.arm-none.win32_1.15.0.201708311556/tools/compiler/bin/../lib/gcc/arm-none-eabi/6.3.1/../../../../arm-none-eabi/lib/thumb/v7e-m/fpv4-sp/hard\libc_nano.a(lib_a-mprec.o)
                0x0800ced0                __i2b
 .text.__multiply
                0x0800cee2      0x11a d:/ac6/systemworkbench/plugins/fr.ac6.mcu.externaltools.arm-none.win32_1.15.0.201708311556/tools/compiler/bin/../lib/gcc/arm-none-eabi/6.3.1/../../../../arm-none-eabi/lib/thumb/v7e-m/fpv4-sp/hard\libc_nano.a(lib_a-mprec.o)
                0x0800cee2                __multiply
 .text.__pow5mult
                0x0800cffc       0x9c d:/ac6/systemworkbench/plugins/fr.ac6.mcu.externaltools.arm-none.win32_1.15.0.201708311556/tools/compiler/bin/../lib/gcc/arm-none-eabi/6.3.1/../../../../arm-none-eabi/lib/thumb/v7e-m/fpv4-sp/hard\libc_nano.a(lib_a-mprec.o)
                0x0800cffc                __pow5mult
 .text.__lshift
                0x0800d098       0xa2 d:/ac6/systemworkbench/plugins/fr.ac6.mcu.externaltools.arm-none.win32_1.15.0.201708311556/tools/compiler/bin/../lib/gcc/arm-none-eabi/6.3.1/../../../../arm-none-eabi/lib/thumb/v7e-m/fpv4-sp/hard\libc_nano.a(lib_a-mprec.o)
                0x0800d098                __lshift
 .text.__mcmp   0x0800d13a       0x34 d:/ac6/systemworkbench/plugins/fr.ac6.mcu.externaltools.arm-none.win32_1.15.0.201708311556/tools/compiler/bin/../lib/gcc/arm-none-eabi/6.3.1/../../../../arm-none-eabi/lib/thumb/v7e-m/fpv4-sp/hard\libc_nano.a(lib_a-mprec.o)
                0x0800d13a                __mcmp
 .text.__mdiff  0x0800d16e       0xbc d:/ac6/systemworkbench/plugins/fr.ac6.mcu.externaltools.arm-none.win32_1.15.0.201708311556/tools/compiler/bin/../lib/gcc/arm-none-eabi/6.3.1/../../../../arm-none-eabi/lib/thumb/v7e-m/fpv4-sp/hard\libc_nano.a(lib_a-mprec.o)
                0x0800d16e                __mdiff
 .text.__d2b    0x0800d22a       0x9e d:/ac6/systemworkbench/plugins/fr.ac6.mcu.externaltools.arm-none.win32_1.15.0.201708311556/tools/compiler/bin/../lib/gcc/arm-none-eabi/6.3.1/../../../../arm-none-eabi/lib/thumb/v7e-m/fpv4-sp/hard\libc_nano.a(lib_a-mprec.o)
                0x0800d22a                __d2b
 .text._calloc_r
                0x0800d2c8       0x1c d:/ac6/systemworkbench/plugins/fr.ac6.mcu.externaltools.arm-none.win32_1.15.0.201708311556/tools/compiler/bin/../lib/gcc/arm-none-eabi/6.3.1/../../../../arm-none-eabi/lib/thumb/v7e-m/fpv4-sp/hard\libc_nano.a(lib_a-nano-callocr.o)
                0x0800d2c8                _calloc_r
 .text._free_r  0x0800d2e4       0x9c d:/ac6/systemworkbench/plugins/fr.ac6.mcu.externaltools.arm-none.win32_1.15.0.201708311556/tools/compiler/bin/../lib/gcc/arm-none-eabi/6.3.1/../../../../arm-none-eabi/lib/thumb/v7e-m/fpv4-sp/hard\libc_nano.a(lib_a-nano-freer.o)
                0x0800d2e4                _free_r
 .text._malloc_r
                0x0800d380       0xbc d:/ac6/systemworkbench/plugins/fr.ac6.mcu.externaltools.arm-none.win32_1.15.0.201708311556/tools/compiler/bin/../lib/gcc/arm-none-eabi/6.3.1/../../../../arm-none-eabi/lib/thumb/v7e-m/fpv4-sp/hard\libc_nano.a(lib_a-nano-mallocr.o)
                0x0800d380                _malloc_r
 .text.__ssputs_r
                0x0800d43c       0xb6 d:/ac6/systemworkbench/plugins/fr.ac6.mcu.externaltools.arm-none.win32_1.15.0.201708311556/tools/compiler/bin/../lib/gcc/arm-none-eabi/6.3.1/../../../../arm-none-eabi/lib/thumb/v7e-m/fpv4-sp/hard\libc_nano.a(lib_a-nano-svfprintf.o)
                0x0800d43c                __ssputs_r
 *fill*         0x0800d4f2        0x2 
 .text._svfprintf_r
                0x0800d4f4      0x1e8 d:/ac6/systemworkbench/plugins/fr.ac6.mcu.externaltools.arm-none.win32_1.15.0.201708311556/tools/compiler/bin/../lib/gcc/arm-none-eabi/6.3.1/../../../../arm-none-eabi/lib/thumb/v7e-m/fpv4-sp/hard\libc_nano.a(lib_a-nano-svfprintf.o)
                0x0800d4f4                _svfiprintf_r
                0x0800d4f4                _svfprintf_r
 .text._sbrk_r  0x0800d6dc       0x20 d:/ac6/systemworkbench/plugins/fr.ac6.mcu.externaltools.arm-none.win32_1.15.0.201708311556/tools/compiler/bin/../lib/gcc/arm-none-eabi/6.3.1/../../../../arm-none-eabi/lib/thumb/v7e-m/fpv4-sp/hard\libc_nano.a(lib_a-sbrkr.o)
                0x0800d6dc                _sbrk_r
 .text.__ascii_mbtowc
                0x0800d6fc       0x24 d:/ac6/systemworkbench/plugins/fr.ac6.mcu.externaltools.arm-none.win32_1.15.0.201708311556/tools/compiler/bin/../lib/gcc/arm-none-eabi/6.3.1/../../../../arm-none-eabi/lib/thumb/v7e-m/fpv4-sp/hard\libc_nano.a(lib_a-mbtowc_r.o)
                0x0800d6fc                __ascii_mbtowc
 .text.memmove  0x0800d720       0x34 d:/ac6/systemworkbench/plugins/fr.ac6.mcu.externaltools.arm-none.win32_1.15.0.201708311556/tools/compiler/bin/../lib/gcc/arm-none-eabi/6.3.1/../../../../arm-none-eabi/lib/thumb/v7e-m/fpv4-sp/hard\libc_nano.a(lib_a-memmove.o)
                0x0800d720                memmove
 .text.__malloc_lock
                0x0800d754        0x2 d:/ac6/systemworkbench/plugins/fr.ac6.mcu.externaltools.arm-none.win32_1.15.0.201708311556/tools/compiler/bin/../lib/gcc/arm-none-eabi/6.3.1/../../../../arm-none-eabi/lib/thumb/v7e-m/fpv4-sp/hard\libc_nano.a(lib_a-mlock.o)
                0x0800d754                __malloc_lock
 .text.__malloc_unlock
                0x0800d756        0x2 d:/ac6/systemworkbench/plugins/fr.ac6.mcu.externaltools.arm-none.win32_1.15.0.201708311556/tools/compiler/bin/../lib/gcc/arm-none-eabi/6.3.1/../../../../arm-none-eabi/lib/thumb/v7e-m/fpv4-sp/hard\libc_nano.a(lib_a-mlock.o)
                0x0800d756                __malloc_unlock
 .text._realloc_r
                0x0800d758       0x4c d:/ac6/systemworkbench/plugins/fr.ac6.mcu.externaltools.arm-none.win32_1.15.0.201708311556/tools/compiler/bin/../lib/gcc/arm-none-eabi/6.3.1/../../../../arm-none-eabi/lib/thumb/v7e-m/fpv4-sp/hard\libc_nano.a(lib_a-nano-reallocr.o)
                0x0800d758                _realloc_r
 .text.__ascii_wctomb
                0x0800d7a4       0x1a d:/ac6/systemworkbench/plugins/fr.ac6.mcu.externaltools.arm-none.win32_1.15.0.201708311556/tools/compiler/bin/../lib/gcc/arm-none-eabi/6.3.1/../../../../arm-none-eabi/lib/thumb/v7e-m/fpv4-sp/hard\libc_nano.a(lib_a-wctomb_r.o)
                0x0800d7a4                __ascii_wctomb
 .text._malloc_usable_size_r
                0x0800d7be       0x12 d:/ac6/systemworkbench/plugins/fr.ac6.mcu.externaltools.arm-none.win32_1.15.0.201708311556/tools/compiler/bin/../lib/gcc/arm-none-eabi/6.3.1/../../../../arm-none-eabi/lib/thumb/v7e-m/fpv4-sp/hard\libc_nano.a(lib_a-nano-msizer.o)
                0x0800d7be                _malloc_usable_size_r
 .text._sbrk    0x0800d7d0       0x1c d:/ac6/systemworkbench/plugins/fr.ac6.mcu.externaltools.arm-none.win32_1.15.0.201708311556/tools/compiler/bin/../lib/gcc/arm-none-eabi/6.3.1/../../../../arm-none-eabi/lib/thumb/v7e-m/fpv4-sp/hard\libnosys.a(sbrk.o)
                0x0800d7d0                _sbrk
 *(.glue_7)
 .glue_7        0x0800d7ec        0x0 linker stubs
 *(.glue_7t)
 .glue_7t       0x0800d7ec        0x0 linker stubs
 *(.eh_frame)
 .eh_frame      0x0800d7ec        0x0 d:/ac6/systemworkbench/plugins/fr.ac6.mcu.externaltools.arm-none.win32_1.15.0.201708311556/tools/compiler/bin/../lib/gcc/arm-none-eabi/6.3.1/thumb/v7e-m/fpv4-sp/hard/crtbegin.o
 *(.init)
 .init          0x0800d7ec        0x4 d:/ac6/systemworkbench/plugins/fr.ac6.mcu.externaltools.arm-none.win32_1.15.0.201708311556/tools/compiler/bin/../lib/gcc/arm-none-eabi/6.3.1/thumb/v7e-m/fpv4-sp/hard/crti.o
                0x0800d7ec                _init
 .init          0x0800d7f0        0x8 d:/ac6/systemworkbench/plugins/fr.ac6.mcu.externaltools.arm-none.win32_1.15.0.201708311556/tools/compiler/bin/../lib/gcc/arm-none-eabi/6.3.1/thumb/v7e-m/fpv4-sp/hard/crtn.o
 *(.fini)
 .fini          0x0800d7f8        0x4 d:/ac6/systemworkbench/plugins/fr.ac6.mcu.externaltools.arm-none.win32_1.15.0.201708311556/tools/compiler/bin/../lib/gcc/arm-none-eabi/6.3.1/thumb/v7e-m/fpv4-sp/hard/crti.o
                0x0800d7f8                _fini
 .fini          0x0800d7fc        0x8 d:/ac6/systemworkbench/plugins/fr.ac6.mcu.externaltools.arm-none.win32_1.15.0.201708311556/tools/compiler/bin/../lib/gcc/arm-none-eabi/6.3.1/thumb/v7e-m/fpv4-sp/hard/crtn.o
                0x0800d804                . = ALIGN (0x4)
                0x0800d804                _etext = .

.vfp11_veneer   0x0800d804        0x0
 .vfp11_veneer  0x0800d804        0x0 linker stubs

.v4_bx          0x0800d804        0x0
 .v4_bx         0x0800d804        0x0 linker stubs

.iplt           0x0800d804        0x0
 .iplt          0x0800d804        0x0 d:/ac6/systemworkbench/plugins/fr.ac6.mcu.externaltools.arm-none.win32_1.15.0.201708311556/tools/compiler/bin/../lib/gcc/arm-none-eabi/6.3.1/thumb/v7e-m/fpv4-sp/hard/crtbegin.o

.rodata         0x0800d808      0x888
                0x0800d808                . = ALIGN (0x4)
 *(.rodata)
 .rodata        0x0800d808        0x8 Drivers/STM32F4xx_HAL_Driver/Src/stm32f4xx_hal_dma.o
 .rodata        0x0800d810       0xe8 Src/freertos.o
 .rodata        0x0800d8f8       0x18 Src/system_stm32f4xx.o
                0x0800d8f8                AHBPrescTable
                0x0800d908                APBPrescTable
 *(.rodata*)
 .rodata.str1.4
                0x0800d910        0x0 Middlewares/Third_Party/FreeRTOS/Source/CMSIS_RTOS/cmsis_os.o
                                  0x1 (size before relaxing)
 .rodata.str1.4
                0x0800d910       0x30 Middlewares/Third_Party/FreeRTOS/Source/tasks.o
 .rodata.str1.4
                0x0800d940       0x10 Middlewares/Third_Party/FreeRTOS/Source/timers.o
 .rodata.str1.4
                0x0800d950        0xd Src/adc.o
 *fill*         0x0800d95d        0x3 
 .rodata.str1.4
                0x0800d960       0x40 Src/freertos.o
 .rodata.str1.4
                0x0800d9a0        0xd Src/i2c.o
 *fill*         0x0800d9ad        0x3 
 .rodata.str1.4
                0x0800d9b0       0x6a Src/main.o
 *fill*         0x0800da1a        0x2 
 .rodata.str1.4
                0x0800da1c        0xd Src/rtc.o
 *fill*         0x0800da29        0x3 
 .rodata.str1.4
                0x0800da2c        0xd Src/spi.o
 *fill*         0x0800da39        0x3 
 .rodata.str1.4
                0x0800da3c        0xd Src/tim.o
 *fill*         0x0800da49        0x3 
 .rodata.str1.4
                0x0800da4c        0xf Src/usart.o
 *fill*         0x0800da5b        0x1 
 .rodata.sqrt.str1.4
                0x0800da5c        0x8 d:/ac6/systemworkbench/plugins/fr.ac6.mcu.externaltools.arm-none.win32_1.15.0.201708311556/tools/compiler/bin/../lib/gcc/arm-none-eabi/6.3.1/../../../../arm-none-eabi/lib/thumb/v7e-m/fpv4-sp/hard\libm.a(lib_a-w_sqrt.o)
                                  0x5 (size before relaxing)
 .rodata.npio2_hw
                0x0800da64       0x80 d:/ac6/systemworkbench/plugins/fr.ac6.mcu.externaltools.arm-none.win32_1.15.0.201708311556/tools/compiler/bin/../lib/gcc/arm-none-eabi/6.3.1/../../../../arm-none-eabi/lib/thumb/v7e-m/fpv4-sp/hard\libm.a(lib_a-ef_rem_pio2.o)
 .rodata.two_over_pi
                0x0800dae4      0x318 d:/ac6/systemworkbench/plugins/fr.ac6.mcu.externaltools.arm-none.win32_1.15.0.201708311556/tools/compiler/bin/../lib/gcc/arm-none-eabi/6.3.1/../../../../arm-none-eabi/lib/thumb/v7e-m/fpv4-sp/hard\libm.a(lib_a-ef_rem_pio2.o)
 .rodata.PIo2   0x0800ddfc       0x2c d:/ac6/systemworkbench/plugins/fr.ac6.mcu.externaltools.arm-none.win32_1.15.0.201708311556/tools/compiler/bin/../lib/gcc/arm-none-eabi/6.3.1/../../../../arm-none-eabi/lib/thumb/v7e-m/fpv4-sp/hard\libm.a(lib_a-kf_rem_pio2.o)
 .rodata.init_jk
                0x0800de28        0xc d:/ac6/systemworkbench/plugins/fr.ac6.mcu.externaltools.arm-none.win32_1.15.0.201708311556/tools/compiler/bin/../lib/gcc/arm-none-eabi/6.3.1/../../../../arm-none-eabi/lib/thumb/v7e-m/fpv4-sp/hard\libm.a(lib_a-kf_rem_pio2.o)
 .rodata._printf_float.str1.1
                0x0800de34       0x12 d:/ac6/systemworkbench/plugins/fr.ac6.mcu.externaltools.arm-none.win32_1.15.0.201708311556/tools/compiler/bin/../lib/gcc/arm-none-eabi/6.3.1/../../../../arm-none-eabi/lib/thumb/v7e-m/fpv4-sp/hard\libc_nano.a(lib_a-nano-vfprintf_float.o)
 .rodata._printf_i.str1.1
                0x0800de46       0x22 d:/ac6/systemworkbench/plugins/fr.ac6.mcu.externaltools.arm-none.win32_1.15.0.201708311556/tools/compiler/bin/../lib/gcc/arm-none-eabi/6.3.1/../../../../arm-none-eabi/lib/thumb/v7e-m/fpv4-sp/hard\libc_nano.a(lib_a-nano-vfprintf_i.o)
 .rodata._dtoa_r.str1.1
                0x0800de68        0xd d:/ac6/systemworkbench/plugins/fr.ac6.mcu.externaltools.arm-none.win32_1.15.0.201708311556/tools/compiler/bin/../lib/gcc/arm-none-eabi/6.3.1/../../../../arm-none-eabi/lib/thumb/v7e-m/fpv4-sp/hard\libc_nano.a(lib_a-dtoa.o)
                                  0xf (size before relaxing)
 *fill*         0x0800de75        0x3 
 .rodata.__mprec_bigtens
                0x0800de78       0x28 d:/ac6/systemworkbench/plugins/fr.ac6.mcu.externaltools.arm-none.win32_1.15.0.201708311556/tools/compiler/bin/../lib/gcc/arm-none-eabi/6.3.1/../../../../arm-none-eabi/lib/thumb/v7e-m/fpv4-sp/hard\libc_nano.a(lib_a-mprec.o)
                0x0800de78                __mprec_bigtens
 .rodata.__mprec_tens
                0x0800dea0       0xc8 d:/ac6/systemworkbench/plugins/fr.ac6.mcu.externaltools.arm-none.win32_1.15.0.201708311556/tools/compiler/bin/../lib/gcc/arm-none-eabi/6.3.1/../../../../arm-none-eabi/lib/thumb/v7e-m/fpv4-sp/hard\libc_nano.a(lib_a-mprec.o)
                0x0800dea0                __mprec_tens
 .rodata.p05.7170
                0x0800df68        0xc d:/ac6/systemworkbench/plugins/fr.ac6.mcu.externaltools.arm-none.win32_1.15.0.201708311556/tools/compiler/bin/../lib/gcc/arm-none-eabi/6.3.1/../../../../arm-none-eabi/lib/thumb/v7e-m/fpv4-sp/hard\libc_nano.a(lib_a-mprec.o)
 .rodata._svfprintf_r.str1.1
                0x0800df74       0x11 d:/ac6/systemworkbench/plugins/fr.ac6.mcu.externaltools.arm-none.win32_1.15.0.201708311556/tools/compiler/bin/../lib/gcc/arm-none-eabi/6.3.1/../../../../arm-none-eabi/lib/thumb/v7e-m/fpv4-sp/hard\libc_nano.a(lib_a-nano-svfprintf.o)
 .rodata._setlocale_r.str1.1
                0x0800df85        0x8 d:/ac6/systemworkbench/plugins/fr.ac6.mcu.externaltools.arm-none.win32_1.15.0.201708311556/tools/compiler/bin/../lib/gcc/arm-none-eabi/6.3.1/../../../../arm-none-eabi/lib/thumb/v7e-m/fpv4-sp/hard\libc_nano.a(lib_a-locale.o)
                                  0x9 (size before relaxing)
 .rodata.str1.1
                0x0800df8d        0x2 d:/ac6/systemworkbench/plugins/fr.ac6.mcu.externaltools.arm-none.win32_1.15.0.201708311556/tools/compiler/bin/../lib/gcc/arm-none-eabi/6.3.1/../../../../arm-none-eabi/lib/thumb/v7e-m/fpv4-sp/hard\libc_nano.a(lib_a-locale.o)
 .rodata._ctype_
                0x0800df8f      0x101 d:/ac6/systemworkbench/plugins/fr.ac6.mcu.externaltools.arm-none.win32_1.15.0.201708311556/tools/compiler/bin/../lib/gcc/arm-none-eabi/6.3.1/../../../../arm-none-eabi/lib/thumb/v7e-m/fpv4-sp/hard\libc_nano.a(lib_a-ctype_.o)
                0x0800df8f                _ctype_
                0x0800e090                . = ALIGN (0x4)

.ARM.extab
 *(.ARM.extab* .gnu.linkonce.armextab.*)

.ARM            0x0800e090        0x8
                0x0800e090                __exidx_start = .
 *(.ARM.exidx*)
 .ARM.exidx     0x0800e090        0x8 d:/ac6/systemworkbench/plugins/fr.ac6.mcu.externaltools.arm-none.win32_1.15.0.201708311556/tools/compiler/bin/../lib/gcc/arm-none-eabi/6.3.1/thumb/v7e-m/fpv4-sp/hard\libgcc.a(_udivmoddi4.o)
                0x0800e098                __exidx_end = .

.rel.dyn        0x0800e098        0x0
 .rel.iplt      0x0800e098        0x0 d:/ac6/systemworkbench/plugins/fr.ac6.mcu.externaltools.arm-none.win32_1.15.0.201708311556/tools/compiler/bin/../lib/gcc/arm-none-eabi/6.3.1/thumb/v7e-m/fpv4-sp/hard/crtbegin.o

.preinit_array  0x0800e098        0x0
                0x0800e098                PROVIDE (__preinit_array_start, .)
 *(.preinit_array*)
                0x0800e098                PROVIDE (__preinit_array_end, .)

.init_array     0x0800e098        0x4
                0x0800e098                PROVIDE (__init_array_start, .)
 *(SORT(.init_array.*))
 *(.init_array*)
 .init_array    0x0800e098        0x4 d:/ac6/systemworkbench/plugins/fr.ac6.mcu.externaltools.arm-none.win32_1.15.0.201708311556/tools/compiler/bin/../lib/gcc/arm-none-eabi/6.3.1/thumb/v7e-m/fpv4-sp/hard/crtbegin.o
                0x0800e09c                PROVIDE (__init_array_end, .)

.fini_array     0x0800e09c        0x4
                [!provide]                PROVIDE (__fini_array_start, .)
 *(SORT(.fini_array.*))
 *(.fini_array*)
 .fini_array    0x0800e09c        0x4 d:/ac6/systemworkbench/plugins/fr.ac6.mcu.externaltools.arm-none.win32_1.15.0.201708311556/tools/compiler/bin/../lib/gcc/arm-none-eabi/6.3.1/thumb/v7e-m/fpv4-sp/hard/crtbegin.o
                [!provide]                PROVIDE (__fini_array_end, .)
                0x0800e0a0                _sidata = LOADADDR (.data)

.data           0x20000000      0x20c load address 0x0800e0a0
                0x20000000                . = ALIGN (0x4)
                0x20000000                _sdata = .
 *(.data)
 .data          0x20000000       0x28 Drivers/MPU9250/MPU9250.o
 .data          0x20000028        0x8 Drivers/STM32F4xx_HAL_Driver/Src/stm32f4xx_hal.o
                0x20000028                uwTickFreq
                0x2000002c                uwTickPrio
 .data          0x20000030        0x4 Middlewares/Third_Party/FreeRTOS/Source/portable/GCC/ARM_CM4F/port.o
 .data          0x20000034        0x4 Src/system_stm32f4xx.o
                0x20000034                SystemCoreClock
 *(.data*)
 .data.__fdlib_version
                0x20000038        0x1 d:/ac6/systemworkbench/plugins/fr.ac6.mcu.externaltools.arm-none.win32_1.15.0.201708311556/tools/compiler/bin/../lib/gcc/arm-none-eabi/6.3.1/../../../../arm-none-eabi/lib/thumb/v7e-m/fpv4-sp/hard\libm.a(lib_a-s_lib_ver.o)
                0x20000038                __fdlib_version
 *fill*         0x20000039        0x3 
 .data._impure_ptr
                0x2000003c        0x4 d:/ac6/systemworkbench/plugins/fr.ac6.mcu.externaltools.arm-none.win32_1.15.0.201708311556/tools/compiler/bin/../lib/gcc/arm-none-eabi/6.3.1/../../../../arm-none-eabi/lib/thumb/v7e-m/fpv4-sp/hard\libc_nano.a(lib_a-impure.o)
                0x2000003c                _impure_ptr
 .data.impure_data
                0x20000040       0x60 d:/ac6/systemworkbench/plugins/fr.ac6.mcu.externaltools.arm-none.win32_1.15.0.201708311556/tools/compiler/bin/../lib/gcc/arm-none-eabi/6.3.1/../../../../arm-none-eabi/lib/thumb/v7e-m/fpv4-sp/hard\libc_nano.a(lib_a-impure.o)
 .data.__global_locale
                0x200000a0      0x16c d:/ac6/systemworkbench/plugins/fr.ac6.mcu.externaltools.arm-none.win32_1.15.0.201708311556/tools/compiler/bin/../lib/gcc/arm-none-eabi/6.3.1/../../../../arm-none-eabi/lib/thumb/v7e-m/fpv4-sp/hard\libc_nano.a(lib_a-locale.o)
                0x200000a0                __global_locale
                0x2000020c                . = ALIGN (0x4)
                0x2000020c                _edata = .

.jcr            0x2000020c        0x0 load address 0x0800e2ac
 .jcr           0x2000020c        0x0 d:/ac6/systemworkbench/plugins/fr.ac6.mcu.externaltools.arm-none.win32_1.15.0.201708311556/tools/compiler/bin/../lib/gcc/arm-none-eabi/6.3.1/thumb/v7e-m/fpv4-sp/hard/crtbegin.o

.igot.plt       0x2000020c        0x0 load address 0x0800e2ac
 .igot.plt      0x2000020c        0x0 d:/ac6/systemworkbench/plugins/fr.ac6.mcu.externaltools.arm-none.win32_1.15.0.201708311556/tools/compiler/bin/../lib/gcc/arm-none-eabi/6.3.1/thumb/v7e-m/fpv4-sp/hard/crtbegin.o
                0x2000020c                . = ALIGN (0x4)

.bss            0x2000020c     0x5880 load address 0x0800e2ac
                0x2000020c                _sbss = .
                0x2000020c                __bss_start__ = _sbss
 *(.bss)
 .bss           0x2000020c       0x1c d:/ac6/systemworkbench/plugins/fr.ac6.mcu.externaltools.arm-none.win32_1.15.0.201708311556/tools/compiler/bin/../lib/gcc/arm-none-eabi/6.3.1/thumb/v7e-m/fpv4-sp/hard/crtbegin.o
 .bss           0x20000228      0x12c Middlewares/Third_Party/FreeRTOS/Source/tasks.o
                0x20000328                pxCurrentTCB
 .bss           0x20000354      0x108 Middlewares/Third_Party/FreeRTOS/Source/timers.o
 .bss           0x2000045c        0x8 Middlewares/Third_Party/FreeRTOS/Source/portable/GCC/ARM_CM4F/port.o
 .bss           0x20000464     0x1018 Middlewares/Third_Party/FreeRTOS/Source/portable/MemMang/heap_4.o
 .bss           0x2000147c      0xcc0 Src/freertos.o
 *(.bss*)
 .bss.__malloc_free_list
                0x2000213c        0x4 d:/ac6/systemworkbench/plugins/fr.ac6.mcu.externaltools.arm-none.win32_1.15.0.201708311556/tools/compiler/bin/../lib/gcc/arm-none-eabi/6.3.1/../../../../arm-none-eabi/lib/thumb/v7e-m/fpv4-sp/hard\libc_nano.a(lib_a-nano-mallocr.o)
                0x2000213c                __malloc_free_list