Archive member included to satisfy reference by file (symbol)

D:\Users\Tyler\Documents\tyler\School\University of Toronto\CAN-RGX\CANRGX-Embedded\MPUTest\Lib\libarm_cortexM4lf_math.a(arm_pid_init_f32.o)
                              Src/freertos.o (arm_pid_init_f32)
d:/ac6/systemworkbench/plugins/fr.ac6.mcu.externaltools.arm-none.win32_1.15.0.201708311556/tools/compiler/bin/../lib/gcc/arm-none-eabi/6.3.1/../../../../arm-none-eabi/lib/thumb/v7e-m/fpv4-sp/hard\libm.a(lib_a-sf_cos.o)
                              Src/freertos.o (cosf)
d:/ac6/systemworkbench/plugins/fr.ac6.mcu.externaltools.arm-none.win32_1.15.0.201708311556/tools/compiler/bin/../lib/gcc/arm-none-eabi/6.3.1/../../../../arm-none-eabi/lib/thumb/v7e-m/fpv4-sp/hard\libm.a(lib_a-sf_sin.o)
                              Src/freertos.o (sinf)
d:/ac6/systemworkbench/plugins/fr.ac6.mcu.externaltools.arm-none.win32_1.15.0.201708311556/tools/compiler/bin/../lib/gcc/arm-none-eabi/6.3.1/../../../../arm-none-eabi/lib/thumb/v7e-m/fpv4-sp/hard\libm.a(lib_a-w_sqrt.o)
                              Src/freertos.o (sqrt)
d:/ac6/systemworkbench/plugins/fr.ac6.mcu.externaltools.arm-none.win32_1.15.0.201708311556/tools/compiler/bin/../lib/gcc/arm-none-eabi/6.3.1/../../../../arm-none-eabi/lib/thumb/v7e-m/fpv4-sp/hard\libm.a(lib_a-e_sqrt.o)
                              d:/ac6/systemworkbench/plugins/fr.ac6.mcu.externaltools.arm-none.win32_1.15.0.201708311556/tools/compiler/bin/../lib/gcc/arm-none-eabi/6.3.1/../../../../arm-none-eabi/lib/thumb/v7e-m/fpv4-sp/hard\libm.a(lib_a-w_sqrt.o) (__ieee754_sqrt)
d:/ac6/systemworkbench/plugins/fr.ac6.mcu.externaltools.arm-none.win32_1.15.0.201708311556/tools/compiler/bin/../lib/gcc/arm-none-eabi/6.3.1/../../../../arm-none-eabi/lib/thumb/v7e-m/fpv4-sp/hard\libm.a(lib_a-ef_rem_pio2.o)
                              d:/ac6/systemworkbench/plugins/fr.ac6.mcu.externaltools.arm-none.win32_1.15.0.201708311556/tools/compiler/bin/../lib/gcc/arm-none-eabi/6.3.1/../../../../arm-none-eabi/lib/thumb/v7e-m/fpv4-sp/hard\libm.a(lib_a-sf_cos.o) (__ieee754_rem_pio2f)
d:/ac6/systemworkbench/plugins/fr.ac6.mcu.externaltools.arm-none.win32_1.15.0.201708311556/tools/compiler/bin/../lib/gcc/arm-none-eabi/6.3.1/../../../../arm-none-eabi/lib/thumb/v7e-m/fpv4-sp/hard\libm.a(lib_a-kf_cos.o)
                              d:/ac6/systemworkbench/plugins/fr.ac6.mcu.externaltools.arm-none.win32_1.15.0.201708311556/tools/compiler/bin/../lib/gcc/arm-none-eabi/6.3.1/../../../../arm-none-eabi/lib/thumb/v7e-m/fpv4-sp/hard\libm.a(lib_a-sf_cos.o) (__kernel_cosf)
d:/ac6/systemworkbench/plugins/fr.ac6.mcu.externaltools.arm-none.win32_1.15.0.201708311556/tools/compiler/bin/../lib/gcc/arm-none-eabi/6.3.1/../../../../arm-none-eabi/lib/thumb/v7e-m/fpv4-sp/hard\libm.a(lib_a-kf_rem_pio2.o)
                              d:/ac6/systemworkbench/plugins/fr.ac6.mcu.externaltools.arm-none.win32_1.15.0.201708311556/tools/compiler/bin/../lib/gcc/arm-none-eabi/6.3.1/../../../../arm-none-eabi/lib/thumb/v7e-m/fpv4-sp/hard\libm.a(lib_a-ef_rem_pio2.o) (__kernel_rem_pio2f)
d:/ac6/systemworkbench/plugins/fr.ac6.mcu.externaltools.arm-none.win32_1.15.0.201708311556/tools/compiler/bin/../lib/gcc/arm-none-eabi/6.3.1/../../../../arm-none-eabi/lib/thumb/v7e-m/fpv4-sp/hard\libm.a(lib_a-kf_sin.o)
                              d:/ac6/systemworkbench/plugins/fr.ac6.mcu.externaltools.arm-none.win32_1.15.0.201708311556/tools/compiler/bin/../lib/gcc/arm-none-eabi/6.3.1/../../../../arm-none-eabi/lib/thumb/v7e-m/fpv4-sp/hard\libm.a(lib_a-sf_cos.o) (__kernel_sinf)
d:/ac6/systemworkbench/plugins/fr.ac6.mcu.externaltools.arm-none.win32_1.15.0.201708311556/tools/compiler/bin/../lib/gcc/arm-none-eabi/6.3.1/../../../../arm-none-eabi/lib/thumb/v7e-m/fpv4-sp/hard\libm.a(lib_a-s_lib_ver.o)
                              d:/ac6/systemworkbench/plugins/fr.ac6.mcu.externaltools.arm-none.win32_1.15.0.201708311556/tools/compiler/bin/../lib/gcc/arm-none-eabi/6.3.1/../../../../arm-none-eabi/lib/thumb/v7e-m/fpv4-sp/hard\libm.a(lib_a-w_sqrt.o) (__fdlib_version)
d:/ac6/systemworkbench/plugins/fr.ac6.mcu.externaltools.arm-none.win32_1.15.0.201708311556/tools/compiler/bin/../lib/gcc/arm-none-eabi/6.3.1/../../../../arm-none-eabi/lib/thumb/v7e-m/fpv4-sp/hard\libm.a(lib_a-s_matherr.o)
                              d:/ac6/systemworkbench/plugins/fr.ac6.mcu.externaltools.arm-none.win32_1.15.0.201708311556/tools/compiler/bin/../lib/gcc/arm-none-eabi/6.3.1/../../../../arm-none-eabi/lib/thumb/v7e-m/fpv4-sp/hard\libm.a(lib_a-w_sqrt.o) (matherr)
d:/ac6/systemworkbench/plugins/fr.ac6.mcu.externaltools.arm-none.win32_1.15.0.201708311556/tools/compiler/bin/../lib/gcc/arm-none-eabi/6.3.1/../../../../arm-none-eabi/lib/thumb/v7e-m/fpv4-sp/hard\libm.a(lib_a-sf_fabs.o)
                              d:/ac6/systemworkbench/plugins/fr.ac6.mcu.externaltools.arm-none.win32_1.15.0.201708311556/tools/compiler/bin/../lib/gcc/arm-none-eabi/6.3.1/../../../../arm-none-eabi/lib/thumb/v7e-m/fpv4-sp/hard\libm.a(lib_a-ef_rem_pio2.o) (fabsf)
[...]
Memory Configuration

Name             Origin             Length             Attributes
RAM              0x20000000         0x00020000         xrw
FLASH            0x08000000         0x00080000         xr
*default*        0x00000000         0xffffffff

Linker script and memory map

LOAD d:/ac6/systemworkbench/plugins/fr.ac6.mcu.externaltools.arm-none.win32_1.15.0.201708311556/tools/compiler/bin/../lib/gcc/arm-none-eabi/6.3.1/thumb/v7e-m/fpv4-sp/hard/crti.o
LOAD d:/ac6/systemworkbench/plugins/fr.ac6.mcu.externaltools.arm-none.win32_1.15.0.201708311556/tools/compiler/bin/../lib/gcc/arm-none-eabi/6.3.1/thumb/v7e-m/fpv4-sp/hard/crtbegin.o
LOAD d:/ac6/systemworkbench/plugins/fr.ac6.mcu.externaltools.arm-none.win32_1.15.0.201708311556/tools/compiler/bin/../lib/gcc/arm-none-eabi/6.3.1/../../../../arm-none-eabi/lib/thumb/v7e-m/fpv4-sp/hard/crt0.o
LOAD Drivers/MPU9250/MPU9250.o
LOAD Drivers/STM32F4xx_HAL_Driver/Src/stm32f4xx_hal.o
LOAD Drivers/STM32F4xx_HAL_Driver/Src/stm32f4xx_hal_adc.o
LOAD Drivers/STM32F4xx_HAL_Driver/Src/stm32f4xx_hal_adc_ex.o
LOAD Drivers/STM32F4xx_HAL_Driver/Src/stm32f4xx_hal_cortex.o
LOAD Drivers/STM32F4xx_HAL_Driver/Src/stm32f4xx_hal_dma.o
LOAD Drivers/STM32F4xx_HAL_Driver/Src/stm32f4xx_hal_dma_ex.o
LOAD Drivers/STM32F4xx_HAL_Driver/Src/stm32f4xx_hal_flash.o
LOAD Drivers/STM32F4xx_HAL_Driver/Src/stm32f4xx_hal_flash_ex.o
LOAD Drivers/STM32F4xx_HAL_Driver/Src/stm32f4xx_hal_flash_ramfunc.o
LOAD Drivers/STM32F4xx_HAL_Driver/Src/stm32f4xx_hal_gpio.o
LOAD Drivers/STM32F4xx_HAL_Driver/Src/stm32f4xx_hal_i2c.o
LOAD Drivers/STM32F4xx_HAL_Driver/Src/stm32f4xx_hal_i2c_ex.o
LOAD Drivers/STM32F4xx_HAL_Driver/Src/stm32f4xx_hal_pwr.o
LOAD Drivers/STM32F4xx_HAL_Driver/Src/stm32f4xx_hal_pwr_ex.o
LOAD Drivers/STM32F4xx_HAL_Driver/Src/stm32f4xx_hal_rcc.o
LOAD Drivers/STM32F4xx_HAL_Driver/Src/stm32f4xx_hal_rcc_ex.o
LOAD Drivers/STM32F4xx_HAL_Driver/Src/stm32f4xx_hal_rtc.o
LOAD Drivers/STM32F4xx_HAL_Driver/Src/stm32f4xx_hal_rtc_ex.o
LOAD Drivers/STM32F4xx_HAL_Driver/Src/stm32f4xx_hal_spi.o
LOAD Drivers/STM32F4xx_HAL_Driver/Src/stm32f4xx_hal_tim.o
LOAD Drivers/STM32F4xx_HAL_Driver/Src/stm32f4xx_hal_tim_ex.o
LOAD Drivers/STM32F4xx_HAL_Driver/Src/stm32f4xx_hal_uart.o
LOAD Middlewares/Third_Party/FreeRTOS/Source/CMSIS_RTOS/cmsis_os.o
LOAD Middlewares/Third_Party/FreeRTOS/Source/croutine.o
LOAD Middlewares/Third_Party/FreeRTOS/Source/event_groups.o
LOAD Middlewares/Third_Party/FreeRTOS/Source/list.o
LOAD Middlewares/Third_Party/FreeRTOS/Source/queue.o
LOAD Middlewares/Third_Party/FreeRTOS/Source/tasks.o
LOAD Middlewares/Third_Party/FreeRTOS/Source/timers.o
LOAD Middlewares/Third_Party/FreeRTOS/Source/portable/GCC/ARM_CM4F/port.o
LOAD Middlewares/Third_Party/FreeRTOS/Source/portable/MemMang/heap_4.o
LOAD Src/adc.o
LOAD Src/dma.o
LOAD Src/freertos.o
LOAD Src/gpio.o
LOAD Src/i2c.o
LOAD Src/main.o
LOAD Src/rtc.o
LOAD Src/spi.o
LOAD Src/stm32f4xx_hal_msp.o
LOAD Src/stm32f4xx_hal_timebase_TIM.o
LOAD Src/stm32f4xx_it.o
LOAD Src/system_stm32f4xx.o
LOAD Src/tim.o
LOAD Src/usart.o
LOAD startup/startup_stm32f446xx.o
LOAD D:\Users\Tyler\Documents\tyler\School\University of Toronto\CAN-RGX\CANRGX-Embedded\MPUTest\Lib\libarm_cortexM4lf_math.a
LOAD d:/ac6/systemworkbench/plugins/fr.ac6.mcu.externaltools.arm-none.win32_1.15.0.201708311556/tools/compiler/bin/../lib/gcc/arm-none-eabi/6.3.1/../../../../arm-none-eabi/lib/thumb/v7e-m/fpv4-sp/hard\libm.a
START GROUP
LOAD d:/ac6/systemworkbench/plugins/fr.ac6.mcu.externaltools.arm-none.win32_1.15.0.201708311556/tools/compiler/bin/../lib/gcc/arm-none-eabi/6.3.1/thumb/v7e-m/fpv4-sp/hard\libgcc.a
LOAD d:/ac6/systemworkbench/plugins/fr.ac6.mcu.externaltools.arm-none.win32_1.15.0.201708311556/tools/compiler/bin/../lib/gcc/arm-none-eabi/6.3.1/../../../../arm-none-eabi/lib/thumb/v7e-m/fpv4-sp/hard\libc_nano.a
END GROUP
START GROUP
LOAD d:/ac6/systemworkbench/plugins/fr.ac6.mcu.externaltools.arm-none.win32_1.15.0.201708311556/tools/compiler/bin/../lib/gcc/arm-none-eabi/6.3.1/thumb/v7e-m/fpv4-sp/hard\libgcc.a
LOAD d:/ac6/systemworkbench/plugins/fr.ac6.mcu.externaltools.arm-none.win32_1.15.0.201708311556/tools/compiler/bin/../lib/gcc/arm-none-eabi/6.3.1/../../../../arm-none-eabi/lib/thumb/v7e-m/fpv4-sp/hard\libc_nano.a
LOAD d:/ac6/systemworkbench/plugins/fr.ac6.mcu.externaltools.arm-none.win32_1.15.0.201708311556/tools/compiler/bin/../lib/gcc/arm-none-eabi/6.3.1/../../../../arm-none-eabi/lib/thumb/v7e-m/fpv4-sp/hard\libnosys.a
END GROUP
START GROUP
LOAD d:/ac6/systemworkbench/plugins/fr.ac6.mcu.externaltools.arm-none.win32_1.15.0.201708311556/tools/compiler/bin/../lib/gcc/arm-none-eabi/6.3.1/thumb/v7e-m/fpv4-sp/hard\libgcc.a
LOAD d:/ac6/systemworkbench/plugins/fr.ac6.mcu.externaltools.arm-none.win32_1.15.0.201708311556/tools/compiler/bin/../lib/gcc/arm-none-eabi/6.3.1/../../../../arm-none-eabi/lib/thumb/v7e-m/fpv4-sp/hard\libc_nano.a
LOAD d:/ac6/systemworkbench/plugins/fr.ac6.mcu.externaltools.arm-none.win32_1.15.0.201708311556/tools/compiler/bin/../lib/gcc/arm-none-eabi/6.3.1/../../../../arm-none-eabi/lib/thumb/v7e-m/fpv4-sp/hard\libnosys.a
END GROUP
LOAD d:/ac6/systemworkbench/plugins/fr.ac6.mcu.externaltools.arm-none.win32_1.15.0.201708311556/tools/compiler/bin/../lib/gcc/arm-none-eabi/6.3.1/thumb/v7e-m/fpv4-sp/hard/crtend.o
LOAD d:/ac6/systemworkbench/plugins/fr.ac6.mcu.externaltools.arm-none.win32_1.15.0.201708311556/tools/compiler/bin/../lib/gcc/arm-none-eabi/6.3.1/thumb/v7e-m/fpv4-sp/hard/crtn.o
                0x20020000                _estack = 0x20020000
                0x00000400                _Min_Heap_Size = 0x400
                0x00000800                _Min_Stack_Size = 0x800

.isr_vector     0x08000000      0x1c4
                0x08000000                . = ALIGN (0x4)
 *(.isr_vector)
 .isr_vector    0x08000000      0x1c4 startup/startup_stm32f446xx.o
                0x08000000                g_pfnVectors
                0x080001c4                . = ALIGN (0x4)

.text           0x080001d0     0xd454
                0x080001d0                . = ALIGN (0x4)
 *(.text)
 .text          0x080001d0       0x6c d:/ac6/systemworkbench/plugins/fr.ac6.mcu.externaltools.arm-none.win32_1.15.0.201708311556/tools/compiler/bin/../lib/gcc/arm-none-eabi/6.3.1/thumb/v7e-m/fpv4-sp/hard/crtbegin.o
 .text          0x0800023c      0x370 d:/ac6/systemworkbench/plugins/fr.ac6.mcu.externaltools.arm-none.win32_1.15.0.201708311556/tools/compiler/bin/../lib/gcc/arm-none-eabi/6.3.1/thumb/v7e-m/fpv4-sp/hard\libgcc.a(_arm_addsubdf3.o)
                0x0800023c                __aeabi_drsub
                0x08000244                __aeabi_dsub
                0x08000244                __subdf3
                0x08000248                __aeabi_dadd
                0x08000248                __adddf3
                0x080004c0                __floatunsidf
                0x080004c0                __aeabi_ui2d
                0x080004e0                __floatsidf
                0x080004e0                __aeabi_i2d
                0x08000504                __aeabi_f2d
                0x08000504                __extendsfdf2
                0x08000540                __floatundidf
                0x08000540                __aeabi_ul2d
                0x08000550                __floatdidf
                0x08000550                __aeabi_l2d
 .text          0x080005ac      0x424 d:/ac6/systemworkbench/plugins/fr.ac6.mcu.externaltools.arm-none.win32_1.15.0.201708311556/tools/compiler/bin/../lib/gcc/arm-none-eabi/6.3.1/thumb/v7e-m/fpv4-sp/hard\libgcc.a(_arm_muldivdf3.o)
                0x080005ac                __aeabi_dmul
                0x080005ac                __muldf3
                0x08000800                __divdf3
                0x08000800                __aeabi_ddiv
 .text          0x080009d0      0x110 d:/ac6/systemworkbench/plugins/fr.ac6.mcu.externaltools.arm-none.win32_1.15.0.201708311556/tools/compiler/bin/../lib/gcc/arm-none-eabi/6.3.1/thumb/v7e-m/fpv4-sp/hard\libgcc.a(_arm_cmpdf2.o)
                0x080009d0                __gtdf2
                0x080009d0                __gedf2
                0x080009d8                __ltdf2
                0x080009d8                __ledf2
                0x080009e0                __nedf2
                0x080009e0                __eqdf2
                0x080009e0                __cmpdf2
                0x08000a5c                __aeabi_cdrcmple
                0x08000a6c                __aeabi_cdcmpeq
                0x08000a6c                __aeabi_cdcmple
                0x08000a7c                __aeabi_dcmpeq
                0x08000a90                __aeabi_dcmplt
                0x08000aa4                __aeabi_dcmple
                0x08000ab8                __aeabi_dcmpge
                0x08000acc                __aeabi_dcmpgt
 .text          0x08000ae0       0x2c d:/ac6/systemworkbench/plugins/fr.ac6.mcu.externaltools.arm-none.win32_1.15.0.201708311556/tools/compiler/bin/../lib/gcc/arm-none-eabi/6.3.1/thumb/v7e-m/fpv4-sp/hard\libgcc.a(_arm_unorddf2.o)
                0x08000ae0                __unorddf2
                0x08000ae0                __aeabi_dcmpun
 .text          0x08000b0c       0x40 d:/ac6/systemworkbench/plugins/fr.ac6.mcu.externaltools.arm-none.win32_1.15.0.201708311556/tools/compiler/bin/../lib/gcc/arm-none-eabi/6.3.1/thumb/v7e-m/fpv4-sp/hard\libgcc.a(_arm_fixunsdfsi.o)
                0x08000b0c                __aeabi_d2uiz
                0x08000b0c                __fixunsdfsi
 .text          0x08000b4c       0xa0 d:/ac6/systemworkbench/plugins/fr.ac6.mcu.externaltools.arm-none.win32_1.15.0.201708311556/tools/compiler/bin/../lib/gcc/arm-none-eabi/6.3.1/thumb/v7e-m/fpv4-sp/hard\libgcc.a(_arm_truncdfsf2.o)
                0x08000b4c                __truncdfsf2
                0x08000b4c                __aeabi_d2f
 .text          0x08000bec       0x30 d:/ac6/systemworkbench/plugins/fr.ac6.mcu.externaltools.arm-none.win32_1.15.0.201708311556/tools/compiler/bin/../lib/gcc/arm-none-eabi/6.3.1/thumb/v7e-m/fpv4-sp/hard\libgcc.a(_aeabi_uldivmod.o)
                0x08000bec                __aeabi_uldivmod
 .text          0x08000c1c      0x2dc d:/ac6/systemworkbench/plugins/fr.ac6.mcu.externaltools.arm-none.win32_1.15.0.201708311556/tools/compiler/bin/../lib/gcc/arm-none-eabi/6.3.1/thumb/v7e-m/fpv4-sp/hard\libgcc.a(_udivmoddi4.o)
                0x08000c1c                __udivmoddi4
 .text          0x08000ef8        0x4 d:/ac6/systemworkbench/plugins/fr.ac6.mcu.externaltools.arm-none.win32_1.15.0.201708311556/tools/compiler/bin/../lib/gcc/arm-none-eabi/6.3.1/thumb/v7e-m/fpv4-sp/hard\libgcc.a(_dvmd_tls.o)
                0x08000ef8                __aeabi_idiv0
                0x08000ef8                __aeabi_ldiv0
 .text          0x08000efc       0x10 d:/ac6/systemworkbench/plugins/fr.ac6.mcu.externaltools.arm-none.win32_1.15.0.201708311556/tools/compiler/bin/../lib/gcc/arm-none-eabi/6.3.1/../../../../arm-none-eabi/lib/thumb/v7e-m/fpv4-sp/hard\libc_nano.a(lib_a-strlen.o)
                0x08000efc                strlen
 *fill*         0x08000f0c        0x4 
 .text          0x08000f10       0xa0 d:/ac6/systemworkbench/plugins/fr.ac6.mcu.externaltools.arm-none.win32_1.15.0.201708311556/tools/compiler/bin/../lib/gcc/arm-none-eabi/6.3.1/../../../../arm-none-eabi/lib/thumb/v7e-m/fpv4-sp/hard\libc_nano.a(lib_a-memchr.o)
                0x08000f10                memchr
 .text          0x08000fb0       0x50 d:/ac6/systemworkbench/plugins/fr.ac6.mcu.externaltools.arm-none.win32_1.15.0.201708311556/tools/compiler/bin/../lib/gcc/arm-none-eabi/6.3.1/thumb/v7e-m/fpv4-sp/hard\libgcc.a(_arm_fixdfsi.o)
                0x08000fb0                __aeabi_d2iz
                0x08000fb0                __fixdfsi
 *(.text*)
 .text.wait_for_gpio_state_timeout
                0x08001000       0x46 Drivers/MPU9250/MPU9250.o
 *fill*         0x08001046        0x2 
 .text.MPU9250Init
                0x08001048      0x198 Drivers/MPU9250/MPU9250.o
                0x08001048                MPU9250Init
 .text.accelReadDMA
                0x080011e0       0xe0 Drivers/MPU9250/MPU9250.o
                0x080011e0                accelReadDMA
 .text.generateClocks
                0x080012c0      0x15c Drivers/MPU9250/MPU9250.o
                0x080012c0                generateClocks
 .text.HAL_Init
                0x0800141c       0x34 Drivers/STM32F4xx_HAL_Driver/Src/stm32f4xx_hal.o
                0x0800141c                HAL_Init
 .text.HAL_IncTick
                0x08001450       0x18 Drivers/STM32F4xx_HAL_Driver/Src/stm32f4xx_hal.o
                0x08001450                HAL_IncTick
 .text.HAL_GetTick
                0x08001468        0xc Drivers/STM32F4xx_HAL_Driver/Src/stm32f4xx_hal.o
                0x08001468                HAL_GetTick
 .text.HAL_Delay
                0x08001474       0x28 Drivers/STM32F4xx_HAL_Driver/Src/stm32f4xx_hal.o
                0x08001474                HAL_Delay
 .text.ADC_Init
                0x0800149c      0x130 Drivers/STM32F4xx_HAL_Driver/Src/stm32f4xx_hal_adc.o
 .text.HAL_ADC_Init
                0x080015cc       0x54 Drivers/STM32F4xx_HAL_Driver/Src/stm32f4xx_hal_adc.o
                0x080015cc                HAL_ADC_Init
 .text.HAL_ADC_Start_DMA
                0x08001620      0x144 Drivers/STM32F4xx_HAL_Driver/Src/stm32f4xx_hal_adc.o
                0x08001620                HAL_ADC_Start_DMA
 .text.HAL_ADC_Stop_DMA
                0x08001764       0x5e Drivers/STM32F4xx_HAL_Driver/Src/stm32f4xx_hal_adc.o
                0x08001764                HAL_ADC_Stop_DMA
 .text.ADC_DMAConvCplt
                0x080017c2       0x62 Drivers/STM32F4xx_HAL_Driver/Src/stm32f4xx_hal_adc.o
 .text.ADC_DMAHalfConvCplt
                0x08001824        0xa Drivers/STM32F4xx_HAL_Driver/Src/stm32f4xx_hal_adc.o
 .text.HAL_ADC_ErrorCallback
                0x0800182e        0x2 Drivers/STM32F4xx_HAL_Driver/Src/stm32f4xx_hal_adc.o
                0x0800182e                HAL_ADC_ErrorCallback
 .text.ADC_DMAError
                0x08001830       0x16 Drivers/STM32F4xx_HAL_Driver/Src/stm32f4xx_hal_adc.o
 *fill*         0x08001846        0x2 
 .text.HAL_ADC_ConfigChannel
                0x08001848      0x194 Drivers/STM32F4xx_HAL_Driver/Src/stm32f4xx_hal_adc.o
                0x08001848                HAL_ADC_ConfigChannel
 .text.HAL_ADCEx_InjectedConfigChannel
                0x080019dc      0x214 Drivers/STM32F4xx_HAL_Driver/Src/stm32f4xx_hal_adc_ex.o
                0x080019dc                HAL_ADCEx_InjectedConfigChannel
 .text.HAL_NVIC_SetPriorityGrouping
                0x08001bf0       0x24 Drivers/STM32F4xx_HAL_Driver/Src/stm32f4xx_hal_cortex.o
                0x08001bf0                HAL_NVIC_SetPriorityGrouping
 .text.HAL_NVIC_SetPriority
                0x08001c14       0x64 Drivers/STM32F4xx_HAL_Driver/Src/stm32f4xx_hal_cortex.o
                0x08001c14                HAL_NVIC_SetPriority
 .text.HAL_NVIC_EnableIRQ
                0x08001c78       0x18 Drivers/STM32F4xx_HAL_Driver/Src/stm32f4xx_hal_cortex.o
                0x08001c78                HAL_NVIC_EnableIRQ
 .text.HAL_SYSTICK_Config
                0x08001c90       0x2c Drivers/STM32F4xx_HAL_Driver/Src/stm32f4xx_hal_cortex.o
                0x08001c90                HAL_SYSTICK_Config
 .text.HAL_SYSTICK_CLKSourceConfig
                0x08001cbc       0x20 Drivers/STM32F4xx_HAL_Driver/Src/stm32f4xx_hal_cortex.o
                0x08001cbc                HAL_SYSTICK_CLKSourceConfig
 .text.DMA_SetConfig
                0x08001cdc       0x2c Drivers/STM32F4xx_HAL_Driver/Src/stm32f4xx_hal_dma.o
 .text.DMA_CalcBaseAndBitshift
                0x08001d08       0x3c Drivers/STM32F4xx_HAL_Driver/Src/stm32f4xx_hal_dma.o
 .text.DMA_CheckFifoParam
                0x08001d44       0x8e Drivers/STM32F4xx_HAL_Driver/Src/stm32f4xx_hal_dma.o
 *fill*         0x08001dd2        0x2 
 .text.HAL_DMA_Init
                0x08001dd4       0xd0 Drivers/STM32F4xx_HAL_Driver/Src/stm32f4xx_hal_dma.o
                0x08001dd4                HAL_DMA_Init
 .text.HAL_DMA_Start_IT
                0x08001ea4       0x74 Drivers/STM32F4xx_HAL_Driver/Src/stm32f4xx_hal_dma.o
                0x08001ea4                HAL_DMA_Start_IT
 .text.HAL_DMA_Abort
                0x08001f18       0x94 Drivers/STM32F4xx_HAL_Driver/Src/stm32f4xx_hal_dma.o
                0x08001f18                HAL_DMA_Abort
 .text.HAL_DMA_Abort_IT
                0x08001fac       0x26 Drivers/STM32F4xx_HAL_Driver/Src/stm32f4xx_hal_dma.o
                0x08001fac                HAL_DMA_Abort_IT
 *fill*         0x08001fd2        0x2 
 .text.HAL_DMA_IRQHandler
                0x08001fd4      0x1dc Drivers/STM32F4xx_HAL_Driver/Src/stm32f4xx_hal_dma.o
                0x08001fd4                HAL_DMA_IRQHandler
 .text.HAL_DMA_GetError
                0x080021b0        0x4 Drivers/STM32F4xx_HAL_Driver/Src/stm32f4xx_hal_dma.o
                0x080021b0                HAL_DMA_GetError
 .text.HAL_GPIO_Init
                0x080021b4      0x1c4 Drivers/STM32F4xx_HAL_Driver/Src/stm32f4xx_hal_gpio.o
                0x080021b4                HAL_GPIO_Init
 .text.HAL_GPIO_ReadPin
                0x08002378        0xe Drivers/STM32F4xx_HAL_Driver/Src/stm32f4xx_hal_gpio.o
                0x08002378                HAL_GPIO_ReadPin
 .text.HAL_GPIO_WritePin
                0x08002386        0xc Drivers/STM32F4xx_HAL_Driver/Src/stm32f4xx_hal_gpio.o
                0x08002386                HAL_GPIO_WritePin
 .text.HAL_GPIO_TogglePin
                0x08002392        0x8 Drivers/STM32F4xx_HAL_Driver/Src/stm32f4xx_hal_gpio.o
                0x08002392                HAL_GPIO_TogglePin
 .text.I2C_Master_SB
                0x0800239a       0x8a Drivers/STM32F4xx_HAL_Driver/Src/stm32f4xx_hal_i2c.o
 .text.I2C_Master_ADD10
                0x08002424        0xc Drivers/STM32F4xx_HAL_Driver/Src/stm32f4xx_hal_i2c.o
 .text.I2C_Master_ADDR
                0x08002430      0x1cc Drivers/STM32F4xx_HAL_Driver/Src/stm32f4xx_hal_i2c.o
 .text.I2C_SlaveTransmit_BTF
                0x080025fc       0x20 Drivers/STM32F4xx_HAL_Driver/Src/stm32f4xx_hal_i2c.o
 .text.I2C_SlaveReceive_BTF
                0x0800261c       0x20 Drivers/STM32F4xx_HAL_Driver/Src/stm32f4xx_hal_i2c.o
 .text.I2C_IsAcknowledgeFailed
                0x0800263c       0x2a Drivers/STM32F4xx_HAL_Driver/Src/stm32f4xx_hal_i2c.o
 .text.I2C_WaitOnFlagUntilTimeout
                0x08002666       0x68 Drivers/STM32F4xx_HAL_Driver/Src/stm32f4xx_hal_i2c.o
 .text.I2C_WaitOnMasterAddressFlagUntilTimeout
                0x080026ce       0x90 Drivers/STM32F4xx_HAL_Driver/Src/stm32f4xx_hal_i2c.o
 .text.I2C_WaitOnTXEFlagUntilTimeout
                0x0800275e       0x4e Drivers/STM32F4xx_HAL_Driver/Src/stm32f4xx_hal_i2c.o
 .text.I2C_RequestMemoryWrite
                0x080027ac       0xd4 Drivers/STM32F4xx_HAL_Driver/Src/stm32f4xx_hal_i2c.o
 .text.I2C_RequestMemoryRead
                0x08002880      0x148 Drivers/STM32F4xx_HAL_Driver/Src/stm32f4xx_hal_i2c.o
 .text.I2C_WaitOnBTFFlagUntilTimeout
                0x080029c8       0x4e Drivers/STM32F4xx_HAL_Driver/Src/stm32f4xx_hal_i2c.o
 .text.I2C_WaitOnRXNEFlagUntilTimeout
                0x08002a16       0x5c Drivers/STM32F4xx_HAL_Driver/Src/stm32f4xx_hal_i2c.o
 *fill*         0x08002a72        0x2 
 .text.HAL_I2C_Init
                0x08002a74      0x11c Drivers/STM32F4xx_HAL_Driver/Src/stm32f4xx_hal_i2c.o
                0x08002a74                HAL_I2C_Init
 .text.HAL_I2C_Mem_Write
                0x08002b90      0x17c Drivers/STM32F4xx_HAL_Driver/Src/stm32f4xx_hal_i2c.o
                0x08002b90                HAL_I2C_Mem_Write
 .text.HAL_I2C_Mem_Read
                0x08002d0c      0x2f4 Drivers/STM32F4xx_HAL_Driver/Src/stm32f4xx_hal_i2c.o
                0x08002d0c                HAL_I2C_Mem_Read
 .text.HAL_I2C_Mem_Read_DMA
                0x08003000      0x1c8 Drivers/STM32F4xx_HAL_Driver/Src/stm32f4xx_hal_i2c.o
                0x08003000                HAL_I2C_Mem_Read_DMA
 .text.HAL_I2C_MasterTxCpltCallback
                0x080031c8        0x2 Drivers/STM32F4xx_HAL_Driver/Src/stm32f4xx_hal_i2c.o
                0x080031c8                HAL_I2C_MasterTxCpltCallback
 .text.HAL_I2C_MasterRxCpltCallback
                0x080031ca        0x2 Drivers/STM32F4xx_HAL_Driver/Src/stm32f4xx_hal_i2c.o
                0x080031ca                HAL_I2C_MasterRxCpltCallback
 .text.HAL_I2C_SlaveTxCpltCallback
                0x080031cc        0x2 Drivers/STM32F4xx_HAL_Driver/Src/stm32f4xx_hal_i2c.o
                0x080031cc                HAL_I2C_SlaveTxCpltCallback
 .text.I2C_SlaveTransmit_TXE
                0x080031ce       0x50 Drivers/STM32F4xx_HAL_Driver/Src/stm32f4xx_hal_i2c.o
 .text.HAL_I2C_SlaveRxCpltCallback
                0x0800321e        0x2 Drivers/STM32F4xx_HAL_Driver/Src/stm32f4xx_hal_i2c.o
                0x0800321e                HAL_I2C_SlaveRxCpltCallback
 .text.I2C_SlaveReceive_RXNE
                0x08003220       0x4c Drivers/STM32F4xx_HAL_Driver/Src/stm32f4xx_hal_i2c.o
 .text.HAL_I2C_AddrCallback
                0x0800326c        0x2 Drivers/STM32F4xx_HAL_Driver/Src/stm32f4xx_hal_i2c.o
                0x0800326c                HAL_I2C_AddrCallback
 .text.I2C_Slave_ADDR
                0x0800326e       0x28 Drivers/STM32F4xx_HAL_Driver/Src/stm32f4xx_hal_i2c.o
 .text.HAL_I2C_ListenCpltCallback
                0x08003296        0x2 Drivers/STM32F4xx_HAL_Driver/Src/stm32f4xx_hal_i2c.o
                0x08003296                HAL_I2C_ListenCpltCallback
 .text.I2C_MasterTransmit_TXE
                0x08003298      0x14a Drivers/STM32F4xx_HAL_Driver/Src/stm32f4xx_hal_i2c.o
 .text.I2C_MasterTransmit_BTF
                0x080033e2       0x9e Drivers/STM32F4xx_HAL_Driver/Src/stm32f4xx_hal_i2c.o
 .text.I2C_MasterReceive_RXNE
                0x08003480       0x9c Drivers/STM32F4xx_HAL_Driver/Src/stm32f4xx_hal_i2c.o
 .text.I2C_MasterReceive_BTF
                0x0800351c      0x10c Drivers/STM32F4xx_HAL_Driver/Src/stm32f4xx_hal_i2c.o
 .text.HAL_I2C_ErrorCallback
                0x08003628        0x2 Drivers/STM32F4xx_HAL_Driver/Src/stm32f4xx_hal_i2c.o
                0x08003628                HAL_I2C_ErrorCallback
 .text.I2C_DMAError
                0x0800362a       0x34 Drivers/STM32F4xx_HAL_Driver/Src/stm32f4xx_hal_i2c.o
 .text.I2C_DMAXferCplt
                0x0800365e       0x94 Drivers/STM32F4xx_HAL_Driver/Src/stm32f4xx_hal_i2c.o
 .text.HAL_I2C_AbortCpltCallback
                0x080036f2        0x2 Drivers/STM32F4xx_HAL_Driver/Src/stm32f4xx_hal_i2c.o
                0x080036f2                HAL_I2C_AbortCpltCallback
 .text.I2C_ITError
                0x080036f4      0x14c Drivers/STM32F4xx_HAL_Driver/Src/stm32f4xx_hal_i2c.o
 .text.I2C_Slave_STOPF
                0x08003840      0x104 Drivers/STM32F4xx_HAL_Driver/Src/stm32f4xx_hal_i2c.o
 .text.HAL_I2C_EV_IRQHandler
                0x08003944      0x168 Drivers/STM32F4xx_HAL_Driver/Src/stm32f4xx_hal_i2c.o
                0x08003944                HAL_I2C_EV_IRQHandler
 .text.I2C_DMAAbort
                0x08003aac       0x5e Drivers/STM32F4xx_HAL_Driver/Src/stm32f4xx_hal_i2c.o
 *fill*         0x08003b0a        0x2 
 .text.HAL_PWREx_EnableOverDrive
                0x08003b0c       0x80 Drivers/STM32F4xx_HAL_Driver/Src/stm32f4xx_hal_pwr_ex.o
                0x08003b0c                HAL_PWREx_EnableOverDrive
 .text.HAL_RCC_ClockConfig
                0x08003b8c      0x158 Drivers/STM32F4xx_HAL_Driver/Src/stm32f4xx_hal_rcc.o
                0x08003b8c                HAL_RCC_ClockConfig
 .text.HAL_RCC_GetHCLKFreq
                0x08003ce4        0xc Drivers/STM32F4xx_HAL_Driver/Src/stm32f4xx_hal_rcc.o
                0x08003ce4                HAL_RCC_GetHCLKFreq
 .text.HAL_RCC_GetPCLK1Freq
                0x08003cf0       0x20 Drivers/STM32F4xx_HAL_Driver/Src/stm32f4xx_hal_rcc.o
                0x08003cf0                HAL_RCC_GetPCLK1Freq
 .text.HAL_RCC_GetPCLK2Freq
                0x08003d10       0x20 Drivers/STM32F4xx_HAL_Driver/Src/stm32f4xx_hal_rcc.o
                0x08003d10                HAL_RCC_GetPCLK2Freq
 .text.HAL_RCC_GetClockConfig
                0x08003d30       0x3c Drivers/STM32F4xx_HAL_Driver/Src/stm32f4xx_hal_rcc.o
                0x08003d30                HAL_RCC_GetClockConfig
 .text.HAL_RCCEx_PeriphCLKConfig
                0x08003d6c      0x480 Drivers/STM32F4xx_HAL_Driver/Src/stm32f4xx_hal_rcc_ex.o
                0x08003d6c                HAL_RCCEx_PeriphCLKConfig
 .text.HAL_RCC_GetSysClockFreq
                0x080041ec      0x180 Drivers/STM32F4xx_HAL_Driver/Src/stm32f4xx_hal_rcc_ex.o
                0x080041ec                HAL_RCC_GetSysClockFreq
 .text.HAL_RCC_OscConfig
                0x0800436c      0x3c4 Drivers/STM32F4xx_HAL_Driver/Src/stm32f4xx_hal_rcc_ex.o
                0x0800436c                HAL_RCC_OscConfig
 .text.HAL_RTC_WaitForSynchro
                0x08004730       0x32 Drivers/STM32F4xx_HAL_Driver/Src/stm32f4xx_hal_rtc.o
                0x08004730                HAL_RTC_WaitForSynchro
 .text.RTC_EnterInitMode
                0x08004762       0x3c Drivers/STM32F4xx_HAL_Driver/Src/stm32f4xx_hal_rtc.o
                0x08004762                RTC_EnterInitMode
 .text.HAL_RTC_Init
                0x0800479e       0xc4 Drivers/STM32F4xx_HAL_Driver/Src/stm32f4xx_hal_rtc.o
                0x0800479e                HAL_RTC_Init
 .text.RTC_ByteToBcd2
                0x08004862       0x16 Drivers/STM32F4xx_HAL_Driver/Src/stm32f4xx_hal_rtc.o
                0x08004862                RTC_ByteToBcd2
 .text.HAL_RTC_SetDate
                0x08004878       0xda Drivers/STM32F4xx_HAL_Driver/Src/stm32f4xx_hal_rtc.o
                0x08004878                HAL_RTC_SetDate
 .text.HAL_RTC_SetTime
                0x08004952       0xfe Drivers/STM32F4xx_HAL_Driver/Src/stm32f4xx_hal_rtc.o
                0x08004952                HAL_RTC_SetTime
 .text.RTC_Bcd2ToByte
                0x08004a50       0x12 Drivers/STM32F4xx_HAL_Driver/Src/stm32f4xx_hal_rtc.o
                0x08004a50                RTC_Bcd2ToByte
 .text.HAL_RTC_GetTime
                0x08004a62       0x56 Drivers/STM32F4xx_HAL_Driver/Src/stm32f4xx_hal_rtc.o
                0x08004a62                HAL_RTC_GetTime
 .text.HAL_RTC_GetDate
                0x08004ab8       0x42 Drivers/STM32F4xx_HAL_Driver/Src/stm32f4xx_hal_rtc.o
                0x08004ab8                HAL_RTC_GetDate
 .text.HAL_RTCEx_BKUPWrite
                0x08004afa        0xa Drivers/STM32F4xx_HAL_Driver/Src/stm32f4xx_hal_rtc_ex.o
                0x08004afa                HAL_RTCEx_BKUPWrite
 .text.HAL_RTCEx_BKUPRead
                0x08004b04        0xa Drivers/STM32F4xx_HAL_Driver/Src/stm32f4xx_hal_rtc_ex.o
                0x08004b04                HAL_RTCEx_BKUPRead
 .text.HAL_RTCEx_SetSynchroShift
                0x08004b0e       0xa4 Drivers/STM32F4xx_HAL_Driver/Src/stm32f4xx_hal_rtc_ex.o
                0x08004b0e                HAL_RTCEx_SetSynchroShift
 .text.HAL_SPI_Init
                0x08004bb2       0x80 Drivers/STM32F4xx_HAL_Driver/Src/stm32f4xx_hal_spi.o
                0x08004bb2                HAL_SPI_Init
 *fill*         0x08004c32        0x2 
 .text.TIM_OC1_SetConfig
                0x08004c34       0x64 Drivers/STM32F4xx_HAL_Driver/Src/stm32f4xx_hal_tim.o
 .text.TIM_OC3_SetConfig
                0x08004c98       0x6c Drivers/STM32F4xx_HAL_Driver/Src/stm32f4xx_hal_tim.o
 .text.TIM_OC4_SetConfig
                0x08004d04       0x5c Drivers/STM32F4xx_HAL_Driver/Src/stm32f4xx_hal_tim.o
 .text.HAL_TIM_Base_Start_IT
                0x08004d60       0x18 Drivers/STM32F4xx_HAL_Driver/Src/stm32f4xx_hal_tim.o
                0x08004d60                HAL_TIM_Base_Start_IT
 .text.HAL_TIM_Base_Stop_IT
                0x08004d78       0x2c Drivers/STM32F4xx_HAL_Driver/Src/stm32f4xx_hal_tim.o
                0x08004d78                HAL_TIM_Base_Stop_IT
 .text.HAL_TIM_OC_DelayElapsedCallback
                0x08004da4        0x2 Drivers/STM32F4xx_HAL_Driver/Src/stm32f4xx_hal_tim.o
                0x08004da4                HAL_TIM_OC_DelayElapsedCallback
 .text.HAL_TIM_IC_CaptureCallback
                0x08004da6        0x2 Drivers/STM32F4xx_HAL_Driver/Src/stm32f4xx_hal_tim.o
                0x08004da6                HAL_TIM_IC_CaptureCallback
 .text.HAL_TIM_PWM_PulseFinishedCallback
                0x08004da8        0x2 Drivers/STM32F4xx_HAL_Driver/Src/stm32f4xx_hal_tim.o
                0x08004da8                HAL_TIM_PWM_PulseFinishedCallback
 .text.HAL_TIM_TriggerCallback
                0x08004daa        0x2 Drivers/STM32F4xx_HAL_Driver/Src/stm32f4xx_hal_tim.o
                0x08004daa                HAL_TIM_TriggerCallback
 .text.HAL_TIM_IRQHandler
                0x08004dac      0x17a Drivers/STM32F4xx_HAL_Driver/Src/stm32f4xx_hal_tim.o
                0x08004dac                HAL_TIM_IRQHandler
 *fill*         0x08004f26        0x2 
 .text.TIM_Base_SetConfig
                0x08004f28      0x11c Drivers/STM32F4xx_HAL_Driver/Src/stm32f4xx_hal_tim.o
                0x08004f28                TIM_Base_SetConfig
 .text.HAL_TIM_Base_Init
                0x08005044       0x32 Drivers/STM32F4xx_HAL_Driver/Src/stm32f4xx_hal_tim.o
                0x08005044                HAL_TIM_Base_Init
 .text.HAL_TIM_OC_Init
                0x08005076       0x32 Drivers/STM32F4xx_HAL_Driver/Src/stm32f4xx_hal_tim.o
                0x08005076                HAL_TIM_OC_Init
 .text.HAL_TIM_PWM_Init
                0x080050a8       0x32 Drivers/STM32F4xx_HAL_Driver/Src/stm32f4xx_hal_tim.o
                0x080050a8                HAL_TIM_PWM_Init
 *fill*         0x080050da        0x2 
 .text.TIM_OC2_SetConfig
                0x080050dc       0x70 Drivers/STM32F4xx_HAL_Driver/Src/stm32f4xx_hal_tim.o
                0x080050dc                TIM_OC2_SetConfig
 .text.HAL_TIM_OC_ConfigChannel
                0x0800514c       0x5e Drivers/STM32F4xx_HAL_Driver/Src/stm32f4xx_hal_tim.o
                0x0800514c                HAL_TIM_OC_ConfigChannel
 .text.HAL_TIM_PWM_ConfigChannel
                0x080051aa       0xdc Drivers/STM32F4xx_HAL_Driver/Src/stm32f4xx_hal_tim.o
                0x080051aa                HAL_TIM_PWM_ConfigChannel
 .text.TIM_CCxChannelCmd
                0x08005286       0x1e Drivers/STM32F4xx_HAL_Driver/Src/stm32f4xx_hal_tim.o
                0x08005286                TIM_CCxChannelCmd
 .text.HAL_TIM_PWM_Start
                0x080052a4       0x44 Drivers/STM32F4xx_HAL_Driver/Src/stm32f4xx_hal_tim.o
                0x080052a4                HAL_TIM_PWM_Start
 .text.HAL_TIM_PWM_Stop
                0x080052e8       0x70 Drivers/STM32F4xx_HAL_Driver/Src/stm32f4xx_hal_tim.o
                0x080052e8                HAL_TIM_PWM_Stop
 .text.HAL_TIMEx_MasterConfigSynchronization
                0x08005358       0x52 Drivers/STM32F4xx_HAL_Driver/Src/stm32f4xx_hal_tim_ex.o
                0x08005358                HAL_TIMEx_MasterConfigSynchronization
 .text.HAL_TIMEx_CommutationCallback
                0x080053aa        0x2 Drivers/STM32F4xx_HAL_Driver/Src/stm32f4xx_hal_tim_ex.o
                0x080053aa                HAL_TIMEx_CommutationCallback
 .text.HAL_TIMEx_BreakCallback
                0x080053ac        0x2 Drivers/STM32F4xx_HAL_Driver/Src/stm32f4xx_hal_tim_ex.o
                0x080053ac                HAL_TIMEx_BreakCallback
 .text.UART_EndTxTransfer
                0x080053ae       0x12 Drivers/STM32F4xx_HAL_Driver/Src/stm32f4xx_hal_uart.o
 .text.UART_EndRxTransfer
                0x080053c0       0x1c Drivers/STM32F4xx_HAL_Driver/Src/stm32f4xx_hal_uart.o
 .text.UART_Transmit_IT
                0x080053dc       0x6a Drivers/STM32F4xx_HAL_Driver/Src/stm32f4xx_hal_uart.o
 *fill*         0x08005446        0x2 
 .text.UART_SetConfig
                0x08005448      0x344 Drivers/STM32F4xx_HAL_Driver/Src/stm32f4xx_hal_uart.o
 .text.UART_WaitOnFlagUntilTimeout
                0x0800578c       0x64 Drivers/STM32F4xx_HAL_Driver/Src/stm32f4xx_hal_uart.o
 .text.HAL_UART_Init
                0x080057f0       0x5e Drivers/STM32F4xx_HAL_Driver/Src/stm32f4xx_hal_uart.o
                0x080057f0                HAL_UART_Init
 .text.HAL_UART_Transmit
                0x0800584e       0xe2 Drivers/STM32F4xx_HAL_Driver/Src/stm32f4xx_hal_uart.o
                0x0800584e                HAL_UART_Transmit
 .text.HAL_UART_Receive
                0x08005930       0xe6 Drivers/STM32F4xx_HAL_Driver/Src/stm32f4xx_hal_uart.o
                0x08005930                HAL_UART_Receive
 .text.HAL_UART_Receive_IT
                0x08005a16       0x52 Drivers/STM32F4xx_HAL_Driver/Src/stm32f4xx_hal_uart.o
                0x08005a16                HAL_UART_Receive_IT
 .text.HAL_UART_Transmit_DMA
                0x08005a68       0x8c Drivers/STM32F4xx_HAL_Driver/Src/stm32f4xx_hal_uart.o
                0x08005a68                HAL_UART_Transmit_DMA
 .text.UART_DMATransmitCplt
                0x08005af4       0x30 Drivers/STM32F4xx_HAL_Driver/Src/stm32f4xx_hal_uart.o
 .text.UART_EndTransmit_IT
                0x08005b24       0x1a Drivers/STM32F4xx_HAL_Driver/Src/stm32f4xx_hal_uart.o
 .text.HAL_UART_TxHalfCpltCallback
                0x08005b3e        0x2 Drivers/STM32F4xx_HAL_Driver/Src/stm32f4xx_hal_uart.o
                0x08005b3e                HAL_UART_TxHalfCpltCallback
 .text.UART_DMATxHalfCplt
                0x08005b40        0xa Drivers/STM32F4xx_HAL_Driver/Src/stm32f4xx_hal_uart.o
 .text.UART_Receive_IT
                0x08005b4a       0x94 Drivers/STM32F4xx_HAL_Driver/Src/stm32f4xx_hal_uart.o
 .text.HAL_UART_ErrorCallback
                0x08005bde        0x2 Drivers/STM32F4xx_HAL_Driver/Src/stm32f4xx_hal_uart.o
                0x08005bde                HAL_UART_ErrorCallback
 .text.UART_DMAError
                0x08005be0       0x58 Drivers/STM32F4xx_HAL_Driver/Src/stm32f4xx_hal_uart.o
 .text.HAL_UART_IRQHandler
                0x08005c38      0x120 Drivers/STM32F4xx_HAL_Driver/Src/stm32f4xx_hal_uart.o
                0x08005c38                HAL_UART_IRQHandler
 .text.UART_DMAAbortOnError
                0x08005d58       0x10 Drivers/STM32F4xx_HAL_Driver/Src/stm32f4xx_hal_uart.o
 .text.makeFreeRtosPriority
                0x08005d68        0xc Middlewares/Third_Party/FreeRTOS/Source/CMSIS_RTOS/cmsis_os.o
 .text.inHandlerMode
                0x08005d74        0xc Middlewares/Third_Party/FreeRTOS/Source/CMSIS_RTOS/cmsis_os.o
 .text.osKernelStart
                0x08005d80        0xa Middlewares/Third_Party/FreeRTOS/Source/CMSIS_RTOS/cmsis_os.o
                0x08005d80                osKernelStart
 .text.osThreadCreate
                0x08005d8a       0x6a Middlewares/Third_Party/FreeRTOS/Source/CMSIS_RTOS/cmsis_os.o
                0x08005d8a                osThreadCreate
 .text.osTimerCreate
                0x08005df4       0x44 Middlewares/Third_Party/FreeRTOS/Source/CMSIS_RTOS/cmsis_os.o
                0x08005df4                osTimerCreate
 .text.osTimerStart
                0x08005e38       0x6c Middlewares/Third_Party/FreeRTOS/Source/CMSIS_RTOS/cmsis_os.o
                0x08005e38                osTimerStart
 .text.osTimerStop
                0x08005ea4       0x64 Middlewares/Third_Party/FreeRTOS/Source/CMSIS_RTOS/cmsis_os.o
                0x08005ea4                osTimerStop
 .text.osSemaphoreCreate
                0x08005f08       0x4a Middlewares/Third_Party/FreeRTOS/Source/CMSIS_RTOS/cmsis_os.o
                0x08005f08                osSemaphoreCreate
 .text.osMessageCreate
                0x08005f52       0x28 Middlewares/Third_Party/FreeRTOS/Source/CMSIS_RTOS/cmsis_os.o
                0x08005f52                osMessageCreate
 .text.osSystickHandler
                0x08005f7a       0x10 Middlewares/Third_Party/FreeRTOS/Source/CMSIS_RTOS/cmsis_os.o
                0x08005f7a                osSystickHandler
 .text.vListInitialise
                0x08005f8a       0x16 Middlewares/Third_Party/FreeRTOS/Source/list.o
                0x08005f8a                vListInitialise
 .text.vListInitialiseItem
                0x08005fa0        0x6 Middlewares/Third_Party/FreeRTOS/Source/list.o
                0x08005fa0                vListInitialiseItem
 .text.vListInsertEnd
                0x08005fa6       0x18 Middlewares/Third_Party/FreeRTOS/Source/list.o
                0x08005fa6                vListInsertEnd
 .text.vListInsert
                0x08005fbe       0x34 Middlewares/Third_Party/FreeRTOS/Source/list.o
                0x08005fbe                vListInsert
 .text.uxListRemove
                0x08005ff2       0x26 Middlewares/Third_Party/FreeRTOS/Source/list.o
                0x08005ff2                uxListRemove
 .text.prvIsQueueFull
                0x08006018       0x1e Middlewares/Third_Party/FreeRTOS/Source/queue.o
 .text.prvIsQueueEmpty
                0x08006036       0x1a Middlewares/Third_Party/FreeRTOS/Source/queue.o
 .text.prvCopyDataToQueue
                0x08006050       0x76 Middlewares/Third_Party/FreeRTOS/Source/queue.o
 .text.prvNotifyQueueSetContainer
                0x080060c6       0x7c Middlewares/Third_Party/FreeRTOS/Source/queue.o
 .text.prvCopyDataFromQueue
                0x08006142       0x24 Middlewares/Third_Party/FreeRTOS/Source/queue.o
 .text.prvUnlockQueue
                0x08006166       0x84 Middlewares/Third_Party/FreeRTOS/Source/queue.o
 *fill*         0x080061ea        0x2 
 .text.xQueueGenericReset
                0x080061ec       0x80 Middlewares/Third_Party/FreeRTOS/Source/queue.o
                0x080061ec                xQueueGenericReset
 .text.prvInitialiseNewQueue
                0x0800626c       0x26 Middlewares/Third_Party/FreeRTOS/Source/queue.o
 .text.xQueueGenericCreateStatic
                0x08006292       0xa0 Middlewares/Third_Party/FreeRTOS/Source/queue.o
                0x08006292                xQueueGenericCreateStatic
 .text.xQueueGenericCreate
                0x08006332       0x4e Middlewares/Third_Party/FreeRTOS/Source/queue.o
                0x08006332                xQueueGenericCreate
 .text.xQueueGenericSend
                0x08006380      0x1ac Middlewares/Third_Party/FreeRTOS/Source/queue.o
                0x08006380                xQueueGenericSend
 .text.xQueueGenericSendFromISR
                0x0800652c      0x102 Middlewares/Third_Party/FreeRTOS/Source/queue.o
                0x0800652c                xQueueGenericSendFromISR
 .text.xQueueGiveFromISR
                0x0800662e       0xda Middlewares/Third_Party/FreeRTOS/Source/queue.o
                0x0800662e                xQueueGiveFromISR
 .text.xQueueGenericReceive
                0x08006708      0x1b0 Middlewares/Third_Party/FreeRTOS/Source/queue.o
                0x08006708                xQueueGenericReceive
 .text.vQueueAddToRegistry
                0x080068b8       0x28 Middlewares/Third_Party/FreeRTOS/Source/queue.o
                0x080068b8                vQueueAddToRegistry
 .text.vQueueWaitForMessageRestricted
                0x080068e0       0x52 Middlewares/Third_Party/FreeRTOS/Source/queue.o
                0x080068e0                vQueueWaitForMessageRestricted
 .text.xQueueCreateSet
                0x08006932        0xc Middlewares/Third_Party/FreeRTOS/Source/queue.o
                0x08006932                xQueueCreateSet
 .text.xQueueAddToSet
                0x0800693e       0x26 Middlewares/Third_Party/FreeRTOS/Source/queue.o
                0x0800693e                xQueueAddToSet
 .text.xQueueSelectFromSet
                0x08006964       0x1a Middlewares/Third_Party/FreeRTOS/Source/queue.o
                0x08006964                xQueueSelectFromSet
 *fill*         0x0800697e        0x2 
 .text.prvResetNextTaskUnblockTime
                0x08006980       0x2c Middlewares/Third_Party/FreeRTOS/Source/tasks.o
 .text.prvInitialiseNewTask
                0x080069ac       0x92 Middlewares/Third_Party/FreeRTOS/Source/tasks.o
 *fill*         0x08006a3e        0x2 
 .text.prvInitialiseTaskLists
                0x08006a40       0x58 Middlewares/Third_Party/FreeRTOS/Source/tasks.o
 .text.prvAddNewTaskToReadyList
                0x08006a98       0xac Middlewares/Third_Party/FreeRTOS/Source/tasks.o
 .text.prvDeleteTCB
                0x08006b44       0x3a Middlewares/Third_Party/FreeRTOS/Source/tasks.o
 *fill*         0x08006b7e        0x2 
 .text.prvAddCurrentTaskToDelayedList
                0x08006b80       0x88 Middlewares/Third_Party/FreeRTOS/Source/tasks.o
 .text.xTaskCreateStatic
                0x08006c08       0x56 Middlewares/Third_Party/FreeRTOS/Source/tasks.o
                0x08006c08                xTaskCreateStatic
 .text.xTaskCreate
                0x08006c5e       0x66 Middlewares/Third_Party/FreeRTOS/Source/tasks.o
                0x08006c5e                xTaskCreate
 .text.vTaskStartScheduler
                0x08006cc4       0x98 Middlewares/Third_Party/FreeRTOS/Source/tasks.o
                0x08006cc4                vTaskStartScheduler
 .text.vTaskSuspendAll
                0x08006d5c       0x14 Middlewares/Third_Party/FreeRTOS/Source/tasks.o
                0x08006d5c                vTaskSuspendAll
 .text.xTaskGetTickCount
                0x08006d70        0xc Middlewares/Third_Party/FreeRTOS/Source/tasks.o
                0x08006d70                xTaskGetTickCount
 .text.xTaskIncrementTick
                0x08006d7c      0x114 Middlewares/Third_Party/FreeRTOS/Source/tasks.o
                0x08006d7c                xTaskIncrementTick
 .text.xTaskResumeAll
                0x08006e90       0xf4 Middlewares/Third_Party/FreeRTOS/Source/tasks.o
                0x08006e90                xTaskResumeAll
 .text.vTaskDelayUntil
                0x08006f84       0xac Middlewares/Third_Party/FreeRTOS/Source/tasks.o
                0x08006f84                vTaskDelayUntil
 .text.prvCheckTasksWaitingTermination
                0x08007030       0x54 Middlewares/Third_Party/FreeRTOS/Source/tasks.o
 .text.prvIdleTask
                0x08007084       0x28 Middlewares/Third_Party/FreeRTOS/Source/tasks.o
 .text.vTaskSwitchContext
                0x080070ac       0xa8 Middlewares/Third_Party/FreeRTOS/Source/tasks.o
                0x080070ac                vTaskSwitchContext
 .text.vTaskPlaceOnEventList
                0x08007154       0x34 Middlewares/Third_Party/FreeRTOS/Source/tasks.o
                0x08007154                vTaskPlaceOnEventList
 .text.vTaskPlaceOnEventListRestricted
                0x08007188       0x3c Middlewares/Third_Party/FreeRTOS/Source/tasks.o
                0x08007188                vTaskPlaceOnEventListRestricted
 .text.xTaskRemoveFromEventList
                0x080071c4       0x84 Middlewares/Third_Party/FreeRTOS/Source/tasks.o
                0x080071c4                xTaskRemoveFromEventList
 .text.vTaskSetTimeOutState
                0x08007248       0x28 Middlewares/Third_Party/FreeRTOS/Source/tasks.o
                0x08007248                vTaskSetTimeOutState
 .text.xTaskCheckForTimeOut
                0x08007270       0x80 Middlewares/Third_Party/FreeRTOS/Source/tasks.o
                0x08007270                xTaskCheckForTimeOut
 .text.vTaskMissedYield
                0x080072f0       0x10 Middlewares/Third_Party/FreeRTOS/Source/tasks.o
                0x080072f0                vTaskMissedYield
 .text.xTaskGetSchedulerState
                0x08007300       0x20 Middlewares/Third_Party/FreeRTOS/Source/tasks.o
                0x08007300                xTaskGetSchedulerState
 .text.vTaskPriorityInherit
                0x08007320       0xb0 Middlewares/Third_Party/FreeRTOS/Source/tasks.o
                0x08007320                vTaskPriorityInherit
 .text.xTaskPriorityDisinherit
                0x080073d0       0xb8 Middlewares/Third_Party/FreeRTOS/Source/tasks.o
                0x080073d0                xTaskPriorityDisinherit
 .text.pvTaskIncrementMutexHeldCount
                0x08007488       0x20 Middlewares/Third_Party/FreeRTOS/Source/tasks.o
                0x08007488                pvTaskIncrementMutexHeldCount
 .text.xTaskNotifyWait
                0x080074a8       0xa8 Middlewares/Third_Party/FreeRTOS/Source/tasks.o
                0x080074a8                xTaskNotifyWait
 .text.xTaskGenericNotify
                0x08007550       0xe0 Middlewares/Third_Party/FreeRTOS/Source/tasks.o
                0x08007550                xTaskGenericNotify
 .text.xTaskGenericNotifyFromISR
                0x08007630      0x114 Middlewares/Third_Party/FreeRTOS/Source/tasks.o
                0x08007630                xTaskGenericNotifyFromISR
 .text.prvGetNextExpireTime
                0x08007744       0x20 Middlewares/Third_Party/FreeRTOS/Source/timers.o
 .text.prvInsertTimerInActiveList
                0x08007764       0x44 Middlewares/Third_Party/FreeRTOS/Source/timers.o
 .text.prvCheckForValidListAndQueue
                0x080077a8       0x5c Middlewares/Third_Party/FreeRTOS/Source/timers.o
 .text.prvInitialiseNewTimer
                0x08007804       0x40 Middlewares/Third_Party/FreeRTOS/Source/timers.o
 .text.xTimerCreateTimerTask
                0x08007844       0x6c Middlewares/Third_Party/FreeRTOS/Source/timers.o
                0x08007844                xTimerCreateTimerTask
 .text.xTimerCreate
                0x080078b0       0x38 Middlewares/Third_Party/FreeRTOS/Source/timers.o
                0x080078b0                xTimerCreate
 .text.xTimerCreateStatic
                0x080078e8       0x4c Middlewares/Third_Party/FreeRTOS/Source/timers.o
                0x080078e8                xTimerCreateStatic
 .text.xTimerGenericCommand
                0x08007934       0x6c Middlewares/Third_Party/FreeRTOS/Source/timers.o
                0x08007934                xTimerGenericCommand
 .text.prvSwitchTimerLists
                0x080079a0       0x88 Middlewares/Third_Party/FreeRTOS/Source/timers.o
 .text.prvSampleTimeNow
                0x08007a28       0x30 Middlewares/Third_Party/FreeRTOS/Source/timers.o
 .text.prvProcessExpiredTimer
                0x08007a58       0x60 Middlewares/Third_Party/FreeRTOS/Source/timers.o
 .text.prvProcessTimerOrBlockTask
                0x08007ab8       0x70 Middlewares/Third_Party/FreeRTOS/Source/timers.o
 .text.prvProcessReceivedCommands
                0x08007b28       0xec Middlewares/Third_Party/FreeRTOS/Source/timers.o
 .text.prvTimerTask
                0x08007c14       0x16 Middlewares/Third_Party/FreeRTOS/Source/timers.o
 *fill*         0x08007c2a        0x2 
 .text.prvTaskExitError
                0x08007c2c       0x34 Middlewares/Third_Party/FreeRTOS/Source/portable/GCC/ARM_CM4F/port.o
 .text.prvPortStartFirstTask
                0x08007c60       0x20 Middlewares/Third_Party/FreeRTOS/Source/portable/GCC/ARM_CM4F/port.o
 .text.vPortEnableVFP
                0x08007c80       0x14 Middlewares/Third_Party/FreeRTOS/Source/portable/GCC/ARM_CM4F/port.o
 .text.pxPortInitialiseStack
                0x08007c94       0x2c Middlewares/Third_Party/FreeRTOS/Source/portable/GCC/ARM_CM4F/port.o
                0x08007c94                pxPortInitialiseStack
 .text.SVC_Handler
                0x08007cc0       0x24 Middlewares/Third_Party/FreeRTOS/Source/portable/GCC/ARM_CM4F/port.o
                0x08007cc0                SVC_Handler
 .text.vPortEnterCritical
                0x08007ce4       0x44 Middlewares/Third_Party/FreeRTOS/Source/portable/GCC/ARM_CM4F/port.o
                0x08007ce4                vPortEnterCritical
 .text.vPortExitCritical
                0x08007d28       0x2c Middlewares/Third_Party/FreeRTOS/Source/portable/GCC/ARM_CM4F/port.o
                0x08007d28                vPortExitCritical
 *fill*         0x08007d54        0xc 
 .text.PendSV_Handler
                0x08007d60       0x64 Middlewares/Third_Party/FreeRTOS/Source/portable/GCC/ARM_CM4F/port.o
                0x08007d60                PendSV_Handler
 .text.xPortSysTickHandler
                0x08007dc4       0x2c Middlewares/Third_Party/FreeRTOS/Source/portable/GCC/ARM_CM4F/port.o
                0x08007dc4                xPortSysTickHandler
 .text.vPortSetupTimerInterrupt
                0x08007df0       0x2c Middlewares/Third_Party/FreeRTOS/Source/portable/GCC/ARM_CM4F/port.o
                0x08007df0                vPortSetupTimerInterrupt
 .text.xPortStartScheduler
                0x08007e1c       0xe8 Middlewares/Third_Party/FreeRTOS/Source/portable/GCC/ARM_CM4F/port.o
                0x08007e1c                xPortStartScheduler
 .text.vPortValidateInterruptPriority
                0x08007f04       0x58 Middlewares/Third_Party/FreeRTOS/Source/portable/GCC/ARM_CM4F/port.o
                0x08007f04                vPortValidateInterruptPriority
 .text.prvHeapInit
                0x08007f5c       0x58 Middlewares/Third_Party/FreeRTOS/Source/portable/MemMang/heap_4.o
 .text.prvInsertBlockIntoFreeList
                0x08007fb4       0x58 Middlewares/Third_Party/FreeRTOS/Source/portable/MemMang/heap_4.o
 .text.pvPortMalloc
                0x0800800c      0x108 Middlewares/Third_Party/FreeRTOS/Source/portable/MemMang/heap_4.o
                0x0800800c                pvPortMalloc
 .text.vPortFree
                0x08008114       0x70 Middlewares/Third_Party/FreeRTOS/Source/portable/MemMang/heap_4.o
                0x08008114                vPortFree
 .text.MX_ADC1_Init
                0x08008184      0x14c Src/adc.o
                0x08008184                MX_ADC1_Init
 .text.MX_ADC2_Init
                0x080082d0       0x70 Src/adc.o
                0x080082d0                MX_ADC2_Init
 .text.MX_ADC3_Init
                0x08008340       0x70 Src/adc.o
                0x08008340                MX_ADC3_Init
 .text.HAL_ADC_MspInit
                0x080083b0      0x118 Src/adc.o
                0x080083b0                HAL_ADC_MspInit
 .text.HAL_ADC_ConvHalfCpltCallback
                0x080084c8        0x2 Src/adc.o
                0x080084c8                HAL_ADC_ConvHalfCpltCallback
 *fill*         0x080084ca        0x2 
 .text.HAL_ADC_ConvCpltCallback
                0x080084cc       0x84 Src/adc.o
                0x080084cc                HAL_ADC_ConvCpltCallback
 .text.Temp_Scan_Start
                0x08008550       0x24 Src/adc.o
                0x08008550                Temp_Scan_Start
 .text.Temp_Scan_Stop
                0x08008574       0x18 Src/adc.o
                0x08008574                Temp_Scan_Stop
 .text.MX_DMA_Init
                0x0800858c       0x78 Src/dma.o
                0x0800858c                MX_DMA_Init
 .text.StartDefaultTask
                0x08008604        0x2 Src/freertos.o
                0x08008604                StartDefaultTask
 *fill*         0x08008606        0x2 
 .text.StartControlTask
                0x08008608      0x2d0 Src/freertos.o
                0x08008608                StartControlTask
 .text.StartTxTask
                0x080088d8      0x148 Src/freertos.o
                0x080088d8                StartTxTask
 .text.StartMPU9250Task
                0x08008a20      0x128 Src/freertos.o
                0x08008a20                StartMPU9250Task
 .text.StartRxTask
                0x08008b48       0x64 Src/freertos.o
                0x08008b48                StartRxTask
 .text.StartTempTask
                0x08008bac       0x74 Src/freertos.o
                0x08008bac                StartTempTask
 .text.tmrLEDCallback
                0x08008c20       0x10 Src/freertos.o
                0x08008c20                tmrLEDCallback
 .text.configureTimerForRunTimeStats
                0x08008c30        0x2 Src/freertos.o
                0x08008c30                configureTimerForRunTimeStats
 .text.getRunTimeCounterValue
                0x08008c32        0x4 Src/freertos.o
                0x08008c32                getRunTimeCounterValue
 *fill*         0x08008c36        0x2 
 .text.vApplicationGetIdleTaskMemory
                0x08008c38       0x14 Src/freertos.o
                0x08008c38                vApplicationGetIdleTaskMemory
 .text.vApplicationGetTimerTaskMemory
                0x08008c4c       0x20 Src/freertos.o
                0x08008c4c                vApplicationGetTimerTaskMemory
 .text.MX_FREERTOS_Init
                0x08008c6c      0x1f0 Src/freertos.o
                0x08008c6c                MX_FREERTOS_Init
 .text.MX_GPIO_Init
                0x08008e5c       0xa0 Src/gpio.o
                0x08008e5c                MX_GPIO_Init
 .text.MX_I2C1_Init
                0x08008efc       0x44 Src/i2c.o
                0x08008efc                MX_I2C1_Init
 .text.MX_I2C3_Init
                0x08008f40       0x44 Src/i2c.o
                0x08008f40                MX_I2C3_Init
 .text.HAL_I2C_MspInit
                0x08008f84      0x160 Src/i2c.o
                0x08008f84                HAL_I2C_MspInit
 .text.HAL_I2C_MemRxCpltCallback
                0x080090e4       0x20 Src/i2c.o
                0x080090e4                HAL_I2C_MemRxCpltCallback
 .text.HAL_I2C_MemTxCpltCallback
                0x08009104       0x20 Src/i2c.o
                0x08009104                HAL_I2C_MemTxCpltCallback
 .text.HAL_TIM_PeriodElapsedCallback
                0x08009124       0x18 Src/main.o
                0x08009124                HAL_TIM_PeriodElapsedCallback
 .text._Error_Handler
                0x0800913c        0x2 Src/main.o
                0x0800913c                _Error_Handler
 *fill*         0x0800913e        0x2 
 .text.SystemClock_Config
                0x08009140       0xf8 Src/main.o
                0x08009140                SystemClock_Config
 .text.main     0x08009238      0x4e0 Src/main.o
                0x08009238                main
 .text.MX_RTC_Init
                0x08009718       0xb8 Src/rtc.o
                0x08009718                MX_RTC_Init
 .text.HAL_RTC_MspInit
                0x080097d0       0x1c Src/rtc.o
                0x080097d0                HAL_RTC_MspInit
 .text.MANUAL_MX_RTC_Init
                0x080097ec       0x9c Src/rtc.o
                0x080097ec                MANUAL_MX_RTC_Init
 .text.MX_SPI2_Init
                0x08009888       0x48 Src/spi.o
                0x08009888                MX_SPI2_Init
 .text.HAL_SPI_MspInit
                0x080098d0       0x88 Src/spi.o
                0x080098d0                HAL_SPI_MspInit
 .text.HAL_MspInit
                0x08009958       0x5e Src/stm32f4xx_hal_msp.o
                0x08009958                HAL_MspInit
 *fill*         0x080099b6        0x2 
 .text.HAL_InitTick
                0x080099b8       0x7c Src/stm32f4xx_hal_timebase_TIM.o
                0x080099b8                HAL_InitTick
 .text.SysTick_Handler
                0x08009a34        0x8 Src/stm32f4xx_it.o
                0x08009a34                SysTick_Handler
 .text.DMA1_Stream0_IRQHandler
                0x08009a3c       0x10 Src/stm32f4xx_it.o
                0x08009a3c                DMA1_Stream0_IRQHandler
 .text.DMA1_Stream1_IRQHandler
                0x08009a4c       0x10 Src/stm32f4xx_it.o
                0x08009a4c                DMA1_Stream1_IRQHandler
 .text.DMA1_Stream6_IRQHandler
                0x08009a5c       0x10 Src/stm32f4xx_it.o
                0x08009a5c                DMA1_Stream6_IRQHandler
 .text.TIM1_UP_TIM10_IRQHandler
                0x08009a6c       0x34 Src/stm32f4xx_it.o
                0x08009a6c                TIM1_UP_TIM10_IRQHandler
 .text.I2C1_EV_IRQHandler
                0x08009aa0       0x10 Src/stm32f4xx_it.o
                0x08009aa0                I2C1_EV_IRQHandler
 .text.USART2_IRQHandler
                0x08009ab0       0x10 Src/stm32f4xx_it.o
                0x08009ab0                USART2_IRQHandler
 .text.TIM6_DAC_IRQHandler
                0x08009ac0       0x10 Src/stm32f4xx_it.o
                0x08009ac0                TIM6_DAC_IRQHandler
 .text.DMA2_Stream0_IRQHandler
                0x08009ad0       0x10 Src/stm32f4xx_it.o
                0x08009ad0                DMA2_Stream0_IRQHandler
 .text.I2C3_EV_IRQHandler
                0x08009ae0       0x10 Src/stm32f4xx_it.o
                0x08009ae0                I2C3_EV_IRQHandler
 .text.SystemInit
                0x08009af0       0x4c Src/system_stm32f4xx.o
                0x08009af0                SystemInit
 .text.MX_TIM10_Init
                0x08009b3c       0x34 Src/tim.o
                0x08009b3c                MX_TIM10_Init
 .text.HAL_TIM_OC_MspInit
                0x08009b70       0x30 Src/tim.o
                0x08009b70                HAL_TIM_OC_MspInit
 .text.HAL_TIM_Base_MspInit
                0x08009ba0       0x40 Src/tim.o
                0x08009ba0                HAL_TIM_Base_MspInit
 .text.HAL_TIM_PWM_MspInit
                0x08009be0       0x30 Src/tim.o
                0x08009be0                HAL_TIM_PWM_MspInit
 .text.HAL_TIM_MspPostInit
                0x08009c10       0x74 Src/tim.o
                0x08009c10                HAL_TIM_MspPostInit
 .text.MX_TIM3_Init
                0x08009c84       0xc8 Src/tim.o
                0x08009c84                MX_TIM3_Init
 .text.MX_TIM12_Init
                0x08009d4c       0x78 Src/tim.o
                0x08009d4c                MX_TIM12_Init
 *fill*         0x08009dc4        0x4 
 .text.setMagnet
                0x08009dc8      0x4b8 Src/tim.o
                0x08009dc8                setMagnet
 .text.TEC_set_valuef
                0x0800a280       0xc4 Src/tim.o
                0x0800a280                TEC_set_valuef
 .text.TEC_stop
                0x0800a344       0x1c Src/tim.o
                0x0800a344                TEC_stop
 .text.MX_USART2_UART_Init
                0x0800a360       0x3c Src/usart.o
                0x0800a360                MX_USART2_UART_Init
 .text.HAL_UART_MspInit
                0x0800a39c       0xa8 Src/usart.o
                0x0800a39c                HAL_UART_MspInit
 .text.HAL_UART_TxCpltCallback
                0x0800a444       0x30 Src/usart.o
                0x0800a444                HAL_UART_TxCpltCallback
 .text.HAL_UART_RxCpltCallback
                0x0800a474       0x38 Src/usart.o
                0x0800a474                HAL_UART_RxCpltCallback
 .text.Reset_Handler
                0x0800a4ac       0x50 startup/startup_stm32f446xx.o
                0x0800a4ac                Reset_Handler
 *fill*         0x0800a4fc        0x4 
 .text.Default_Handler
                0x0800a500       0x14 startup/startup_stm32f446xx.o
                0x0800a500                RTC_Alarm_IRQHandler
                0x0800a500                EXTI2_IRQHandler
                0x0800a500                TIM8_CC_IRQHandler
                0x0800a500                DebugMon_Handler
                0x0800a500                SPI4_IRQHandler
                0x0800a500                TIM1_CC_IRQHandler
                0x0800a500                DMA2_Stream5_IRQHandler
                0x0800a500                HardFault_Handler
                0x0800a500                DMA1_Stream5_IRQHandler
                0x0800a500                PVD_IRQHandler
                0x0800a500                SDIO_IRQHandler
                0x0800a500                TAMP_STAMP_IRQHandler
                0x0800a500                NMI_Handler
                0x0800a500                CAN2_RX1_IRQHandler
                0x0800a500                EXTI3_IRQHandler
                0x0800a500                TIM8_TRG_COM_TIM14_IRQHandler
                0x0800a500                TIM8_UP_TIM13_IRQHandler
                0x0800a500                I2C3_ER_IRQHandler
                0x0800a500                FMPI2C1_Event_IRQHandler
                0x0800a500                EXTI0_IRQHandler
                0x0800a500                I2C2_EV_IRQHandler
                0x0800a500                DMA1_Stream2_IRQHandler
                0x0800a500                CAN1_RX0_IRQHandler
                0x0800a500                FPU_IRQHandler
                0x0800a500                OTG_HS_WKUP_IRQHandler
                0x0800a500                UsageFault_Handler
                0x0800a500                CAN2_SCE_IRQHandler
                0x0800a500                DMA2_Stream2_IRQHandler
                0x0800a500                SPI1_IRQHandler
                0x0800a500                TIM1_BRK_TIM9_IRQHandler
                0x0800a500                DCMI_IRQHandler
                0x0800a500                CAN2_RX0_IRQHandler
                0x0800a500                DMA2_Stream3_IRQHandler
                0x0800a500                SAI2_IRQHandler
                0x0800a500                USART6_IRQHandler
                0x0800a500                USART3_IRQHandler
                0x0800a500                CAN1_RX1_IRQHandler
                0x0800a500                UART5_IRQHandler
                0x0800a500                TIM4_IRQHandler
                0x0800a500                QUADSPI_IRQHandler
                0x0800a500                UART4_IRQHandler
                0x0800a500                TIM3_IRQHandler
                0x0800a500                RCC_IRQHandler
                0x0800a500                TIM8_BRK_TIM12_IRQHandler
                0x0800a500                Default_Handler
                0x0800a500                CEC_IRQHandler
                0x0800a500                EXTI15_10_IRQHandler
                0x0800a500                ADC_IRQHandler
                0x0800a500                DMA1_Stream7_IRQHandler
                0x0800a500                TIM7_IRQHandler
                0x0800a500                CAN2_TX_IRQHandler
                0x0800a500                TIM5_IRQHandler
                0x0800a500                DMA2_Stream7_IRQHandler
                0x0800a500                EXTI9_5_IRQHandler
                0x0800a500                RTC_WKUP_IRQHandler
                0x0800a500                SPDIF_RX_IRQHandler
                0x0800a500                SPI2_IRQHandler
                0x0800a500                OTG_HS_EP1_IN_IRQHandler
                0x0800a500                MemManage_Handler
                0x0800a500                CAN1_TX_IRQHandler
                0x0800a500                EXTI4_IRQHandler
                0x0800a500                OTG_HS_EP1_OUT_IRQHandler
                0x0800a500                WWDG_IRQHandler
                0x0800a500                TIM2_IRQHandler
                0x0800a500                OTG_FS_WKUP_IRQHandler
                0x0800a500                TIM1_TRG_COM_TIM11_IRQHandler
                0x0800a500                OTG_HS_IRQHandler
                0x0800a500                EXTI1_IRQHandler
                0x0800a500                I2C2_ER_IRQHandler
                0x0800a500                DMA2_Stream1_IRQHandler
                0x0800a500                CAN1_SCE_IRQHandler
                0x0800a500                FLASH_IRQHandler
                0x0800a500                DMA2_Stream4_IRQHandler
                0x0800a500                BusFault_Handler
                0x0800a500                USART1_IRQHandler
                0x0800a500                OTG_FS_IRQHandler
                0x0800a500                SPI3_IRQHandler
                0x0800a500                DMA1_Stream4_IRQHandler
                0x0800a500                I2C1_ER_IRQHandler
                0x0800a500                FMC_IRQHandler
                0x0800a500                DMA2_Stream6_IRQHandler
                0x0800a500                SAI1_IRQHandler
                0x0800a500                DMA1_Stream3_IRQHandler
                0x0800a500                FMPI2C1_Error_IRQHandler
 .text.cosf     0x0800a514       0x90 d:/ac6/systemworkbench/plugins/fr.ac6.mcu.externaltools.arm-none.win32_1.15.0.201708311556/tools/compiler/bin/../lib/gcc/arm-none-eabi/6.3.1/../../../../arm-none-eabi/lib/thumb/v7e-m/fpv4-sp/hard\libm.a(lib_a-sf_cos.o)
                0x0800a514                cosf
 .text.sinf     0x0800a5a4       0x94 d:/ac6/systemworkbench/plugins/fr.ac6.mcu.externaltools.arm-none.win32_1.15.0.201708311556/tools/compiler/bin/../lib/gcc/arm-none-eabi/6.3.1/../../../../arm-none-eabi/lib/thumb/v7e-m/fpv4-sp/hard\libm.a(lib_a-sf_sin.o)
                0x0800a5a4                sinf
 .text.sqrt     0x0800a638       0xb8 d:/ac6/systemworkbench/plugins/fr.ac6.mcu.externaltools.arm-none.win32_1.15.0.201708311556/tools/compiler/bin/../lib/gcc/arm-none-eabi/6.3.1/../../../../arm-none-eabi/lib/thumb/v7e-m/fpv4-sp/hard\libm.a(lib_a-w_sqrt.o)
                0x0800a638                sqrt
 .text.__ieee754_sqrt
                0x0800a6f0      0x198 d:/ac6/systemworkbench/plugins/fr.ac6.mcu.externaltools.arm-none.win32_1.15.0.201708311556/tools/compiler/bin/../lib/gcc/arm-none-eabi/6.3.1/../../../../arm-none-eabi/lib/thumb/v7e-m/fpv4-sp/hard\libm.a(lib_a-e_sqrt.o)
                0x0800a6f0                __ieee754_sqrt
 .text.__ieee754_rem_pio2f
                0x0800a888      0x290 d:/ac6/systemworkbench/plugins/fr.ac6.mcu.externaltools.arm-none.win32_1.15.0.201708311556/tools/compiler/bin/../lib/gcc/arm-none-eabi/6.3.1/../../../../arm-none-eabi/lib/thumb/v7e-m/fpv4-sp/hard\libm.a(lib_a-ef_rem_pio2.o)
                0x0800a888                __ieee754_rem_pio2f
 .text.__kernel_cosf
                0x0800ab18      0x104 d:/ac6/systemworkbench/plugins/fr.ac6.mcu.externaltools.arm-none.win32_1.15.0.201708311556/tools/compiler/bin/../lib/gcc/arm-none-eabi/6.3.1/../../../../arm-none-eabi/lib/thumb/v7e-m/fpv4-sp/hard\libm.a(lib_a-kf_cos.o)
                0x0800ab18                __kernel_cosf
 .text.__kernel_rem_pio2f
                0x0800ac1c      0x690 d:/ac6/systemworkbench/plugins/fr.ac6.mcu.externaltools.arm-none.win32_1.15.0.201708311556/tools/compiler/bin/../lib/gcc/arm-none-eabi/6.3.1/../../../../arm-none-eabi/lib/thumb/v7e-m/fpv4-sp/hard\libm.a(lib_a-kf_rem_pio2.o)
                0x0800ac1c                __kernel_rem_pio2f
 .text.__kernel_sinf
                0x0800b2ac       0x90 d:/ac6/systemworkbench/plugins/fr.ac6.mcu.externaltools.arm-none.win32_1.15.0.201708311556/tools/compiler/bin/../lib/gcc/arm-none-eabi/6.3.1/../../../../arm-none-eabi/lib/thumb/v7e-m/fpv4-sp/hard\libm.a(lib_a-kf_sin.o)
                0x0800b2ac                __kernel_sinf
 .text.matherr  0x0800b33c        0x4 d:/ac6/systemworkbench/plugins/fr.ac6.mcu.externaltools.arm-none.win32_1.15.0.201708311556/tools/compiler/bin/../lib/gcc/arm-none-eabi/6.3.1/../../../../arm-none-eabi/lib/thumb/v7e-m/fpv4-sp/hard\libm.a(lib_a-s_matherr.o)
                0x0800b33c                matherr
 .text.fabsf    0x0800b340       0x10 d:/ac6/systemworkbench/plugins/fr.ac6.mcu.externaltools.arm-none.win32_1.15.0.201708311556/tools/compiler/bin/../lib/gcc/arm-none-eabi/6.3.1/../../../../arm-none-eabi/lib/thumb/v7e-m/fpv4-sp/hard\libm.a(lib_a-sf_fabs.o)
                0x0800b340                fabsf
 .text.floorf   0x0800b350       0x90 d:/ac6/systemworkbench/plugins/fr.ac6.mcu.externaltools.arm-none.win32_1.15.0.201708311556/tools/compiler/bin/../lib/gcc/arm-none-eabi/6.3.1/../../../../arm-none-eabi/lib/thumb/v7e-m/fpv4-sp/hard\libm.a(lib_a-sf_floor.o)
                0x0800b350                floorf
 .text.scalbnf  0x0800b3e0       0xd0 d:/ac6/systemworkbench/plugins/fr.ac6.mcu.externaltools.arm-none.win32_1.15.0.201708311556/tools/compiler/bin/../lib/gcc/arm-none-eabi/6.3.1/../../../../arm-none-eabi/lib/thumb/v7e-m/fpv4-sp/hard\libm.a(lib_a-sf_scalbn.o)
                0x0800b3e0                scalbnf
 .text.copysignf
                0x0800b4b0       0x18 d:/ac6/systemworkbench/plugins/fr.ac6.mcu.externaltools.arm-none.win32_1.15.0.201708311556/tools/compiler/bin/../lib/gcc/arm-none-eabi/6.3.1/../../../../arm-none-eabi/lib/thumb/v7e-m/fpv4-sp/hard\libm.a(lib_a-sf_copysign.o)
                0x0800b4b0                copysignf
 .text.__errno  0x0800b4c8        0xc d:/ac6/systemworkbench/plugins/fr.ac6.mcu.externaltools.arm-none.win32_1.15.0.201708311556/tools/compiler/bin/../lib/gcc/arm-none-eabi/6.3.1/../../../../arm-none-eabi/lib/thumb/v7e-m/fpv4-sp/hard\libc_nano.a(lib_a-errno.o)
                0x0800b4c8                __errno
 .text.__libc_init_array
                0x0800b4d4       0x48 d:/ac6/systemworkbench/plugins/fr.ac6.mcu.externaltools.arm-none.win32_1.15.0.201708311556/tools/compiler/bin/../lib/gcc/arm-none-eabi/6.3.1/../../../../arm-none-eabi/lib/thumb/v7e-m/fpv4-sp/hard\libc_nano.a(lib_a-init.o)
                0x0800b4d4                __libc_init_array
 .text.memcpy   0x0800b51c       0x16 d:/ac6/systemworkbench/plugins/fr.ac6.mcu.externaltools.arm-none.win32_1.15.0.201708311556/tools/compiler/bin/../lib/gcc/arm-none-eabi/6.3.1/../../../../arm-none-eabi/lib/thumb/v7e-m/fpv4-sp/hard\libc_nano.a(lib_a-memcpy-stub.o)
                0x0800b51c                memcpy
 .text.memset   0x0800b532       0x10 d:/ac6/systemworkbench/plugins/fr.ac6.mcu.externaltools.arm-none.win32_1.15.0.201708311556/tools/compiler/bin/../lib/gcc/arm-none-eabi/6.3.1/../../../../arm-none-eabi/lib/thumb/v7e-m/fpv4-sp/hard\libc_nano.a(lib_a-memset.o)
                0x0800b532                memset
 .text.__cvt    0x0800b542       0xc2 d:/ac6/systemworkbench/plugins/fr.ac6.mcu.externaltools.arm-none.win32_1.15.0.201708311556/tools/compiler/bin/../lib/gcc/arm-none-eabi/6.3.1/../../../../arm-none-eabi/lib/thumb/v7e-m/fpv4-sp/hard\libc_nano.a(lib_a-nano-vfprintf_float.o)
                0x0800b542                __cvt
 .text.__exponent
                0x0800b604       0x6a d:/ac6/systemworkbench/plugins/fr.ac6.mcu.externaltools.arm-none.win32_1.15.0.201708311556/tools/compiler/bin/../lib/gcc/arm-none-eabi/6.3.1/../../../../arm-none-eabi/lib/thumb/v7e-m/fpv4-sp/hard\libc_nano.a(lib_a-nano-vfprintf_float.o)
                0x0800b604                __exponent
 *fill*         0x0800b66e        0x2 
 .text._printf_float
                0x0800b670      0x480 d:/ac6/systemworkbench/plugins/fr.ac6.mcu.externaltools.arm-none.win32_1.15.0.201708311556/tools/compiler/bin/../lib/gcc/arm-none-eabi/6.3.1/../../../../arm-none-eabi/lib/thumb/v7e-m/fpv4-sp/hard\libc_nano.a(lib_a-nano-vfprintf_float.o)
                0x0800b670                _printf_float
 .text._printf_common
                0x0800baf0       0xec d:/ac6/systemworkbench/plugins/fr.ac6.mcu.externaltools.arm-none.win32_1.15.0.201708311556/tools/compiler/bin/../lib/gcc/arm-none-eabi/6.3.1/../../../../arm-none-eabi/lib/thumb/v7e-m/fpv4-sp/hard\libc_nano.a(lib_a-nano-vfprintf_i.o)
                0x0800baf0                _printf_common
 .text._printf_i
                0x0800bbdc      0x240 d:/ac6/systemworkbench/plugins/fr.ac6.mcu.externaltools.arm-none.win32_1.15.0.201708311556/tools/compiler/bin/../lib/gcc/arm-none-eabi/6.3.1/../../../../arm-none-eabi/lib/thumb/v7e-m/fpv4-sp/hard\libc_nano.a(lib_a-nano-vfprintf_i.o)
                0x0800bbdc                _printf_i
 .text.sprintf  0x0800be1c       0x48 d:/ac6/systemworkbench/plugins/fr.ac6.mcu.externaltools.arm-none.win32_1.15.0.201708311556/tools/compiler/bin/../lib/gcc/arm-none-eabi/6.3.1/../../../../arm-none-eabi/lib/thumb/v7e-m/fpv4-sp/hard\libc_nano.a(lib_a-sprintf.o)
                0x0800be1c                siprintf
                0x0800be1c                sprintf
 .text.quorem   0x0800be64      0x118 d:/ac6/systemworkbench/plugins/fr.ac6.mcu.externaltools.arm-none.win32_1.15.0.201708311556/tools/compiler/bin/../lib/gcc/arm-none-eabi/6.3.1/../../../../arm-none-eabi/lib/thumb/v7e-m/fpv4-sp/hard\libc_nano.a(lib_a-dtoa.o)
 *fill*         0x0800bf7c        0x4 
 .text._dtoa_r  0x0800bf80      0xb9c d:/ac6/systemworkbench/plugins/fr.ac6.mcu.externaltools.arm-none.win32_1.15.0.201708311556/tools/compiler/bin/../lib/gcc/arm-none-eabi/6.3.1/../../../../arm-none-eabi/lib/thumb/v7e-m/fpv4-sp/hard\libc_nano.a(lib_a-dtoa.o)
                0x0800bf80                _dtoa_r
 .text._localeconv_r
                0x0800cb1c       0x1c d:/ac6/systemworkbench/plugins/fr.ac6.mcu.externaltools.arm-none.win32_1.15.0.201708311556/tools/compiler/bin/../lib/gcc/arm-none-eabi/6.3.1/../../../../arm-none-eabi/lib/thumb/v7e-m/fpv4-sp/hard\libc_nano.a(lib_a-localeconv.o)
                0x0800cb1c                _localeconv_r
 .text.malloc   0x0800cb38       0x10 d:/ac6/systemworkbench/plugins/fr.ac6.mcu.externaltools.arm-none.win32_1.15.0.201708311556/tools/compiler/bin/../lib/gcc/arm-none-eabi/6.3.1/../../../../arm-none-eabi/lib/thumb/v7e-m/fpv4-sp/hard\libc_nano.a(lib_a-malloc.o)
                0x0800cb38                malloc
 .text._Balloc  0x0800cb48       0x68 d:/ac6/systemworkbench/plugins/fr.ac6.mcu.externaltools.arm-none.win32_1.15.0.201708311556/tools/compiler/bin/../lib/gcc/arm-none-eabi/6.3.1/../../../../arm-none-eabi/lib/thumb/v7e-m/fpv4-sp/hard\libc_nano.a(lib_a-mprec.o)
                0x0800cb48                _Balloc
 .text._Bfree   0x0800cbb0       0x2e d:/ac6/systemworkbench/plugins/fr.ac6.mcu.externaltools.arm-none.win32_1.15.0.201708311556/tools/compiler/bin/../lib/gcc/arm-none-eabi/6.3.1/../../../../arm-none-eabi/lib/thumb/v7e-m/fpv4-sp/hard\libc_nano.a(lib_a-mprec.o)
                0x0800cbb0                _Bfree
 .text.__multadd
                0x0800cbde       0x76 d:/ac6/systemworkbench/plugins/fr.ac6.mcu.externaltools.arm-none.win32_1.15.0.201708311556/tools/compiler/bin/../lib/gcc/arm-none-eabi/6.3.1/../../../../arm-none-eabi/lib/thumb/v7e-m/fpv4-sp/hard\libc_nano.a(lib_a-mprec.o)
                0x0800cbde                __multadd
 .text.__hi0bits
                0x0800cc54       0x3e d:/ac6/systemworkbench/plugins/fr.ac6.mcu.externaltools.arm-none.win32_1.15.0.201708311556/tools/compiler/bin/../lib/gcc/arm-none-eabi/6.3.1/../../../../arm-none-eabi/lib/thumb/v7e-m/fpv4-sp/hard\libc_nano.a(lib_a-mprec.o)
                0x0800cc54                __hi0bits
 .text.__lo0bits
                0x0800cc92       0x5e d:/ac6/systemworkbench/plugins/fr.ac6.mcu.externaltools.arm-none.win32_1.15.0.201708311556/tools/compiler/bin/../lib/gcc/arm-none-eabi/6.3.1/../../../../arm-none-eabi/lib/thumb/v7e-m/fpv4-sp/hard\libc_nano.a(lib_a-mprec.o)
                0x0800cc92                __lo0bits
 .text.__i2b    0x0800ccf0       0x12 d:/ac6/systemworkbench/plugins/fr.ac6.mcu.externaltools.arm-none.win32_1.15.0.201708311556/tools/compiler/bin/../lib/gcc/arm-none-eabi/6.3.1/../../../../arm-none-eabi/lib/thumb/v7e-m/fpv4-sp/hard\libc_nano.a(lib_a-mprec.o)
                0x0800ccf0                __i2b
 .text.__multiply
                0x0800cd02      0x11a d:/ac6/systemworkbench/plugins/fr.ac6.mcu.externaltools.arm-none.win32_1.15.0.201708311556/tools/compiler/bin/../lib/gcc/arm-none-eabi/6.3.1/../../../../arm-none-eabi/lib/thumb/v7e-m/fpv4-sp/hard\libc_nano.a(lib_a-mprec.o)
                0x0800cd02                __multiply
 .text.__pow5mult
                0x0800ce1c       0x9c d:/ac6/systemworkbench/plugins/fr.ac6.mcu.externaltools.arm-none.win32_1.15.0.201708311556/tools/compiler/bin/../lib/gcc/arm-none-eabi/6.3.1/../../../../arm-none-eabi/lib/thumb/v7e-m/fpv4-sp/hard\libc_nano.a(lib_a-mprec.o)
                0x0800ce1c                __pow5mult
 .text.__lshift
                0x0800ceb8       0xa2 d:/ac6/systemworkbench/plugins/fr.ac6.mcu.externaltools.arm-none.win32_1.15.0.201708311556/tools/compiler/bin/../lib/gcc/arm-none-eabi/6.3.1/../../../../arm-none-eabi/lib/thumb/v7e-m/fpv4-sp/hard\libc_nano.a(lib_a-mprec.o)
                0x0800ceb8                __lshift
 .text.__mcmp   0x0800cf5a       0x34 d:/ac6/systemworkbench/plugins/fr.ac6.mcu.externaltools.arm-none.win32_1.15.0.201708311556/tools/compiler/bin/../lib/gcc/arm-none-eabi/6.3.1/../../../../arm-none-eabi/lib/thumb/v7e-m/fpv4-sp/hard\libc_nano.a(lib_a-mprec.o)
                0x0800cf5a                __mcmp
 .text.__mdiff  0x0800cf8e       0xbc d:/ac6/systemworkbench/plugins/fr.ac6.mcu.externaltools.arm-none.win32_1.15.0.201708311556/tools/compiler/bin/../lib/gcc/arm-none-eabi/6.3.1/../../../../arm-none-eabi/lib/thumb/v7e-m/fpv4-sp/hard\libc_nano.a(lib_a-mprec.o)
                0x0800cf8e                __mdiff
 .text.__d2b    0x0800d04a       0x9e d:/ac6/systemworkbench/plugins/fr.ac6.mcu.externaltools.arm-none.win32_1.15.0.201708311556/tools/compiler/bin/../lib/gcc/arm-none-eabi/6.3.1/../../../../arm-none-eabi/lib/thumb/v7e-m/fpv4-sp/hard\libc_nano.a(lib_a-mprec.o)
                0x0800d04a                __d2b
 .text._calloc_r
                0x0800d0e8       0x1c d:/ac6/systemworkbench/plugins/fr.ac6.mcu.externaltools.arm-none.win32_1.15.0.201708311556/tools/compiler/bin/../lib/gcc/arm-none-eabi/6.3.1/../../../../arm-none-eabi/lib/thumb/v7e-m/fpv4-sp/hard\libc_nano.a(lib_a-nano-callocr.o)
                0x0800d0e8                _calloc_r
 .text._free_r  0x0800d104       0x9c d:/ac6/systemworkbench/plugins/fr.ac6.mcu.externaltools.arm-none.win32_1.15.0.201708311556/tools/compiler/bin/../lib/gcc/arm-none-eabi/6.3.1/../../../../arm-none-eabi/lib/thumb/v7e-m/fpv4-sp/hard\libc_nano.a(lib_a-nano-freer.o)
                0x0800d104                _free_r
 .text._malloc_r
                0x0800d1a0       0xbc d:/ac6/systemworkbench/plugins/fr.ac6.mcu.externaltools.arm-none.win32_1.15.0.201708311556/tools/compiler/bin/../lib/gcc/arm-none-eabi/6.3.1/../../../../arm-none-eabi/lib/thumb/v7e-m/fpv4-sp/hard\libc_nano.a(lib_a-nano-mallocr.o)
                0x0800d1a0                _malloc_r
 .text.__ssputs_r
                0x0800d25c       0xb6 d:/ac6/systemworkbench/plugins/fr.ac6.mcu.externaltools.arm-none.win32_1.15.0.201708311556/tools/compiler/bin/../lib/gcc/arm-none-eabi/6.3.1/../../../../arm-none-eabi/lib/thumb/v7e-m/fpv4-sp/hard\libc_nano.a(lib_a-nano-svfprintf.o)
                0x0800d25c                __ssputs_r
 *fill*         0x0800d312        0x2 
 .text._svfprintf_r
                0x0800d314      0x1e8 d:/ac6/systemworkbench/plugins/fr.ac6.mcu.externaltools.arm-none.win32_1.15.0.201708311556/tools/compiler/bin/../lib/gcc/arm-none-eabi/6.3.1/../../../../arm-none-eabi/lib/thumb/v7e-m/fpv4-sp/hard\libc_nano.a(lib_a-nano-svfprintf.o)
                0x0800d314                _svfiprintf_r
                0x0800d314                _svfprintf_r
 .text._sbrk_r  0x0800d4fc       0x20 d:/ac6/systemworkbench/plugins/fr.ac6.mcu.externaltools.arm-none.win32_1.15.0.201708311556/tools/compiler/bin/../lib/gcc/arm-none-eabi/6.3.1/../../../../arm-none-eabi/lib/thumb/v7e-m/fpv4-sp/hard\libc_nano.a(lib_a-sbrkr.o)
                0x0800d4fc                _sbrk_r
 .text.__ascii_mbtowc
                0x0800d51c       0x24 d:/ac6/systemworkbench/plugins/fr.ac6.mcu.externaltools.arm-none.win32_1.15.0.201708311556/tools/compiler/bin/../lib/gcc/arm-none-eabi/6.3.1/../../../../arm-none-eabi/lib/thumb/v7e-m/fpv4-sp/hard\libc_nano.a(lib_a-mbtowc_r.o)
                0x0800d51c                __ascii_mbtowc
 .text.memmove  0x0800d540       0x34 d:/ac6/systemworkbench/plugins/fr.ac6.mcu.externaltools.arm-none.win32_1.15.0.201708311556/tools/compiler/bin/../lib/gcc/arm-none-eabi/6.3.1/../../../../arm-none-eabi/lib/thumb/v7e-m/fpv4-sp/hard\libc_nano.a(lib_a-memmove.o)
                0x0800d540                memmove
 .text.__malloc_lock
                0x0800d574        0x2 d:/ac6/systemworkbench/plugins/fr.ac6.mcu.externaltools.arm-none.win32_1.15.0.201708311556/tools/compiler/bin/../lib/gcc/arm-none-eabi/6.3.1/../../../../arm-none-eabi/lib/thumb/v7e-m/fpv4-sp/hard\libc_nano.a(lib_a-mlock.o)
                0x0800d574                __malloc_lock
 .text.__malloc_unlock
                0x0800d576        0x2 d:/ac6/systemworkbench/plugins/fr.ac6.mcu.externaltools.arm-none.win32_1.15.0.201708311556/tools/compiler/bin/../lib/gcc/arm-none-eabi/6.3.1/../../../../arm-none-eabi/lib/thumb/v7e-m/fpv4-sp/hard\libc_nano.a(lib_a-mlock.o)
                0x0800d576                __malloc_unlock
 .text._realloc_r
                0x0800d578       0x4c d:/ac6/systemworkbench/plugins/fr.ac6.mcu.externaltools.arm-none.win32_1.15.0.201708311556/tools/compiler/bin/../lib/gcc/arm-none-eabi/6.3.1/../../../../arm-none-eabi/lib/thumb/v7e-m/fpv4-sp/hard\libc_nano.a(lib_a-nano-reallocr.o)
                0x0800d578                _realloc_r
 .text.__ascii_wctomb
                0x0800d5c4       0x1a d:/ac6/systemworkbench/plugins/fr.ac6.mcu.externaltools.arm-none.win32_1.15.0.201708311556/tools/compiler/bin/../lib/gcc/arm-none-eabi/6.3.1/../../../../arm-none-eabi/lib/thumb/v7e-m/fpv4-sp/hard\libc_nano.a(lib_a-wctomb_r.o)
                0x0800d5c4                __ascii_wctomb
 .text._malloc_usable_size_r
                0x0800d5de       0x12 d:/ac6/systemworkbench/plugins/fr.ac6.mcu.externaltools.arm-none.win32_1.15.0.201708311556/tools/compiler/bin/../lib/gcc/arm-none-eabi/6.3.1/../../../../arm-none-eabi/lib/thumb/v7e-m/fpv4-sp/hard\libc_nano.a(lib_a-nano-msizer.o)
                0x0800d5de                _malloc_usable_size_r
 .text._sbrk    0x0800d5f0       0x1c d:/ac6/systemworkbench/plugins/fr.ac6.mcu.externaltools.arm-none.win32_1.15.0.201708311556/tools/compiler/bin/../lib/gcc/arm-none-eabi/6.3.1/../../../../arm-none-eabi/lib/thumb/v7e-m/fpv4-sp/hard\libnosys.a(sbrk.o)
                0x0800d5f0                _sbrk
 *(.glue_7)
 .glue_7        0x0800d60c        0x0 linker stubs
 *(.glue_7t)
 .glue_7t       0x0800d60c        0x0 linker stubs
 *(.eh_frame)
 .eh_frame      0x0800d60c        0x0 d:/ac6/systemworkbench/plugins/fr.ac6.mcu.externaltools.arm-none.win32_1.15.0.201708311556/tools/compiler/bin/../lib/gcc/arm-none-eabi/6.3.1/thumb/v7e-m/fpv4-sp/hard/crtbegin.o
 *(.init)
 .init          0x0800d60c        0x4 d:/ac6/systemworkbench/plugins/fr.ac6.mcu.externaltools.arm-none.win32_1.15.0.201708311556/tools/compiler/bin/../lib/gcc/arm-none-eabi/6.3.1/thumb/v7e-m/fpv4-sp/hard/crti.o
                0x0800d60c                _init
 .init          0x0800d610        0x8 d:/ac6/systemworkbench/plugins/fr.ac6.mcu.externaltools.arm-none.win32_1.15.0.201708311556/tools/compiler/bin/../lib/gcc/arm-none-eabi/6.3.1/thumb/v7e-m/fpv4-sp/hard/crtn.o
 *(.fini)
 .fini          0x0800d618        0x4 d:/ac6/systemworkbench/plugins/fr.ac6.mcu.externaltools.arm-none.win32_1.15.0.201708311556/tools/compiler/bin/../lib/gcc/arm-none-eabi/6.3.1/thumb/v7e-m/fpv4-sp/hard/crti.o
                0x0800d618                _fini
 .fini          0x0800d61c        0x8 d:/ac6/systemworkbench/plugins/fr.ac6.mcu.externaltools.arm-none.win32_1.15.0.201708311556/tools/compiler/bin/../lib/gcc/arm-none-eabi/6.3.1/thumb/v7e-m/fpv4-sp/hard/crtn.o
                0x0800d624                . = ALIGN (0x4)
                0x0800d624                _etext = .

.vfp11_veneer   0x0800d624        0x0
 .vfp11_veneer  0x0800d624        0x0 linker stubs

.v4_bx          0x0800d624        0x0
 .v4_bx         0x0800d624        0x0 linker stubs

.iplt           0x0800d624        0x0
 .iplt          0x0800d624        0x0 d:/ac6/systemworkbench/plugins/fr.ac6.mcu.externaltools.arm-none.win32_1.15.0.201708311556/tools/compiler/bin/../lib/gcc/arm-none-eabi/6.3.1/thumb/v7e-m/fpv4-sp/hard/crtbegin.o

.rodata         0x0800d628      0x888
                0x0800d628                . = ALIGN (0x4)
 *(.rodata)
 .rodata        0x0800d628        0x8 Drivers/STM32F4xx_HAL_Driver/Src/stm32f4xx_hal_dma.o
 .rodata        0x0800d630       0xe8 Src/freertos.o
 .rodata        0x0800d718       0x18 Src/system_stm32f4xx.o
                0x0800d718                AHBPrescTable
                0x0800d728                APBPrescTable
 *(.rodata*)
 .rodata.str1.4
                0x0800d730        0x0 Middlewares/Third_Party/FreeRTOS/Source/CMSIS_RTOS/cmsis_os.o
                                  0x1 (size before relaxing)
 .rodata.str1.4
                0x0800d730       0x30 Middlewares/Third_Party/FreeRTOS/Source/tasks.o
 .rodata.str1.4
                0x0800d760       0x10 Middlewares/Third_Party/FreeRTOS/Source/timers.o
 .rodata.str1.4
                0x0800d770        0xd Src/adc.o
 *fill*         0x0800d77d        0x3 
 .rodata.str1.4
                0x0800d780       0x40 Src/freertos.o
 .rodata.str1.4
                0x0800d7c0        0xd Src/i2c.o
 *fill*         0x0800d7cd        0x3 
 .rodata.str1.4
                0x0800d7d0       0x6a Src/main.o
 *fill*         0x0800d83a        0x2 
 .rodata.str1.4
                0x0800d83c        0xd Src/rtc.o
 *fill*         0x0800d849        0x3 
 .rodata.str1.4
                0x0800d84c        0xd Src/spi.o
 *fill*         0x0800d859        0x3 
 .rodata.str1.4
                0x0800d85c        0xd Src/tim.o
 *fill*         0x0800d869        0x3 
 .rodata.str1.4
                0x0800d86c        0xf Src/usart.o
 *fill*         0x0800d87b        0x1 
 .rodata.sqrt.str1.4
                0x0800d87c        0x8 d:/ac6/systemworkbench/plugins/fr.ac6.mcu.externaltools.arm-none.win32_1.15.0.201708311556/tools/compiler/bin/../lib/gcc/arm-none-eabi/6.3.1/../../../../arm-none-eabi/lib/thumb/v7e-m/fpv4-sp/hard\libm.a(lib_a-w_sqrt.o)
                                  0x5 (size before relaxing)
 .rodata.npio2_hw
                0x0800d884       0x80 d:/ac6/systemworkbench/plugins/fr.ac6.mcu.externaltools.arm-none.win32_1.15.0.201708311556/tools/compiler/bin/../lib/gcc/arm-none-eabi/6.3.1/../../../../arm-none-eabi/lib/thumb/v7e-m/fpv4-sp/hard\libm.a(lib_a-ef_rem_pio2.o)
 .rodata.two_over_pi
                0x0800d904      0x318 d:/ac6/systemworkbench/plugins/fr.ac6.mcu.externaltools.arm-none.win32_1.15.0.201708311556/tools/compiler/bin/../lib/gcc/arm-none-eabi/6.3.1/../../../../arm-none-eabi/lib/thumb/v7e-m/fpv4-sp/hard\libm.a(lib_a-ef_rem_pio2.o)
 .rodata.PIo2   0x0800dc1c       0x2c d:/ac6/systemworkbench/plugins/fr.ac6.mcu.externaltools.arm-none.win32_1.15.0.201708311556/tools/compiler/bin/../lib/gcc/arm-none-eabi/6.3.1/../../../../arm-none-eabi/lib/thumb/v7e-m/fpv4-sp/hard\libm.a(lib_a-kf_rem_pio2.o)
 .rodata.init_jk
                0x0800dc48        0xc d:/ac6/systemworkbench/plugins/fr.ac6.mcu.externaltools.arm-none.win32_1.15.0.201708311556/tools/compiler/bin/../lib/gcc/arm-none-eabi/6.3.1/../../../../arm-none-eabi/lib/thumb/v7e-m/fpv4-sp/hard\libm.a(lib_a-kf_rem_pio2.o)
 .rodata._printf_float.str1.1
                0x0800dc54       0x12 d:/ac6/systemworkbench/plugins/fr.ac6.mcu.externaltools.arm-none.win32_1.15.0.201708311556/tools/compiler/bin/../lib/gcc/arm-none-eabi/6.3.1/../../../../arm-none-eabi/lib/thumb/v7e-m/fpv4-sp/hard\libc_nano.a(lib_a-nano-vfprintf_float.o)
 .rodata._printf_i.str1.1
                0x0800dc66       0x22 d:/ac6/systemworkbench/plugins/fr.ac6.mcu.externaltools.arm-none.win32_1.15.0.201708311556/tools/compiler/bin/../lib/gcc/arm-none-eabi/6.3.1/../../../../arm-none-eabi/lib/thumb/v7e-m/fpv4-sp/hard\libc_nano.a(lib_a-nano-vfprintf_i.o)
 .rodata._dtoa_r.str1.1
                0x0800dc88        0xd d:/ac6/systemworkbench/plugins/fr.ac6.mcu.externaltools.arm-none.win32_1.15.0.201708311556/tools/compiler/bin/../lib/gcc/arm-none-eabi/6.3.1/../../../../arm-none-eabi/lib/thumb/v7e-m/fpv4-sp/hard\libc_nano.a(lib_a-dtoa.o)
                                  0xf (size before relaxing)
 *fill*         0x0800dc95        0x3 
 .rodata.__mprec_bigtens
                0x0800dc98       0x28 d:/ac6/systemworkbench/plugins/fr.ac6.mcu.externaltools.arm-none.win32_1.15.0.201708311556/tools/compiler/bin/../lib/gcc/arm-none-eabi/6.3.1/../../../../arm-none-eabi/lib/thumb/v7e-m/fpv4-sp/hard\libc_nano.a(lib_a-mprec.o)
                0x0800dc98                __mprec_bigtens
 .rodata.__mprec_tens
                0x0800dcc0       0xc8 d:/ac6/systemworkbench/plugins/fr.ac6.mcu.externaltools.arm-none.win32_1.15.0.201708311556/tools/compiler/bin/../lib/gcc/arm-none-eabi/6.3.1/../../../../arm-none-eabi/lib/thumb/v7e-m/fpv4-sp/hard\libc_nano.a(lib_a-mprec.o)
                0x0800dcc0                __mprec_tens
 .rodata.p05.7170
                0x0800dd88        0xc d:/ac6/systemworkbench/plugins/fr.ac6.mcu.externaltools.arm-none.win32_1.15.0.201708311556/tools/compiler/bin/../lib/gcc/arm-none-eabi/6.3.1/../../../../arm-none-eabi/lib/thumb/v7e-m/fpv4-sp/hard\libc_nano.a(lib_a-mprec.o)
 .rodata._svfprintf_r.str1.1
                0x0800dd94       0x11 d:/ac6/systemworkbench/plugins/fr.ac6.mcu.externaltools.arm-none.win32_1.15.0.201708311556/tools/compiler/bin/../lib/gcc/arm-none-eabi/6.3.1/../../../../arm-none-eabi/lib/thumb/v7e-m/fpv4-sp/hard\libc_nano.a(lib_a-nano-svfprintf.o)
 .rodata._setlocale_r.str1.1
                0x0800dda5        0x8 d:/ac6/systemworkbench/plugins/fr.ac6.mcu.externaltools.arm-none.win32_1.15.0.201708311556/tools/compiler/bin/../lib/gcc/arm-none-eabi/6.3.1/../../../../arm-none-eabi/lib/thumb/v7e-m/fpv4-sp/hard\libc_nano.a(lib_a-locale.o)
                                  0x9 (size before relaxing)
 .rodata.str1.1
                0x0800ddad        0x2 d:/ac6/systemworkbench/plugins/fr.ac6.mcu.externaltools.arm-none.win32_1.15.0.201708311556/tools/compiler/bin/../lib/gcc/arm-none-eabi/6.3.1/../../../../arm-none-eabi/lib/thumb/v7e-m/fpv4-sp/hard\libc_nano.a(lib_a-locale.o)
 .rodata._ctype_
                0x0800ddaf      0x101 d:/ac6/systemworkbench/plugins/fr.ac6.mcu.externaltools.arm-none.win32_1.15.0.201708311556/tools/compiler/bin/../lib/gcc/arm-none-eabi/6.3.1/../../../../arm-none-eabi/lib/thumb/v7e-m/fpv4-sp/hard\libc_nano.a(lib_a-ctype_.o)
                0x0800ddaf                _ctype_
                0x0800deb0                . = ALIGN (0x4)

.ARM.extab
 *(.ARM.extab* .gnu.linkonce.armextab.*)

.ARM            0x0800deb0        0x8
                0x0800deb0                __exidx_start = .
 *(.ARM.exidx*)
 .ARM.exidx     0x0800deb0        0x8 d:/ac6/systemworkbench/plugins/fr.ac6.mcu.externaltools.arm-none.win32_1.15.0.201708311556/tools/compiler/bin/../lib/gcc/arm-none-eabi/6.3.1/thumb/v7e-m/fpv4-sp/hard\libgcc.a(_udivmoddi4.o)
                0x0800deb8                __exidx_end = .

.rel.dyn        0x0800deb8        0x0
 .rel.iplt      0x0800deb8        0x0 d:/ac6/systemworkbench/plugins/fr.ac6.mcu.externaltools.arm-none.win32_1.15.0.201708311556/tools/compiler/bin/../lib/gcc/arm-none-eabi/6.3.1/thumb/v7e-m/fpv4-sp/hard/crtbegin.o

.preinit_array  0x0800deb8        0x0
                0x0800deb8                PROVIDE (__preinit_array_start, .)
 *(.preinit_array*)
                0x0800deb8                PROVIDE (__preinit_array_end, .)

.init_array     0x0800deb8        0x4
                0x0800deb8                PROVIDE (__init_array_start, .)
 *(SORT(.init_array.*))
 *(.init_array*)
 .init_array    0x0800deb8        0x4 d:/ac6/systemworkbench/plugins/fr.ac6.mcu.externaltools.arm-none.win32_1.15.0.201708311556/tools/compiler/bin/../lib/gcc/arm-none-eabi/6.3.1/thumb/v7e-m/fpv4-sp/hard/crtbegin.o
                0x0800debc                PROVIDE (__init_array_end, .)

.fini_array     0x0800debc        0x4
                [!provide]                PROVIDE (__fini_array_start, .)
 *(SORT(.fini_array.*))
 *(.fini_array*)
 .fini_array    0x0800debc        0x4 d:/ac6/systemworkbench/plugins/fr.ac6.mcu.externaltools.arm-none.win32_1.15.0.201708311556/tools/compiler/bin/../lib/gcc/arm-none-eabi/6.3.1/thumb/v7e-m/fpv4-sp/hard/crtbegin.o
                [!provide]                PROVIDE (__fini_array_end, .)
                0x0800dec0                _sidata = LOADADDR (.data)

.data           0x20000000      0x20c load address 0x0800dec0
                0x20000000                . = ALIGN (0x4)
                0x20000000                _sdata = .
 *(.data)
 .data          0x20000000       0x28 Drivers/MPU9250/MPU9250.o
 .data          0x20000028        0x8 Drivers/STM32F4xx_HAL_Driver/Src/stm32f4xx_hal.o
                0x20000028                uwTickFreq
                0x2000002c                uwTickPrio
 .data          0x20000030        0x4 Middlewares/Third_Party/FreeRTOS/Source/portable/GCC/ARM_CM4F/port.o
 .data          0x20000034        0x4 Src/system_stm32f4xx.o
                0x20000034                SystemCoreClock
 *(.data*)
 .data.__fdlib_version
                0x20000038        0x1 d:/ac6/systemworkbench/plugins/fr.ac6.mcu.externaltools.arm-none.win32_1.15.0.201708311556/tools/compiler/bin/../lib/gcc/arm-none-eabi/6.3.1/../../../../arm-none-eabi/lib/thumb/v7e-m/fpv4-sp/hard\libm.a(lib_a-s_lib_ver.o)
                0x20000038                __fdlib_version
 *fill*         0x20000039        0x3 
 .data._impure_ptr
                0x2000003c        0x4 d:/ac6/systemworkbench/plugins/fr.ac6.mcu.externaltools.arm-none.win32_1.15.0.201708311556/tools/compiler/bin/../lib/gcc/arm-none-eabi/6.3.1/../../../../arm-none-eabi/lib/thumb/v7e-m/fpv4-sp/hard\libc_nano.a(lib_a-impure.o)
                0x2000003c                _impure_ptr
 .data.impure_data
                0x20000040       0x60 d:/ac6/systemworkbench/plugins/fr.ac6.mcu.externaltools.arm-none.win32_1.15.0.201708311556/tools/compiler/bin/../lib/gcc/arm-none-eabi/6.3.1/../../../../arm-none-eabi/lib/thumb/v7e-m/fpv4-sp/hard\libc_nano.a(lib_a-impure.o)
 .data.__global_locale
                0x200000a0      0x16c d:/ac6/systemworkbench/plugins/fr.ac6.mcu.externaltools.arm-none.win32_1.15.0.201708311556/tools/compiler/bin/../lib/gcc/arm-none-eabi/6.3.1/../../../../arm-none-eabi/lib/thumb/v7e-m/fpv4-sp/hard\libc_nano.a(lib_a-locale.o)
                0x200000a0                __global_locale
                0x2000020c                . = ALIGN (0x4)
                0x2000020c                _edata = .

.jcr            0x2000020c        0x0 load address 0x0800e0cc
 .jcr           0x2000020c        0x0 d:/ac6/systemworkbench/plugins/fr.ac6.mcu.externaltools.arm-none.win32_1.15.0.201708311556/tools/compiler/bin/../lib/gcc/arm-none-eabi/6.3.1/thumb/v7e-m/fpv4-sp/hard/crtbegin.o

.igot.plt       0x2000020c        0x0 load address 0x0800e0cc
 .igot.plt      0x2000020c        0x0 d:/ac6/systemworkbench/plugins/fr.ac6.mcu.externaltools.arm-none.win32_1.15.0.201708311556/tools/compiler/bin/../lib/gcc/arm-none-eabi/6.3.1/thumb/v7e-m/fpv4-sp/hard/crtbegin.o
                0x2000020c                . = ALIGN (0x4)

.bss            0x2000020c     0x5880 load address 0x0800e0cc
                0x2000020c                _sbss = .
                0x2000020c                __bss_start__ = _sbss
 *(.bss)
 .bss           0x2000020c       0x1c d:/ac6/systemworkbench/plugins/fr.ac6.mcu.externaltools.arm-none.win32_1.15.0.201708311556/tools/compiler/bin/../lib/gcc/arm-none-eabi/6.3.1/thumb/v7e-m/fpv4-sp/hard/crtbegin.o
 .bss           0x20000228      0x12c Middlewares/Third_Party/FreeRTOS/Source/tasks.o
                0x20000328                pxCurrentTCB
 .bss           0x20000354      0x108 Middlewares/Third_Party/FreeRTOS/Source/timers.o
 .bss           0x2000045c        0x8 Middlewares/Third_Party/FreeRTOS/Source/portable/GCC/ARM_CM4F/port.o
 .bss           0x20000464     0x1018 Middlewares/Third_Party/FreeRTOS/Source/portable/MemMang/heap_4.o
 .bss           0x2000147c      0xcc0 Src/freertos.o
 *(.bss*)
 .bss.__malloc_free_list
                0x2000213c        0x4 d:/ac6/systemworkbench/plugins/fr.ac6.mcu.externaltools.arm-none.win32_1.15.0.201708311556/tools/compiler/bin/../lib/gcc/arm-none-eabi/6.3.1/../../../../arm-none-eabi/lib/thumb/v7e-m/fpv4-sp/hard\libc_nano.a(lib_a-nano-mallocr.o)
                0x2000213c                __malloc_free_list
 .bss.__malloc_sbrk_start